Component: ARM Compiler 5.06 update 7 (build 960) Tool: armlink [4d3601]

==============================================================================

Section Cross References

    startup_stm32f407xx.o(STACK) refers (Special) to heapauxi.o(.text) for __use_two_region_memory
    startup_stm32f407xx.o(HEAP) refers (Special) to heapauxi.o(.text) for __use_two_region_memory
    startup_stm32f407xx.o(RESET) refers (Special) to heapauxi.o(.text) for __use_two_region_memory
    startup_stm32f407xx.o(RESET) refers to startup_stm32f407xx.o(STACK) for __initial_sp
    startup_stm32f407xx.o(RESET) refers to startup_stm32f407xx.o(.text) for Reset_Handler
    startup_stm32f407xx.o(RESET) refers to stm32f4xx_it.o(i.NMI_Handler) for NMI_Handler
    startup_stm32f407xx.o(RESET) refers to stm32f4xx_it.o(i.HardFault_Handler) for HardFault_Handler
    startup_stm32f407xx.o(RESET) refers to stm32f4xx_it.o(i.MemManage_Handler) for MemManage_Handler
    startup_stm32f407xx.o(RESET) refers to stm32f4xx_it.o(i.BusFault_Handler) for BusFault_Handler
    startup_stm32f407xx.o(RESET) refers to stm32f4xx_it.o(i.UsageFault_Handler) for UsageFault_Handler
    startup_stm32f407xx.o(RESET) refers to port.o(.emb_text) for SVC_Handler
    startup_stm32f407xx.o(RESET) refers to stm32f4xx_it.o(i.DebugMon_Handler) for DebugMon_Handler
    startup_stm32f407xx.o(RESET) refers to cmsis_os2.o(i.SysTick_Handler) for SysTick_Handler
    startup_stm32f407xx.o(RESET) refers to stm32f4xx_it.o(i.ADC_IRQHandler) for ADC_IRQHandler
    startup_stm32f407xx.o(RESET) refers to stm32f4xx_it.o(i.TIM2_IRQHandler) for TIM2_IRQHandler
    startup_stm32f407xx.o(RESET) refers to stm32f4xx_it.o(i.TIM8_BRK_TIM12_IRQHandler) for TIM8_BRK_TIM12_IRQHandler
    startup_stm32f407xx.o(RESET) refers to stm32f4xx_it.o(i.TIM8_UP_TIM13_IRQHandler) for TIM8_UP_TIM13_IRQHandler
    startup_stm32f407xx.o(RESET) refers to stm32f4xx_it.o(i.DMA2_Stream0_IRQHandler) for DMA2_Stream0_IRQHandler
    startup_stm32f407xx.o(RESET) refers to stm32f4xx_it.o(i.DMA2_Stream1_IRQHandler) for DMA2_Stream1_IRQHandler
    startup_stm32f407xx.o(.text) refers (Special) to heapauxi.o(.text) for __use_two_region_memory
    startup_stm32f407xx.o(.text) refers to system_stm32f4xx.o(i.SystemInit) for SystemInit
    startup_stm32f407xx.o(.text) refers to __main.o(!!!main) for __main
    startup_stm32f407xx.o(.text) refers to startup_stm32f407xx.o(HEAP) for Heap_Mem
    startup_stm32f407xx.o(.text) refers to startup_stm32f407xx.o(STACK) for Stack_Mem
    main.o(i.HAL_TIM_PeriodElapsedCallback) refers to stm32f4xx_hal.o(i.HAL_IncTick) for HAL_IncTick
    main.o(i.SystemClock_Config) refers to rt_memclr_w.o(.text) for __aeabi_memclr4
    main.o(i.SystemClock_Config) refers to stm32f4xx_hal_rcc.o(i.HAL_RCC_OscConfig) for HAL_RCC_OscConfig
    main.o(i.SystemClock_Config) refers to main.o(i.Error_Handler) for Error_Handler
    main.o(i.SystemClock_Config) refers to stm32f4xx_hal_rcc.o(i.HAL_RCC_ClockConfig) for HAL_RCC_ClockConfig
    main.o(i.main) refers to stm32f4xx_hal.o(i.HAL_Init) for HAL_Init
    main.o(i.main) refers to main.o(i.SystemClock_Config) for SystemClock_Config
    main.o(i.main) refers to gpio.o(i.MX_GPIO_Init) for MX_GPIO_Init
    main.o(i.main) refers to dma.o(i.MX_DMA_Init) for MX_DMA_Init
    main.o(i.main) refers to adc.o(i.MX_ADC3_Init) for MX_ADC3_Init
    main.o(i.main) refers to tim.o(i.MX_TIM2_Init) for MX_TIM2_Init
    main.o(i.main) refers to tim.o(i.MX_TIM8_Init) for MX_TIM8_Init
    main.o(i.main) refers to adc.o(i.MX_ADC1_Init) for MX_ADC1_Init
    main.o(i.main) refers to tim.o(i.MX_TIM3_Init) for MX_TIM3_Init
    main.o(i.main) refers to usart.o(i.MX_USART1_UART_Init) for MX_USART1_UART_Init
    main.o(i.main) refers to stm32f4xx_hal_tim.o(i.HAL_TIM_IC_Start_IT) for HAL_TIM_IC_Start_IT
    main.o(i.main) refers to dflt_clz.o(x$fpl$dfltu) for __aeabi_ui2d
    main.o(i.main) refers to dmul.o(x$fpl$dmul) for __aeabi_dmul
    main.o(i.main) refers to dfixu.o(x$fpl$dfixu) for __aeabi_d2uiz
    main.o(i.main) refers to stm32f4xx_hal_tim.o(i.HAL_TIM_Base_Start) for HAL_TIM_Base_Start
    main.o(i.main) refers to stm32_2.8_lcd.o(i.STM32_LCD_Init) for STM32_LCD_Init
    main.o(i.main) refers to stm32_2.8_lcd.o(i.LCD_Clear) for LCD_Clear
    main.o(i.main) refers to stm32_2.8_lcd.o(i.LCD_SetBackColor) for LCD_SetBackColor
    main.o(i.main) refers to stm32_2.8_lcd.o(i.LCD_SetTextColor) for LCD_SetTextColor
    main.o(i.main) refers to pid.o(i.PID_Init) for PID_Init
    main.o(i.main) refers to cmsis_os2.o(i.osKernelInitialize) for osKernelInitialize
    main.o(i.main) refers to freertos.o(i.MX_FREERTOS_Init) for MX_FREERTOS_Init
    main.o(i.main) refers to cmsis_os2.o(i.osKernelStart) for osKernelStart
    main.o(i.main) refers to tim.o(.bss) for htim8
    main.o(i.main) refers to freertos.o(.bss) for bldc
    gpio.o(i.MX_GPIO_Init) refers to rt_memclr_w.o(.text) for __aeabi_memclr4
[...]
    .bss                                     0x20000420   Section       64  queue.o(.bss)
    .bss                                     0x20000460   Section     1220  tasks.o(.bss)
    pxReadyTasksLists                        0x20000460   Data        1120  tasks.o(.bss)
    xDelayedTaskList1                        0x200008c0   Data          20  tasks.o(.bss)
    xDelayedTaskList2                        0x200008d4   Data          20  tasks.o(.bss)
    xPendingReadyList                        0x200008e8   Data          20  tasks.o(.bss)
    xTasksWaitingTermination                 0x200008fc   Data          20  tasks.o(.bss)
    xSuspendedTaskList                       0x20000910   Data          20  tasks.o(.bss)
    .bss                                     0x20000924   Section      280  timers.o(.bss)
    xActiveTimerList1                        0x20000924   Data          20  timers.o(.bss)
    xActiveTimerList2                        0x20000938   Data          20  timers.o(.bss)
    xStaticTimerQueue                        0x2000094c   Data          80  timers.o(.bss)
    ucStaticTimerQueueStorage                0x2000099c   Data         160  timers.o(.bss)
    .bss                                     0x20000a3c   Section     1720  cmsis_os2.o(.bss)
    Idle_TCB                                 0x20000a3c   Data          92  cmsis_os2.o(.bss)
    Idle_Stack                               0x20000a98   Data         512  cmsis_os2.o(.bss)
    Timer_TCB                                0x20000c98   Data          92  cmsis_os2.o(.bss)
    Timer_Stack                              0x20000cf4   Data        1024  cmsis_os2.o(.bss)
    .bss                                     0x200010f4   Section    15360  heap_4.o(.bss)
    ucHeap                                   0x200010f4   Data       15360  heap_4.o(.bss)
    .bss                                     0x20004cf4   Section       96  libspace.o(.bss)
    HEAP                                     0x20004d58   Section      512  startup_stm32f407xx.o(HEAP)
    Heap_Mem                                 0x20004d58   Data         512  startup_stm32f407xx.o(HEAP)
    STACK                                    0x20004f58   Section     1024  startup_stm32f407xx.o(STACK)
    Stack_Mem                                0x20004f58   Data        1024  startup_stm32f407xx.o(STACK)
    __initial_sp                             0x20005358   Data           0  startup_stm32f407xx.o(STACK)

    Global Symbols

    Symbol Name                              Value     Ov Type        Size  Object(Section)

    BuildAttributes$$THM_ISAv4$E$P$D$K$B$S$7EM$VFPi3$EXTD16$VFPS$VFMA$PE$A:L22UL41UL21$X:L11$S22US41US21$IEEE1$IW$USESV6$~STKCKD$USESV7$~SHL$OSPACE$ROPI$EBA8$UX$STANDARDLIB$REQ8$PRES8$EABIv2 0x00000000   Number         0  anon$$obj.o ABSOLUTE
    __ARM_use_no_argv                        0x00000000   Number         0  main.o ABSOLUTE
    __ARM_exceptions_init                     - Undefined Weak Reference
    __alloca_initialize                       - Undefined Weak Reference
    __arm_fini_                               - Undefined Weak Reference
    __arm_preinit_                            - Undefined Weak Reference
    __cpp_initialize__aeabi_                  - Undefined Weak Reference
    __cxa_finalize                            - Undefined Weak Reference
    __rt_locale                               - Undefined Weak Reference
    __sigvec_lookup                           - Undefined Weak Reference
    _atexit_init                              - Undefined Weak Reference
    _call_atexit_fns                          - Undefined Weak Reference
    _clock_init                               - Undefined Weak Reference
    _fp_trap_init                             - Undefined Weak Reference
    _fp_trap_shutdown                         - Undefined Weak Reference
    _get_lc_collate                           - Undefined Weak Reference
    _get_lc_ctype                             - Undefined Weak Reference
    _get_lc_monetary                          - Undefined Weak Reference
    _get_lc_numeric                           - Undefined Weak Reference
    _get_lc_time                              - Undefined Weak Reference
    _getenv_init                              - Undefined Weak Reference
    _handle_redirection                       - Undefined Weak Reference
    _init_alloc                               - Undefined Weak Reference
    _init_user_alloc                          - Undefined Weak Reference
    _initio                                   - Undefined Weak Reference
    _rand_init                                - Undefined Weak Reference
    _signal_finish                            - Undefined Weak Reference
    _signal_init                              - Undefined Weak Reference
    _terminate_alloc                          - Undefined Weak Reference
    _terminate_user_alloc                     - Undefined Weak Reference
    _terminateio                              - Undefined Weak Reference
    __Vectors_Size                           0x00000188   Number         0  startup_stm32f407xx.o ABSOLUTE
    __Vectors                                0x08000000   Data           4  startup_stm32f407xx.o(RESET)
    __Vectors_End                            0x08000188   Data           0  startup_stm32f407xx.o(RESET)
    __main                                   0x08000189   Thumb Code     8  __main.o(!!!main)
    __scatterload                            0x08000191   Thumb Code     0  __scatter.o(!!!scatter)
    __scatterload_rt2                        0x08000191   Thumb Code    44  __scatter.o(!!!scatter)
    __scatterload_rt2_thumb_only             0x08000191   Thumb Code     0  __scatter.o(!!!scatter)
    __scatterload_null                       0x0800019f   Thumb Code     0  __scatter.o(!!!scatter)
    __scatterload_copy                       0x080001c5   Thumb Code    26  __scatter_copy.o(!!handler_copy)
    __scatterload_zeroinit                   0x080001e1   Thumb Code    28  __scatter_zi.o(!!handler_zi)
    __rt_lib_init                            0x080001fd   Thumb Code     0  libinit.o(.ARM.Collect$$libinit$$00000000)
    __rt_lib_init_fp_1                       0x080001ff   Thumb Code     0  libinit2.o(.ARM.Collect$$libinit$$00000001)
    __rt_lib_init_alloca_1                   0x08000203   Thumb Code     0  libinit2.o(.ARM.Collect$$libinit$$0000002E)
    __rt_lib_init_argv_1                     0x08000203   Thumb Code     0  libinit2.o(.ARM.Collect$$libinit$$0000002C)
    __rt_lib_init_atexit_1                   0x08000203   Thumb Code     0  libinit2.o(.ARM.Collect$$libinit$$0000001B)
    __rt_lib_init_clock_1                    0x08000203   Thumb Code     0  libinit2.o(.ARM.Collect$$libinit$$00000021)
    __rt_lib_init_cpp_1                      0x08000203   Thumb Code     0  libinit2.o(.ARM.Collect$$libinit$$00000032)
    __rt_lib_init_exceptions_1               0x08000203   Thumb Code     0  libinit2.o(.ARM.Collect$$libinit$$00000030)
    __rt_lib_init_fp_trap_1                  0x08000203   Thumb Code     0  libinit2.o(.ARM.Collect$$libinit$$0000001F)
    __rt_lib_init_getenv_1                   0x08000203   Thumb Code     0  libinit2.o(.ARM.Collect$$libinit$$00000023)
    __rt_lib_init_heap_1                     0x08000203   Thumb Code     0  libinit2.o(.ARM.Collect$$libinit$$0000000A)
    __rt_lib_init_lc_collate_1               0x08000203   Thumb Code     0  libinit2.o(.ARM.Collect$$libinit$$00000011)
    __rt_lib_init_lc_ctype_1                 0x08000203   Thumb Code     0  libinit2.o(.ARM.Collect$$libinit$$00000013)
    __rt_lib_init_lc_monetary_1              0x08000203   Thumb Code     0  libinit2.o(.ARM.Collect$$libinit$$00000015)
    __rt_lib_init_lc_numeric_1               0x08000203   Thumb Code     0  libinit2.o(.ARM.Collect$$libinit$$00000017)
    __rt_lib_init_lc_time_1                  0x08000203   Thumb Code     0  libinit2.o(.ARM.Collect$$libinit$$00000019)
    __rt_lib_init_preinit_1                  0x08000203   Thumb Code     0  libinit2.o(.ARM.Collect$$libinit$$00000004)
    __rt_lib_init_rand_1                     0x08000203   Thumb Code     0  libinit2.o(.ARM.Collect$$libinit$$0000000E)
    __rt_lib_init_return                     0x08000203   Thumb Code     0  libinit2.o(.ARM.Collect$$libinit$$00000033)
    __rt_lib_init_signal_1                   0x08000203   Thumb Code     0  libinit2.o(.ARM.Collect$$libinit$$0000001D)
    __rt_lib_init_stdio_1                    0x08000203   Thumb Code     0  libinit2.o(.ARM.Collect$$libinit$$00000025)
    __rt_lib_init_user_alloc_1               0x08000203   Thumb Code     0  libinit2.o(.ARM.Collect$$libinit$$0000000C)
    __rt_lib_shutdown                        0x08000205   Thumb Code     0  libshutdown.o(.ARM.Collect$$libshutdown$$00000000)
    __rt_lib_shutdown_cpp_1                  0x08000207   Thumb Code     0  libshutdown2.o(.ARM.Collect$$libshutdown$$00000004)
    __rt_lib_shutdown_fini_1                 0x08000207   Thumb Code     0  libshutdown2.o(.ARM.Collect$$libshutdown$$00000002)
    __rt_lib_shutdown_fp_trap_1              0x08000207   Thumb Code     0  libshutdown2.o(.ARM.Collect$$libshutdown$$00000009)
    __rt_lib_shutdown_heap_1                 0x08000207   Thumb Code     0  libshutdown2.o(.ARM.Collect$$libshutdown$$00000011)
    __rt_lib_shutdown_return                 0x08000207   Thumb Code     0  libshutdown2.o(.ARM.Collect$$libshutdown$$00000012)
    __rt_lib_shutdown_signal_1               0x08000207   Thumb Code     0  libshutdown2.o(.ARM.Collect$$libshutdown$$0000000C)
    __rt_lib_shutdown_stdio_1                0x08000207   Thumb Code     0  libshutdown2.o(.ARM.Collect$$libshutdown$$00000006)
    __rt_lib_shutdown_user_alloc_1           0x08000207   Thumb Code     0  libshutdown2.o(.ARM.Collect$$libshutdown$$0000000E)
    __rt_entry                               0x08000209   Thumb Code     0  __rtentry.o(.ARM.Collect$$rtentry$$00000000)
    __rt_entry_presh_1                       0x08000209   Thumb Code     0  __rtentry2.o(.ARM.Collect$$rtentry$$00000002)
    __rt_entry_sh                            0x08000209   Thumb Code     0  __rtentry4.o(.ARM.Collect$$rtentry$$00000004)
    __rt_entry_li                            0x0800020f   Thumb Code     0  __rtentry2.o(.ARM.Collect$$rtentry$$0000000A)
    __rt_entry_postsh_1                      0x0800020f   Thumb Code     0  __rtentry2.o(.ARM.Collect$$rtentry$$00000009)
    __rt_entry_main                          0x08000213   Thumb Code     0  __rtentry2.o(.ARM.Collect$$rtentry$$0000000D)
    __rt_entry_postli_1                      0x08000213   Thumb Code     0  __rtentry2.o(.ARM.Collect$$rtentry$$0000000C)
    __rt_exit                                0x0800021b   Thumb Code     0  rtexit.o(.ARM.Collect$$rtexit$$00000000)
    __rt_exit_ls                             0x0800021d   Thumb Code     0  rtexit2.o(.ARM.Collect$$rtexit$$00000003)
    __rt_exit_prels_1                        0x0800021d   Thumb Code     0  rtexit2.o(.ARM.Collect$$rtexit$$00000002)
    __rt_exit_exit                           0x08000221   Thumb Code     0  rtexit2.o(.ARM.Collect$$rtexit$$00000004)
    SVC_Handler                              0x08000229   Thumb Code    28  port.o(.emb_text)
    __asm___6_port_c_39a90d8d__prvStartFirstTask 0x08000249   Thumb Code    36  port.o(.emb_text)
    __asm___6_port_c_39a90d8d__prvEnableVFP  0x08000271   Thumb Code    16  port.o(.emb_text)
    PendSV_Handler                           0x08000285   Thumb Code    88  port.o(.emb_text)
    vPortGetIPSR                             0x080002e1   Thumb Code     6  port.o(.emb_text)
    Reset_Handler                            0x080002e9   Thumb Code     8  startup_stm32f407xx.o(.text)
    CAN1_RX0_IRQHandler                      0x08000303   Thumb Code     0  startup_stm32f407xx.o(.text)
    CAN1_RX1_IRQHandler                      0x08000303   Thumb Code     0  startup_stm32f407xx.o(.text)
    CAN1_SCE_IRQHandler                      0x08000303   Thumb Code     0  startup_stm32f407xx.o(.text)
    CAN1_TX_IRQHandler                       0x08000303   Thumb Code     0  startup_stm32f407xx.o(.text)
    CAN2_RX0_IRQHandler                      0x08000303   Thumb Code     0  startup_stm32f407xx.o(.text)
    CAN2_RX1_IRQHandler                      0x08000303   Thumb Code     0  startup_stm32f407xx.o(.text)
    CAN2_SCE_IRQHandler                      0x08000303   Thumb Code     0  startup_stm32f407xx.o(.text)
    CAN2_TX_IRQHandler                       0x08000303   Thumb Code     0  startup_stm32f407xx.o(.text)
    DCMI_IRQHandler                          0x08000303   Thumb Code     0  startup_stm32f407xx.o(.text)
    DMA1_Stream0_IRQHandler                  0x08000303   Thumb Code     0  startup_stm32f407xx.o(.text)
    DMA1_Stream1_IRQHandler                  0x08000303   Thumb Code     0  startup_stm32f407xx.o(.text)
    DMA1_Stream2_IRQHandler                  0x08000303   Thumb Code     0  startup_stm32f407xx.o(.text)
    DMA1_Stream3_IRQHandler                  0x08000303   Thumb Code     0  startup_stm32f407xx.o(.text)
    DMA1_Stream4_IRQHandler                  0x08000303   Thumb Code     0  startup_stm32f407xx.o(.text)
    DMA1_Stream5_IRQHandler                  0x08000303   Thumb Code     0  startup_stm32f407xx.o(.text)
    DMA1_Stream6_IRQHandler                  0x08000303   Thumb Code     0  startup_stm32f407xx.o(.text)
    DMA1_Stream7_IRQHandler                  0x08000303   Thumb Code     0  startup_stm32f407xx.o(.text)
    DMA2_Stream2_IRQHandler                  0x08000303   Thumb Code     0  startup_stm32f407xx.o(.text)
    DMA2_Stream3_IRQHandler                  0x08000303   Thumb Code     0  startup_stm32f407xx.o(.text)
    DMA2_Stream4_IRQHandler                  0x08000303   Thumb Code     0  startup_stm32f407xx.o(.text)
    DMA2_Stream5_IRQHandler                  0x08000303   Thumb Code     0  startup_stm32f407xx.o(.text)
    DMA2_Stream6_IRQHandler                  0x08000303   Thumb Code     0  startup_stm32f407xx.o(.text)
    DMA2_Stream7_IRQHandler                  0x08000303   Thumb Code     0  startup_stm32f407xx.o(.text)
    ETH_IRQHandler                           0x08000303   Thumb Code     0  startup_stm32f407xx.o(.text)
    ETH_WKUP_IRQHandler                      0x08000303   Thumb Code     0  startup_stm32f407xx.o(.text)
    EXTI0_IRQHandler                         0x08000303   Thumb Code     0  startup_stm32f407xx.o(.text)
    EXTI15_10_IRQHandler                     0x08000303   Thumb Code     0  startup_stm32f407xx.o(.text)
    EXTI1_IRQHandler                         0x08000303   Thumb Code     0  startup_stm32f407xx.o(.text)
    EXTI2_IRQHandler                         0x08000303   Thumb Code     0  startup_stm32f407xx.o(.text)
    EXTI3_IRQHandler                         0x08000303   Thumb Code     0  startup_stm32f407xx.o(.text)
    EXTI4_IRQHandler                         0x08000303   Thumb Code     0  startup_stm32f407xx.o(.text)
    EXTI9_5_IRQHandler                       0x08000303   Thumb Code     0  startup_stm32f407xx.o(.text)
    FLASH_IRQHandler                         0x08000303   Thumb Code     0  startup_stm32f407xx.o(.text)
    FMC_IRQHandler                           0x08000303   Thumb Code     0  startup_stm32f407xx.o(.text)
    FPU_IRQHandler                           0x08000303   Thumb Code     0  startup_stm32f407xx.o(.text)
    HASH_RNG_IRQHandler                      0x08000303   Thumb Code     0  startup_stm32f407xx.o(.text)
    I2C1_ER_IRQHandler                       0x08000303   Thumb Code     0  startup_stm32f407xx.o(.text)
    I2C1_EV_IRQHandler                       0x08000303   Thumb Code     0  startup_stm32f407xx.o(.text)
    I2C2_ER_IRQHandler                       0x08000303   Thumb Code     0  startup_stm32f407xx.o(.text)
    I2C2_EV_IRQHandler                       0x08000303   Thumb Code     0  startup_stm32f407xx.o(.text)
    I2C3_ER_IRQHandler                       0x08000303   Thumb Code     0  startup_stm32f407xx.o(.text)
    I2C3_EV_IRQHandler                       0x08000303   Thumb Code     0  startup_stm32f407xx.o(.text)
    OTG_FS_IRQHandler                        0x08000303   Thumb Code     0  startup_stm32f407xx.o(.text)
    OTG_FS_WKUP_IRQHandler                   0x08000303   Thumb Code     0  startup_stm32f407xx.o(.text)
    OTG_HS_EP1_IN_IRQHandler                 0x08000303   Thumb Code     0  startup_stm32f407xx.o(.text)
    OTG_HS_EP1_OUT_IRQHandler                0x08000303   Thumb Code     0  startup_stm32f407xx.o(.text)
    OTG_HS_IRQHandler                        0x08000303   Thumb Code     0  startup_stm32f407xx.o(.text)
    OTG_HS_WKUP_IRQHandler                   0x08000303   Thumb Code     0  startup_stm32f407xx.o(.text)
    PVD_IRQHandler                           0x08000303   Thumb Code     0  startup_stm32f407xx.o(.text)
    RCC_IRQHandler                           0x08000303   Thumb Code     0  startup_stm32f407xx.o(.text)
    RTC_Alarm_IRQHandler                     0x08000303   Thumb Code     0  startup_stm32f407xx.o(.text)
    RTC_WKUP_IRQHandler                      0x08000303   Thumb Code     0  startup_stm32f407xx.o(.text)
    SDIO_IRQHandler                          0x08000303   Thumb Code     0  startup_stm32f407xx.o(.text)
    SPI1_IRQHandler                          0x08000303   Thumb Code     0  startup_stm32f407xx.o(.text)
    SPI2_IRQHandler                          0x08000303   Thumb Code     0  startup_stm32f407xx.o(.text)
    SPI3_IRQHandler                          0x08000303   Thumb Code     0  startup_stm32f407xx.o(.text)
    TAMP_STAMP_IRQHandler                    0x08000303   Thumb Code     0  startup_stm32f407xx.o(.text)
    TIM1_BRK_TIM9_IRQHandler                 0x08000303   Thumb Code     0  startup_stm32f407xx.o(.text)
    TIM1_CC_IRQHandler                       0x08000303   Thumb Code     0  startup_stm32f407xx.o(.text)
    TIM1_TRG_COM_TIM11_IRQHandler            0x08000303   Thumb Code     0  startup_stm32f407xx.o(.text)
    TIM1_UP_TIM10_IRQHandler                 0x08000303   Thumb Code     0  startup_stm32f407xx.o(.text)
    TIM3_IRQHandler                          0x08000303   Thumb Code     0  startup_stm32f407xx.o(.text)
    TIM4_IRQHandler                          0x08000303   Thumb Code     0  startup_stm32f407xx.o(.text)
    TIM5_IRQHandler                          0x08000303   Thumb Code     0  startup_stm32f407xx.o(.text)
    TIM6_DAC_IRQHandler                      0x08000303   Thumb Code     0  startup_stm32f407xx.o(.text)
    TIM7_IRQHandler                          0x08000303   Thumb Code     0  startup_stm32f407xx.o(.text)
    TIM8_CC_IRQHandler                       0x08000303   Thumb Code     0  startup_stm32f407xx.o(.text)
    TIM8_TRG_COM_TIM14_IRQHandler            0x08000303   Thumb Code     0  startup_stm32f407xx.o(.text)
    UART4_IRQHandler                         0x08000303   Thumb Code     0  startup_stm32f407xx.o(.text)
    UART5_IRQHandler                         0x08000303   Thumb Code     0  startup_stm32f407xx.o(.text)
    USART1_IRQHandler                        0x08000303   Thumb Code     0  startup_stm32f407xx.o(.text)
    USART2_IRQHandler                        0x08000303   Thumb Code     0  startup_stm32f407xx.o(.text)
    USART3_IRQHandler                        0x08000303   Thumb Code     0  startup_stm32f407xx.o(.text)
    USART6_IRQHandler                        0x08000303   Thumb Code     0  startup_stm32f407xx.o(.text)
    WWDG_IRQHandler                          0x08000303   Thumb Code     0  startup_stm32f407xx.o(.text)
    __user_initial_stackheap                 0x08000305   Thumb Code     0  startup_stm32f407xx.o(.text)
    __aeabi_uldivmod                         0x08000329   Thumb Code     0  lludivv7m.o(.text)
    _ll_udiv                                 0x08000329   Thumb Code   238  lludivv7m.o(.text)
    __aeabi_memcpy                           0x08000417   Thumb Code     0  rt_memcpy_v6.o(.text)
    __rt_memcpy                              0x08000417   Thumb Code   138  rt_memcpy_v6.o(.text)
    _memcpy_lastbytes                        0x0800047d   Thumb Code     0  rt_memcpy_v6.o(.text)
    __aeabi_memcpy4                          0x080004a1   Thumb Code     0  rt_memcpy_w.o(.text)
    __aeabi_memcpy8                          0x080004a1   Thumb Code     0  rt_memcpy_w.o(.text)
    __rt_memcpy_w                            0x080004a1   Thumb Code   100  rt_memcpy_w.o(.text)
    _memcpy_lastbytes_aligned                0x080004e9   Thumb Code     0  rt_memcpy_w.o(.text)
    __aeabi_memset                           0x08000505   Thumb Code    16  aeabi_memset.o(.text)
    __aeabi_memclr4                          0x08000515   Thumb Code     0  rt_memclr_w.o(.text)
    __aeabi_memclr8                          0x08000515   Thumb Code     0  rt_memclr_w.o(.text)
    __rt_memclr_w                            0x08000515   Thumb Code    78  rt_memclr_w.o(.text)
    _memset_w                                0x08000519   Thumb Code     0  rt_memclr_w.o(.text)
    __use_two_region_memory                  0x08000563   Thumb Code     2  heapauxi.o(.text)
    __rt_heap_escrow$2region                 0x08000565   Thumb Code     2  heapauxi.o(.text)
    __rt_heap_expand$2region                 0x08000567   Thumb Code     2  heapauxi.o(.text)
    __aeabi_memclr                           0x08000569   Thumb Code     0  rt_memclr.o(.text)
    __rt_memclr                              0x08000569   Thumb Code    68  rt_memclr.o(.text)
    _memset                                  0x0800056d   Thumb Code     0  rt_memclr.o(.text)
    __user_setup_stackheap                   0x080005ad   Thumb Code    74  sys_stackheap_outer.o(.text)
    exit                                     0x080005f7   Thumb Code    18  exit.o(.text)
    __user_libspace                          0x08000609   Thumb Code     8  libspace.o(.text)
    __user_perproc_libspace                  0x08000609   Thumb Code     0  libspace.o(.text)
    __user_perthread_libspace                0x08000609   Thumb Code     0  libspace.o(.text)
    _sys_exit                                0x08000611   Thumb Code     8  sys_exit.o(.text)
    __I$use$semihosting                      0x0800061d   Thumb Code     0  use_no_semi.o(.text)
    __use_no_semihosting_swi                 0x0800061d   Thumb Code     2  use_no_semi.o(.text)
    __semihosting_library_function           0x0800061f   Thumb Code     0  indicate_semi.o(.text)
    ADC_IRQHandler                           0x080006c5   Thumb Code    16  stm32f4xx_it.o(i.ADC_IRQHandler)
    BLDCSend                                 0x0800083d   Thumb Code   578  bldc.o(i.BLDCSend)
    BLDC_PhaseChange                         0x08000a99   Thumb Code   534  bldc.o(i.BLDC_PhaseChange)
    BusFault_Handler                         0x08000caf   Thumb Code     4  stm32f4xx_it.o(i.BusFault_Handler)
    DMA2_Stream0_IRQHandler                  0x08000cb5   Thumb Code    10  stm32f4xx_it.o(i.DMA2_Stream0_IRQHandler)
    DMA2_Stream1_IRQHandler                  0x08000cc5   Thumb Code    10  stm32f4xx_it.o(i.DMA2_Stream1_IRQHandler)
    DebugMon_Handler                         0x08000ddf   Thumb Code     2  stm32f4xx_it.o(i.DebugMon_Handler)
    Error_Handler                            0x08000de1   Thumb Code     6  main.o(i.Error_Handler)
    HAL_ADCEx_InjectedConvCpltCallback       0x08000de7   Thumb Code     2  stm32f4xx_hal_adc_ex.o(i.HAL_ADCEx_InjectedConvCpltCallback)
    HAL_ADC_ConfigChannel                    0x08000de9   Thumb Code   380  stm32f4xx_hal_adc.o(i.HAL_ADC_ConfigChannel)
    HAL_ADC_ConvCpltCallback                 0x08000f75   Thumb Code     2  stm32f4xx_hal_adc.o(i.HAL_ADC_ConvCpltCallback)
    HAL_ADC_ConvHalfCpltCallback             0x08000f77   Thumb Code     2  stm32f4xx_hal_adc.o(i.HAL_ADC_ConvHalfCpltCallback)
    HAL_ADC_ErrorCallback                    0x08000f79   Thumb Code     2  stm32f4xx_hal_adc.o(i.HAL_ADC_ErrorCallback)
    HAL_ADC_IRQHandler                       0x08000f7b   Thumb Code   354  stm32f4xx_hal_adc.o(i.HAL_ADC_IRQHandler)
    HAL_ADC_Init                             0x080010dd   Thumb Code   100  stm32f4xx_hal_adc.o(i.HAL_ADC_Init)
    HAL_ADC_LevelOutOfWindowCallback         0x08001145   Thumb Code     2  stm32f4xx_hal_adc.o(i.HAL_ADC_LevelOutOfWindowCallback)
    HAL_ADC_MspInit                          0x08001149   Thumb Code   376  adc.o(i.HAL_ADC_MspInit)
    HAL_ADC_Start                            0x080012e1   Thumb Code   308  stm32f4xx_hal_adc.o(i.HAL_ADC_Start)
    HAL_ADC_Start_DMA                        0x0800142d   Thumb Code   398  stm32f4xx_hal_adc.o(i.HAL_ADC_Start_DMA)
    HAL_DMA_IRQHandler                       0x080015e1   Thumb Code   570  stm32f4xx_hal_dma.o(i.HAL_DMA_IRQHandler)
    HAL_DMA_Init                             0x08001821   Thumb Code   232  stm32f4xx_hal_dma.o(i.HAL_DMA_Init)
    HAL_DMA_Start_IT                         0x0800190d   Thumb Code   146  stm32f4xx_hal_dma.o(i.HAL_DMA_Start_IT)
    HAL_GPIO_Init                            0x080019a1   Thumb Code   454  stm32f4xx_hal_gpio.o(i.HAL_GPIO_Init)
    HAL_GPIO_ReadPin                         0x08001b95   Thumb Code    16  stm32f4xx_hal_gpio.o(i.HAL_GPIO_ReadPin)
    HAL_GPIO_WritePin                        0x08001ba5   Thumb Code    12  stm32f4xx_hal_gpio.o(i.HAL_GPIO_WritePin)
    HAL_GetTick                              0x08001bb1   Thumb Code     6  stm32f4xx_hal.o(i.HAL_GetTick)
    HAL_IncTick                              0x08001bbd   Thumb Code    16  stm32f4xx_hal.o(i.HAL_IncTick)
    HAL_Init                                 0x08001bd5   Thumb Code    54  stm32f4xx_hal.o(i.HAL_Init)
    HAL_InitTick                             0x08001c11   Thumb Code   122  stm32f4xx_hal_timebase_tim.o(i.HAL_InitTick)
    HAL_MspInit                              0x08001c9d   Thumb Code    78  stm32f4xx_hal_msp.o(i.HAL_MspInit)
    HAL_NVIC_EnableIRQ                       0x08001cf1   Thumb Code    32  stm32f4xx_hal_cortex.o(i.HAL_NVIC_EnableIRQ)
    HAL_NVIC_SetPriority                     0x08001d11   Thumb Code   124  stm32f4xx_hal_cortex.o(i.HAL_NVIC_SetPriority)
    HAL_NVIC_SetPriorityGrouping             0x08001d8d   Thumb Code    32  stm32f4xx_hal_cortex.o(i.HAL_NVIC_SetPriorityGrouping)
    HAL_RCC_ClockConfig                      0x08001db5   Thumb Code   368  stm32f4xx_hal_rcc.o(i.HAL_RCC_ClockConfig)
    HAL_RCC_GetClockConfig                   0x08001f39   Thumb Code    58  stm32f4xx_hal_rcc.o(i.HAL_RCC_GetClockConfig)
    HAL_RCC_GetHCLKFreq                      0x08001f7d   Thumb Code     6  stm32f4xx_hal_rcc.o(i.HAL_RCC_GetHCLKFreq)
    HAL_RCC_GetPCLK1Freq                     0x08001f89   Thumb Code    22  stm32f4xx_hal_rcc.o(i.HAL_RCC_GetPCLK1Freq)
    HAL_RCC_GetPCLK2Freq                     0x08001fa9   Thumb Code    22  stm32f4xx_hal_rcc.o(i.HAL_RCC_GetPCLK2Freq)
    HAL_RCC_GetSysClockFreq                  0x08001fc9   Thumb Code   162  stm32f4xx_hal_rcc.o(i.HAL_RCC_GetSysClockFreq)
    HAL_RCC_OscConfig                        0x08002079   Thumb Code  1172  stm32f4xx_hal_rcc.o(i.HAL_RCC_OscConfig)
    HAL_TIMEx_BreakCallback                  0x08002515   Thumb Code    84  bldc.o(i.HAL_TIMEx_BreakCallback)
    HAL_TIMEx_CommutCallback                 0x08002579   Thumb Code     2  stm32f4xx_hal_tim_ex.o(i.HAL_TIMEx_CommutCallback)
    HAL_TIMEx_ConfigBreakDeadTime            0x0800257b   Thumb Code   116  stm32f4xx_hal_tim_ex.o(i.HAL_TIMEx_ConfigBreakDeadTime)
    HAL_TIMEx_MasterConfigSynchronization    0x080025f1   Thumb Code   150  stm32f4xx_hal_tim_ex.o(i.HAL_TIMEx_MasterConfigSynchronization)
    HAL_TIM_Base_Init                        0x080026a5   Thumb Code   102  stm32f4xx_hal_tim.o(i.HAL_TIM_Base_Init)
    HAL_TIM_Base_MspInit                     0x0800270d   Thumb Code   380  tim.o(i.HAL_TIM_Base_MspInit)
    HAL_TIM_Base_Start                       0x0800289d   Thumb Code   126  stm32f4xx_hal_tim.o(i.HAL_TIM_Base_Start)
    HAL_TIM_Base_Start_IT                    0x08002939   Thumb Code   138  stm32f4xx_hal_tim.o(i.HAL_TIM_Base_Start_IT)
    HAL_TIM_ConfigClockSource                0x080029e1   Thumb Code   268  stm32f4xx_hal_tim.o(i.HAL_TIM_ConfigClockSource)
    HAL_TIM_ConfigTI1Input                   0x08002aed   Thumb Code    22  stm32f4xx_hal_tim.o(i.HAL_TIM_ConfigTI1Input)
    HAL_TIM_IC_CaptureCallback               0x08002b05   Thumb Code    92  hall_encoder.o(i.HAL_TIM_IC_CaptureCallback)
    HAL_TIM_IC_ConfigChannel                 0x08002b75   Thumb Code   222  stm32f4xx_hal_tim.o(i.HAL_TIM_IC_ConfigChannel)
    HAL_TIM_IC_Init                          0x08002c53   Thumb Code   102  stm32f4xx_hal_tim.o(i.HAL_TIM_IC_Init)
    HAL_TIM_IC_MspInit                       0x08002cb9   Thumb Code     2  stm32f4xx_hal_tim.o(i.HAL_TIM_IC_MspInit)
    HAL_TIM_IC_Start_IT                      0x08002cbd   Thumb Code   372  stm32f4xx_hal_tim.o(i.HAL_TIM_IC_Start_IT)
    HAL_TIM_IRQHandler                       0x08002e4d   Thumb Code   406  stm32f4xx_hal_tim.o(i.HAL_TIM_IRQHandler)
    HAL_TIM_MspPostInit                      0x08002fe5   Thumb Code    86  tim.o(i.HAL_TIM_MspPostInit)
    HAL_TIM_OC_DelayElapsedCallback          0x08003049   Thumb Code     2  stm32f4xx_hal_tim.o(i.HAL_TIM_OC_DelayElapsedCallback)
    HAL_TIM_PWM_ConfigChannel                0x0800304b   Thumb Code   260  stm32f4xx_hal_tim.o(i.HAL_TIM_PWM_ConfigChannel)
    HAL_TIM_PWM_Init                         0x0800314f   Thumb Code   102  stm32f4xx_hal_tim.o(i.HAL_TIM_PWM_Init)
    HAL_TIM_PWM_MspInit                      0x080031b5   Thumb Code     2  stm32f4xx_hal_tim.o(i.HAL_TIM_PWM_MspInit)
    HAL_TIM_PWM_PulseFinishedCallback        0x080031b7   Thumb Code     2  stm32f4xx_hal_tim.o(i.HAL_TIM_PWM_PulseFinishedCallback)
    HAL_TIM_PWM_Start                        0x080031b9   Thumb Code   238  stm32f4xx_hal_tim.o(i.HAL_TIM_PWM_Start)
    HAL_TIM_PWM_Stop                         0x080032c5   Thumb Code   160  stm32f4xx_hal_tim.o(i.HAL_TIM_PWM_Stop)
    HAL_TIM_PeriodElapsedCallback            0x0800336d   Thumb Code    18  main.o(i.HAL_TIM_PeriodElapsedCallback)
    HAL_TIM_TriggerCallback                  0x08003385   Thumb Code     2  stm32f4xx_hal_tim.o(i.HAL_TIM_TriggerCallback)
    HAL_UART_ErrorCallback                   0x08003387   Thumb Code     2  stm32f4xx_hal_uart.o(i.HAL_UART_ErrorCallback)
    HAL_UART_Init                            0x08003389   Thumb Code   114  stm32f4xx_hal_uart.o(i.HAL_UART_Init)
    HAL_UART_MspInit                         0x080033fd   Thumb Code   124  usart.o(i.HAL_UART_MspInit)
    HAL_UART_Transmit                        0x08003485   Thumb Code   210  stm32f4xx_hal_uart.o(i.HAL_UART_Transmit)
    HAL_UART_Transmit_DMA                    0x08003559   Thumb Code   160  stm32f4xx_hal_uart.o(i.HAL_UART_Transmit_DMA)
    HAL_UART_TxCpltCallback                  0x08003605   Thumb Code     2  stm32f4xx_hal_uart.o(i.HAL_UART_TxCpltCallback)
    HAL_UART_TxHalfCpltCallback              0x08003607   Thumb Code     2  stm32f4xx_hal_uart.o(i.HAL_UART_TxHalfCpltCallback)
    HardFault_Handler                        0x08003609   Thumb Code     4  stm32f4xx_it.o(i.HardFault_Handler)
    KeyStateRead                             0x0800360d   Thumb Code    44  freertos.o(i.KeyStateRead)
    LCD_Clear                                0x08003639   Thumb Code    50  stm32_2.8_lcd.o(i.LCD_Clear)
    LCD_CtrlLinesConfig                      0x08003671   Thumb Code   134  stm32_2.8_lcd.o(i.LCD_CtrlLinesConfig)
    LCD_CtrlLinesWrite                       0x08003705   Thumb Code    20  stm32_2.8_lcd.o(i.LCD_CtrlLinesWrite)
    LCD_DisplayChar                          0x08003719   Thumb Code    34  stm32_2.8_lcd.o(i.LCD_DisplayChar)
    LCD_DisplayStringLine                    0x08003741   Thumb Code    70  stm32_2.8_lcd.o(i.LCD_DisplayStringLine)
    LCD_DrawChar                             0x08003789   Thumb Code   122  stm32_2.8_lcd.o(i.LCD_DrawChar)
    LCD_Draw_NUM                             0x08003811   Thumb Code   190  stm32_2.8_lcd.o(i.LCD_Draw_NUM)
    LCD_GPIOConfig                           0x080038d1   Thumb Code   216  stm32_2.8_lcd.o(i.LCD_GPIOConfig)
    LCD_SetBackColor                         0x080039b5   Thumb Code    12  stm32_2.8_lcd.o(i.LCD_SetBackColor)
    LCD_SetCursor                            0x080039c5   Thumb Code    24  stm32_2.8_lcd.o(i.LCD_SetCursor)
    LCD_SetTextColor                         0x080039dd   Thumb Code    12  stm32_2.8_lcd.o(i.LCD_SetTextColor)
    LCD_Setup                                0x080039ed   Thumb Code   506  stm32_2.8_lcd.o(i.LCD_Setup)
    LCD_WriteRAM                             0x08003be9   Thumb Code    70  stm32_2.8_lcd.o(i.LCD_WriteRAM)
    LCD_WriteRAM_Prepare                     0x08003c39   Thumb Code    22  stm32_2.8_lcd.o(i.LCD_WriteRAM_Prepare)
    LCD_WriteReg                             0x08003c55   Thumb Code   100  stm32_2.8_lcd.o(i.LCD_WriteReg)
    LCD_WriteRegIndex                        0x08003cc5   Thumb Code   104  stm32_2.8_lcd.o(i.LCD_WriteRegIndex)
    MX_ADC1_Init                             0x08003d39   Thumb Code    96  adc.o(i.MX_ADC1_Init)
    MX_ADC3_Init                             0x08003da5   Thumb Code    96  adc.o(i.MX_ADC3_Init)
    MX_DMA_Init                              0x08003e11   Thumb Code    68  dma.o(i.MX_DMA_Init)
    MX_FREERTOS_Init                         0x08003e59   Thumb Code   100  freertos.o(i.MX_FREERTOS_Init)
    MX_GPIO_Init                             0x08003f05   Thumb Code   284  gpio.o(i.MX_GPIO_Init)
    MX_TIM2_Init                             0x08004031   Thumb Code   202  tim.o(i.MX_TIM2_Init)
    MX_TIM3_Init                             0x08004101   Thumb Code   100  tim.o(i.MX_TIM3_Init)
    MX_TIM8_Init                             0x0800416d   Thumb Code   250  tim.o(i.MX_TIM8_Init)
    MX_USART1_UART_Init                      0x08004271   Thumb Code    46  usart.o(i.MX_USART1_UART_Init)
    MemManage_Handler                        0x080042a9   Thumb Code     4  stm32f4xx_it.o(i.MemManage_Handler)
    NMI_Handler                              0x080042ad   Thumb Code     4  stm32f4xx_it.o(i.NMI_Handler)
    PID_Init                                 0x080042b1   Thumb Code    58  pid.o(i.PID_Init)
    ReadHallStatus                           0x080042f5   Thumb Code    70  hall_encoder.o(i.ReadHallStatus)
    STM32_LCD_Init                           0x08004345   Thumb Code     8  stm32_2.8_lcd.o(i.STM32_LCD_Init)
    StartTask02                              0x0800434d   Thumb Code    58  freertos.o(i.StartTask02)
    StartTask03                              0x08004391   Thumb Code   120  freertos.o(i.StartTask03)
    StartTask04                              0x08004421   Thumb Code   126  freertos.o(i.StartTask04)
    StartTask05                              0x080044b5   Thumb Code    88  freertos.o(i.StartTask05)
    StartTask1                               0x0800451d   Thumb Code    20  freertos.o(i.StartTask1)
    SysTick_Handler                          0x08004539   Thumb Code    22  cmsis_os2.o(i.SysTick_Handler)
    SystemClock_Config                       0x08004551   Thumb Code   172  main.o(i.SystemClock_Config)
    SystemInit                               0x08004605   Thumb Code    14  system_stm32f4xx.o(i.SystemInit)
    TIM2_IRQHandler                          0x08004619   Thumb Code    10  stm32f4xx_it.o(i.TIM2_IRQHandler)
    TIM8_BRK_TIM12_IRQHandler                0x08004629   Thumb Code    10  stm32f4xx_it.o(i.TIM8_BRK_TIM12_IRQHandler)
    TIM8_UP_TIM13_IRQHandler                 0x08004639   Thumb Code    16  stm32f4xx_it.o(i.TIM8_UP_TIM13_IRQHandler)
    TIM_Base_SetConfig                       0x08004651   Thumb Code   170  stm32f4xx_hal_tim.o(i.TIM_Base_SetConfig)
    TIM_CCxChannelCmd                        0x08004729   Thumb Code    34  stm32f4xx_hal_tim.o(i.TIM_CCxChannelCmd)
    TIM_ETR_SetConfig                        0x0800474b   Thumb Code    22  stm32f4xx_hal_tim.o(i.TIM_ETR_SetConfig)
    TIM_OC2_SetConfig                        0x080047e5   Thumb Code   114  stm32f4xx_hal_tim.o(i.TIM_OC2_SetConfig)
    TIM_TI1_SetConfig                        0x08004955   Thumb Code   114  stm32f4xx_hal_tim.o(i.TIM_TI1_SetConfig)
    Timer_1ms_Callback                       0x08004ad1   Thumb Code     2  freertos.o(i.Timer_1ms_Callback)
    UsageFault_Handler                       0x08004edb   Thumb Code     4  stm32f4xx_it.o(i.UsageFault_Handler)
    VolCalc                                  0x08004ee1   Thumb Code   136  hall_encoder.o(i.VolCalc)
    main                                     0x08004ff5   Thumb Code   256  main.o(i.main)
    osDelay                                  0x08005111   Thumb Code    30  cmsis_os2.o(i.osDelay)
    osKernelInitialize                       0x08005131   Thumb Code    38  cmsis_os2.o(i.osKernelInitialize)
    osKernelStart                            0x0800515d   Thumb Code    82  cmsis_os2.o(i.osKernelStart)
    osThreadNew                              0x080051bd   Thumb Code   184  cmsis_os2.o(i.osThreadNew)
    osTimerNew                               0x08005275   Thumb Code   182  cmsis_os2.o(i.osTimerNew)
    osTimerStart                             0x08005331   Thumb Code    60  cmsis_os2.o(i.osTimerStart)
    pvPortMalloc                             0x08005ded   Thumb Code   306  heap_4.o(i.pvPortMalloc)
    pvTimerGetTimerID                        0x08005f39   Thumb Code    44  timers.o(i.pvTimerGetTimerID)
    pxPortInitialiseStack                    0x08005f65   Thumb Code    38  port.o(i.pxPortInitialiseStack)
    uxListRemove                             0x08005f91   Thumb Code    40  list.o(i.uxListRemove)
    vApplicationGetIdleTaskMemory            0x08005fb9   Thumb Code    14  cmsis_os2.o(i.vApplicationGetIdleTaskMemory)
    vApplicationGetTimerTaskMemory           0x08005fd1   Thumb Code    16  cmsis_os2.o(i.vApplicationGetTimerTaskMemory)
    vListInitialise                          0x08005fe9   Thumb Code    26  list.o(i.vListInitialise)
    vListInitialiseItem                      0x08006003   Thumb Code     6  list.o(i.vListInitialiseItem)
    vListInsert                              0x08006009   Thumb Code    52  list.o(i.vListInsert)
    vListInsertEnd                           0x0800603d   Thumb Code    24  list.o(i.vListInsertEnd)
    vPortEnterCritical                       0x08006055   Thumb Code    76  port.o(i.vPortEnterCritical)
    vPortExitCritical                        0x080060a9   Thumb Code    56  port.o(i.vPortExitCritical)
    vPortFree                                0x080060e5   Thumb Code   150  heap_4.o(i.vPortFree)
    vPortSetupTimerInterrupt                 0x08006189   Thumb Code    36  port.o(i.vPortSetupTimerInterrupt)
    vPortValidateInterruptPriority           0x080061b1   Thumb Code   106  port.o(i.vPortValidateInterruptPriority)
    vQueueAddToRegistry                      0x08006229   Thumb Code    38  queue.o(i.vQueueAddToRegistry)
    vQueueWaitForMessageRestricted           0x08006255   Thumb Code    74  queue.o(i.vQueueWaitForMessageRestricted)
    vTaskDelay                               0x080062a1   Thumb Code    82  tasks.o(i.vTaskDelay)
    vTaskInternalSetTimeOutState             0x080062fd   Thumb Code    14  tasks.o(i.vTaskInternalSetTimeOutState)
    vTaskMissedYield                         0x08006315   Thumb Code     8  tasks.o(i.vTaskMissedYield)
    vTaskPlaceOnEventList                    0x08006321   Thumb Code    52  tasks.o(i.vTaskPlaceOnEventList)
    vTaskPlaceOnEventListRestricted          0x08006359   Thumb Code    60  tasks.o(i.vTaskPlaceOnEventListRestricted)
    vTaskStartScheduler                      0x08006399   Thumb Code   156  tasks.o(i.vTaskStartScheduler)
    vTaskSuspendAll                          0x08006451   Thumb Code    12  tasks.o(i.vTaskSuspendAll)
    vTaskSwitchContext                       0x08006461   Thumb Code   122  tasks.o(i.vTaskSwitchContext)
    xPortStartScheduler                      0x080064f1   Thumb Code   330  port.o(i.xPortStartScheduler)
    xPortSysTickHandler                      0x08006659   Thumb Code    46  port.o(i.xPortSysTickHandler)
    xQueueGenericCreateStatic                0x0800668d   Thumb Code   224  queue.o(i.xQueueGenericCreateStatic)
    xQueueGenericReset                       0x0800676d   Thumb Code   146  queue.o(i.xQueueGenericReset)
    xQueueGenericSend                        0x08006805   Thumb Code   420  queue.o(i.xQueueGenericSend)
    xQueueGenericSendFromISR                 0x080069ad   Thumb Code   252  queue.o(i.xQueueGenericSendFromISR)
    xQueueReceive                            0x08006aa9   Thumb Code   356  queue.o(i.xQueueReceive)
    xTaskCheckForTimeOut                     0x08006c11   Thumb Code   132  tasks.o(i.xTaskCheckForTimeOut)
    xTaskCreate                              0x08006c9d   Thumb Code   100  tasks.o(i.xTaskCreate)
    xTaskCreateStatic                        0x08006d01   Thumb Code   186  tasks.o(i.xTaskCreateStatic)
    xTaskGetSchedulerState                   0x08006dbd   Thumb Code    24  tasks.o(i.xTaskGetSchedulerState)
    xTaskGetTickCount                        0x08006ddd   Thumb Code     6  tasks.o(i.xTaskGetTickCount)
    xTaskIncrementTick                       0x08006de9   Thumb Code   280  tasks.o(i.xTaskIncrementTick)
    xTaskPriorityDisinherit                  0x08006f2d   Thumb Code   152  tasks.o(i.xTaskPriorityDisinherit)
    xTaskRemoveFromEventList                 0x08006fd1   Thumb Code   126  tasks.o(i.xTaskRemoveFromEventList)
    xTaskResumeAll                           0x08007069   Thumb Code   222  tasks.o(i.xTaskResumeAll)
    xTimerCreate                             0x0800716d   Thumb Code    54  timers.o(i.xTimerCreate)
    xTimerCreateStatic                       0x080071a3   Thumb Code   114  timers.o(i.xTimerCreateStatic)
    xTimerCreateTimerTask                    0x08007215   Thumb Code   100  timers.o(i.xTimerCreateTimerTask)
    xTimerGenericCommand                     0x0800728d   Thumb Code   128  timers.o(i.xTimerGenericCommand)
    __aeabi_dadd                             0x08007311   Thumb Code     0  daddsub_clz.o(x$fpl$dadd)
    _dadd                                    0x08007311   Thumb Code   332  daddsub_clz.o(x$fpl$dadd)
    __aeabi_d2uiz                            0x08007461   Thumb Code     0  dfixu.o(x$fpl$dfixu)
    _dfixu                                   0x08007461   Thumb Code    90  dfixu.o(x$fpl$dfixu)
    __aeabi_ui2d                             0x080074bb   Thumb Code     0  dflt_clz.o(x$fpl$dfltu)
    _dfltu                                   0x080074bb   Thumb Code    38  dflt_clz.o(x$fpl$dfltu)
    __aeabi_dmul                             0x080074e1   Thumb Code     0  dmul.o(x$fpl$dmul)
    _dmul                                    0x080074e1   Thumb Code   332  dmul.o(x$fpl$dmul)
    __fpl_dnaninf                            0x08007635   Thumb Code   156  dnaninf.o(x$fpl$dnaninf)
    __fpl_dretinf                            0x080076d1   Thumb Code    12  dretinf.o(x$fpl$dretinf)
    __aeabi_dsub                             0x080076dd   Thumb Code     0  daddsub_clz.o(x$fpl$dsub)
    _dsub                                    0x080076dd   Thumb Code   464  daddsub_clz.o(x$fpl$dsub)
    _fp_init                                 0x080078b1   Thumb Code    10  fpinit.o(x$fpl$fpinit)
    __fplib_config_fpu_vfp                   0x080078b9   Thumb Code     0  fpinit.o(x$fpl$fpinit)
    __fplib_config_pureend_doubles           0x080078b9   Thumb Code     0  fpinit.o(x$fpl$fpinit)
    __I$use$fp                               0x080078ba   Number         0  usenofp.o(x$fpl$usenofp)
    Task1_attributes                         0x080078bc   Data          36  freertos.o(.constdata)
    myTask02_attributes                      0x080078e0   Data          36  freertos.o(.constdata)
    myTask03_attributes                      0x08007904   Data          36  freertos.o(.constdata)
    myTask04_attributes                      0x08007928   Data          36  freertos.o(.constdata)
    myTask05_attributes                      0x0800794c   Data          36  freertos.o(.constdata)
    Timer_1ms_attributes                     0x08007970   Data          16  freertos.o(.constdata)
    AHBPrescTable                            0x08007988   Data          16  system_stm32f4xx.o(.constdata)
    APBPrescTable                            0x08007998   Data           8  system_stm32f4xx.o(.constdata)
    ASCII_Table                              0x080079a0   Data        4560  stm32_2.8_lcd.o(.constdata)
    Region$$Table$$Base                      0x08008bb4   Number         0  anon$$obj.o(Region$$Table)
    Region$$Table$$Limit                     0x08008bd4   Number         0  anon$$obj.o(Region$$Table)
    now_flag                                 0x20000000   Data           1  freertos.o(.data)
    last_flag                                0x20000001   Data           1  freertos.o(.data)
    Adc_data                                 0x20000004   Data           4  freertos.o(.data)
    xxx1                                     0x20000008   Data           4  freertos.o(.data)
    Vbus_data                                0x2000000c   Data           4  freertos.o(.data)
    xxx2                                     0x20000010   Data           4  freertos.o(.data)
    str1                                     0x20000014   Data          10  freertos.o(.data)
    str2                                     0x2000001e   Data           5  freertos.o(.data)
    str3                                     0x20000023   Data          13  freertos.o(.data)
    str4                                     0x20000030   Data          13  freertos.o(.data)
    str5                                     0x2000003d   Data          12  freertos.o(.data)
    str6                                     0x20000049   Data           9  freertos.o(.data)
    button_flag                              0x20000052   Data           1  freertos.o(.data)
    Task1Handle                              0x20000054   Data           4  freertos.o(.data)
    myTask02Handle                           0x20000058   Data           4  freertos.o(.data)
    myTask03Handle                           0x2000005c   Data           4  freertos.o(.data)
    myTask04Handle                           0x20000060   Data           4  freertos.o(.data)
    myTask05Handle                           0x20000064   Data           4  freertos.o(.data)
    Timer_1msHandle                          0x20000068   Data           4  freertos.o(.data)
    uwTick                                   0x2000006c   Data           4  stm32f4xx_hal.o(.data)
    uwTickPrio                               0x20000070   Data           4  stm32f4xx_hal.o(.data)
    uwTickFreq                               0x20000074   Data           1  stm32f4xx_hal.o(.data)
    SystemCoreClock                          0x20000078   Data           4  system_stm32f4xx.o(.data)
    pxCurrentTCB                             0x2000007c   Data           4  tasks.o(.data)
    last_time                                0x200000fc   Data           4  hall_encoder.o(.data)
    now_time                                 0x20000100   Data           4  hall_encoder.o(.data)
    delta_time                               0x20000104   Data           4  hall_encoder.o(.data)
    last_volcity                             0x20000108   Data           2  hall_encoder.o(.data)
    test_volcity                             0x2000010a   Data           2  hall_encoder.o(.data)
    TextColor                                0x2000010c   Data           2  stm32_2.8_lcd.o(.data)
    BackColor                                0x2000010e   Data           2  stm32_2.8_lcd.o(.data)
    bldc                                     0x20000110   Data          92  freertos.o(.bss)
    hadc1                                    0x2000016c   Data          72  adc.o(.bss)
    hadc3                                    0x200001b4   Data          72  adc.o(.bss)
    hdma_adc1                                0x200001fc   Data          96  adc.o(.bss)
    hdma_adc3                                0x2000025c   Data          96  adc.o(.bss)
    htim2                                    0x200002bc   Data          72  tim.o(.bss)
    htim3                                    0x20000304   Data          72  tim.o(.bss)
    htim8                                    0x2000034c   Data          72  tim.o(.bss)
    huart1                                   0x20000394   Data          68  usart.o(.bss)
    htim13                                   0x200003d8   Data          72  stm32f4xx_hal_timebase_tim.o(.bss)
    xQueueRegistry                           0x20000420   Data          64  queue.o(.bss)
    __libspace_start                         0x20004cf4   Data          96  libspace.o(.bss)
    __temporary_stack_top$libspace           0x20004d54   Data           0  libspace.o(.bss)



==============================================================================

Memory Map of the image

  Image Entry point : 0x08000189

  Load Region LR_IROM1 (Base: 0x08000000, Size: 0x00008ce4, Max: 0x00100000, ABSOLUTE)

    Execution Region ER_IROM1 (Exec base: 0x08000000, Load base: 0x08000000, Size: 0x00008bd4, Max: 0x00100000, ABSOLUTE)

    Exec Addr    Load Addr    Size         Type   Attr      Idx    E Section Name        Object

    0x08000000   0x08000000   0x00000188   Data   RO            3    RESET               startup_stm32f407xx.o
    0x08000188   0x08000188   0x00000008   Code   RO         5713  * !!!main             c_w.l(__main.o)
    0x08000190   0x08000190   0x00000034   Code   RO         5907    !!!scatter          c_w.l(__scatter.o)
    0x080001c4   0x080001c4   0x0000001a   Code   RO         5909    !!handler_copy      c_w.l(__scatter_copy.o)
    0x080001de   0x080001de   0x00000002   PAD
    0x080001e0   0x080001e0   0x0000001c   Code   RO         5911    !!handler_zi        c_w.l(__scatter_zi.o)
    0x080001fc   0x080001fc   0x00000002   Code   RO         5775    .ARM.Collect$$libinit$$00000000  c_w.l(libinit.o)
    0x080001fe   0x080001fe   0x00000004   Code   RO         5787    .ARM.Collect$$libinit$$00000001  c_w.l(libinit2.o)
    0x08000202   0x08000202   0x00000000   Code   RO         5790    .ARM.Collect$$libinit$$00000004  c_w.l(libinit2.o)
    0x08000202   0x08000202   0x00000000   Code   RO         5793    .ARM.Collect$$libinit$$0000000A  c_w.l(libinit2.o)
    0x08000202   0x08000202   0x00000000   Code   RO         5795    .ARM.Collect$$libinit$$0000000C  c_w.l(libinit2.o)
    0x08000202   0x08000202   0x00000000   Code   RO         5797    .ARM.Collect$$libinit$$0000000E  c_w.l(libinit2.o)
    0x08000202   0x08000202   0x00000000   Code   RO         5800    .ARM.Collect$$libinit$$00000011  c_w.l(libinit2.o)
    0x08000202   0x08000202   0x00000000   Code   RO         5802    .ARM.Collect$$libinit$$00000013  c_w.l(libinit2.o)
    0x08000202   0x08000202   0x00000000   Code   RO         5804    .ARM.Collect$$libinit$$00000015  c_w.l(libinit2.o)
    0x08000202   0x08000202   0x00000000   Code   RO         5806    .ARM.Collect$$libinit$$00000017  c_w.l(libinit2.o)
    0x08000202   0x08000202   0x00000000   Code   RO         5808    .ARM.Collect$$libinit$$00000019  c_w.l(libinit2.o)
    0x08000202   0x08000202   0x00000000   Code   RO         5810    .ARM.Collect$$libinit$$0000001B  c_w.l(libinit2.o)
    0x08000202   0x08000202   0x00000000   Code   RO         5812    .ARM.Collect$$libinit$$0000001D  c_w.l(libinit2.o)
    0x08000202   0x08000202   0x00000000   Code   RO         5814    .ARM.Collect$$libinit$$0000001F  c_w.l(libinit2.o)
    0x08000202   0x08000202   0x00000000   Code   RO         5816    .ARM.Collect$$libinit$$00000021  c_w.l(libinit2.o)
    0x08000202   0x08000202   0x00000000   Code   RO         5818    .ARM.Collect$$libinit$$00000023  c_w.l(libinit2.o)
    0x08000202   0x08000202   0x00000000   Code   RO         5820    .ARM.Collect$$libinit$$00000025  c_w.l(libinit2.o)
    0x08000202   0x08000202   0x00000000   Code   RO         5824    .ARM.Collect$$libinit$$0000002C  c_w.l(libinit2.o)
    0x08000202   0x08000202   0x00000000   Code   RO         5826    .ARM.Collect$$libinit$$0000002E  c_w.l(libinit2.o)
    0x08000202   0x08000202   0x00000000   Code   RO         5828    .ARM.Collect$$libinit$$00000030  c_w.l(libinit2.o)
    0x08000202   0x08000202   0x00000000   Code   RO         5830    .ARM.Collect$$libinit$$00000032  c_w.l(libinit2.o)
    0x08000202   0x08000202   0x00000002   Code   RO         5831    .ARM.Collect$$libinit$$00000033  c_w.l(libinit2.o)
    0x08000204   0x08000204   0x00000002   Code   RO         5862    .ARM.Collect$$libshutdown$$00000000  c_w.l(libshutdown.o)
    0x08000206   0x08000206   0x00000000   Code   RO         5888    .ARM.Collect$$libshutdown$$00000002  c_w.l(libshutdown2.o)
    0x08000206   0x08000206   0x00000000   Code   RO         5890    .ARM.Collect$$libshutdown$$00000004  c_w.l(libshutdown2.o)
    0x08000206   0x08000206   0x00000000   Code   RO         5892    .ARM.Collect$$libshutdown$$00000006  c_w.l(libshutdown2.o)
    0x08000206   0x08000206   0x00000000   Code   RO         5895    .ARM.Collect$$libshutdown$$00000009  c_w.l(libshutdown2.o)
    0x08000206   0x08000206   0x00000000   Code   RO         5898    .ARM.Collect$$libshutdown$$0000000C  c_w.l(libshutdown2.o)
    0x08000206   0x08000206   0x00000000   Code   RO         5900    .ARM.Collect$$libshutdown$$0000000E  c_w.l(libshutdown2.o)
    0x08000206   0x08000206   0x00000000   Code   RO         5903    .ARM.Collect$$libshutdown$$00000011  c_w.l(libshutdown2.o)
    0x08000206   0x08000206   0x00000002   Code   RO         5904    .ARM.Collect$$libshutdown$$00000012  c_w.l(libshutdown2.o)
    0x08000208   0x08000208   0x00000000   Code   RO         5733    .ARM.Collect$$rtentry$$00000000  c_w.l(__rtentry.o)
    0x08000208   0x08000208   0x00000000   Code   RO         5746    .ARM.Collect$$rtentry$$00000002  c_w.l(__rtentry2.o)
    0x08000208   0x08000208   0x00000006   Code   RO         5758    .ARM.Collect$$rtentry$$00000004  c_w.l(__rtentry4.o)
    0x0800020e   0x0800020e   0x00000000   Code   RO         5748    .ARM.Collect$$rtentry$$00000009  c_w.l(__rtentry2.o)
    0x0800020e   0x0800020e   0x00000004   Code   RO         5749    .ARM.Collect$$rtentry$$0000000A  c_w.l(__rtentry2.o)
    0x08000212   0x08000212   0x00000000   Code   RO         5751    .ARM.Collect$$rtentry$$0000000C  c_w.l(__rtentry2.o)
    0x08000212   0x08000212   0x00000008   Code   RO         5752    .ARM.Collect$$rtentry$$0000000D  c_w.l(__rtentry2.o)
    0x0800021a   0x0800021a   0x00000002   Code   RO         5779    .ARM.Collect$$rtexit$$00000000  c_w.l(rtexit.o)
    0x0800021c   0x0800021c   0x00000000   Code   RO         5835    .ARM.Collect$$rtexit$$00000002  c_w.l(rtexit2.o)
    0x0800021c   0x0800021c   0x00000004   Code   RO         5836    .ARM.Collect$$rtexit$$00000003  c_w.l(rtexit2.o)
    0x08000220   0x08000220   0x00000006   Code   RO         5837    .ARM.Collect$$rtexit$$00000004  c_w.l(rtexit2.o)
    0x08000226   0x08000226   0x00000002   PAD
    0x08000228   0x08000228   0x000000be   Code   RO         5251    .emb_text           port.o
    0x080002e6   0x080002e6   0x00000002   PAD
    0x080002e8   0x080002e8   0x00000040   Code   RO            4    .text               startup_stm32f407xx.o
    0x08000328   0x08000328   0x000000ee   Code   RO         5699    .text               c_w.l(lludivv7m.o)
    0x08000416   0x08000416   0x0000008a   Code   RO         5701    .text               c_w.l(rt_memcpy_v6.o)
    0x080004a0   0x080004a0   0x00000064   Code   RO         5703    .text               c_w.l(rt_memcpy_w.o)
    0x08000504   0x08000504   0x00000010   Code   RO         5707    .text               c_w.l(aeabi_memset.o)
    0x08000514   0x08000514   0x0000004e   Code   RO         5709    .text               c_w.l(rt_memclr_w.o)
    0x08000562   0x08000562   0x00000006   Code   RO         5711    .text               c_w.l(heapauxi.o)
    0x08000568   0x08000568   0x00000044   Code   RO         5738    .text               c_w.l(rt_memclr.o)
    0x080005ac   0x080005ac   0x0000004a   Code   RO         5762    .text               c_w.l(sys_stackheap_outer.o)
    0x080005f6   0x080005f6   0x00000012   Code   RO         5764    .text               c_w.l(exit.o)
    0x08000608   0x08000608   0x00000008   Code   RO         5776    .text               c_w.l(libspace.o)
    0x08000610   0x08000610   0x0000000c   Code   RO         5832    .text               c_w.l(sys_exit.o)
    0x0800061c   0x0800061c   0x00000002   Code   RO         5851    .text               c_w.l(use_no_semi.o)
    0x0800061e   0x0800061e   0x00000000   Code   RO         5853    .text               c_w.l(indicate_semi.o)
    0x0800061e   0x0800061e   0x0000007e   Code   RO          677    i.ADC_DMAConvCplt   stm32f4xx_hal_adc.o
    0x0800069c   0x0800069c   0x0000001a   Code   RO          678    i.ADC_DMAError      stm32f4xx_hal_adc.o
    0x080006b6   0x080006b6   0x0000000e   Code   RO          679    i.ADC_DMAHalfConvCplt  stm32f4xx_hal_adc.o
    0x080006c4   0x080006c4   0x00000018   Code   RO          520    i.ADC_IRQHandler    stm32f4xx_it.o
    0x080006dc   0x080006dc   0x00000160   Code   RO          680    i.ADC_Init          stm32f4xx_hal_adc.o
    0x0800083c   0x0800083c   0x0000025c   Code   RO         5383    i.BLDCSend          bldc.o
    0x08000a98   0x08000a98   0x00000216   Code   RO         5384    i.BLDC_PhaseChange  bldc.o
    0x08000cae   0x08000cae   0x00000004   Code   RO          521    i.BusFault_Handler  stm32f4xx_it.o
    0x08000cb2   0x08000cb2   0x00000002   PAD
    0x08000cb4   0x08000cb4   0x00000010   Code   RO          522    i.DMA2_Stream0_IRQHandler  stm32f4xx_it.o
    0x08000cc4   0x08000cc4   0x00000010   Code   RO          523    i.DMA2_Stream1_IRQHandler  stm32f4xx_it.o
    0x08000cd4   0x08000cd4   0x00000034   Code   RO         1459    i.DMA_CalcBaseAndBitshift  stm32f4xx_hal_dma.o
    0x08000d08   0x08000d08   0x000000aa   Code   RO         1460    i.DMA_CheckFifoParam  stm32f4xx_hal_dma.o
    0x08000db2   0x08000db2   0x0000002c   Code   RO         1461    i.DMA_SetConfig     stm32f4xx_hal_dma.o
    0x08000dde   0x08000dde   0x00000002   Code   RO          524    i.DebugMon_Handler  stm32f4xx_it.o
    0x08000de0   0x08000de0   0x00000006   Code   RO           13    i.Error_Handler     main.o
    0x08000de6   0x08000de6   0x00000002   Code   RO          851    i.HAL_ADCEx_InjectedConvCpltCallback  stm32f4xx_hal_adc_ex.o
    0x08000de8   0x08000de8   0x0000018c   Code   RO          682    i.HAL_ADC_ConfigChannel  stm32f4xx_hal_adc.o
    0x08000f74   0x08000f74   0x00000002   Code   RO          683    i.HAL_ADC_ConvCpltCallback  stm32f4xx_hal_adc.o
    0x08000f76   0x08000f76   0x00000002   Code   RO          684    i.HAL_ADC_ConvHalfCpltCallback  stm32f4xx_hal_adc.o
    0x08000f78   0x08000f78   0x00000002   Code   RO          686    i.HAL_ADC_ErrorCallback  stm32f4xx_hal_adc.o
    0x08000f7a   0x08000f7a   0x00000162   Code   RO          690    i.HAL_ADC_IRQHandler  stm32f4xx_hal_adc.o
    0x080010dc   0x080010dc   0x00000068   Code   RO          691    i.HAL_ADC_Init      stm32f4xx_hal_adc.o
    0x08001144   0x08001144   0x00000002   Code   RO          692    i.HAL_ADC_LevelOutOfWindowCallback  stm32f4xx_hal_adc.o
    0x08001146   0x08001146   0x00000002   PAD
    0x08001148   0x08001148   0x00000198   Code   RO          347    i.HAL_ADC_MspInit   adc.o
    0x080012e0   0x080012e0   0x0000014c   Code   RO          697    i.HAL_ADC_Start     stm32f4xx_hal_adc.o
    0x0800142c   0x0800142c   0x000001b4   Code   RO          698    i.HAL_ADC_Start_DMA  stm32f4xx_hal_adc.o
    0x080015e0   0x080015e0   0x00000240   Code   RO         1467    i.HAL_DMA_IRQHandler  stm32f4xx_hal_dma.o
    0x08001820   0x08001820   0x000000ec   Code   RO         1468    i.HAL_DMA_Init      stm32f4xx_hal_dma.o
    0x0800190c   0x0800190c   0x00000092   Code   RO         1472    i.HAL_DMA_Start_IT  stm32f4xx_hal_dma.o
    0x0800199e   0x0800199e   0x00000002   PAD
    0x080019a0   0x080019a0   0x000001f4   Code   RO         1355    i.HAL_GPIO_Init     stm32f4xx_hal_gpio.o
    0x08001b94   0x08001b94   0x00000010   Code   RO         1357    i.HAL_GPIO_ReadPin  stm32f4xx_hal_gpio.o
    0x08001ba4   0x08001ba4   0x0000000c   Code   RO         1359    i.HAL_GPIO_WritePin  stm32f4xx_hal_gpio.o
    0x08001bb0   0x08001bb0   0x0000000c   Code   RO         1892    i.HAL_GetTick       stm32f4xx_hal.o
    0x08001bbc   0x08001bbc   0x00000018   Code   RO         1898    i.HAL_IncTick       stm32f4xx_hal.o
    0x08001bd4   0x08001bd4   0x0000003c   Code   RO         1899    i.HAL_Init          stm32f4xx_hal.o
    0x08001c10   0x08001c10   0x0000008c   Code   RO          638    i.HAL_InitTick      stm32f4xx_hal_timebase_tim.o
    0x08001c9c   0x08001c9c   0x00000054   Code   RO          614    i.HAL_MspInit       stm32f4xx_hal_msp.o
    0x08001cf0   0x08001cf0   0x00000020   Code   RO         1744    i.HAL_NVIC_EnableIRQ  stm32f4xx_hal_cortex.o
    0x08001d10   0x08001d10   0x0000007c   Code   RO         1750    i.HAL_NVIC_SetPriority  stm32f4xx_hal_cortex.o
    0x08001d8c   0x08001d8c   0x00000028   Code   RO         1751    i.HAL_NVIC_SetPriorityGrouping  stm32f4xx_hal_cortex.o
    0x08001db4   0x08001db4   0x00000184   Code   RO          956    i.HAL_RCC_ClockConfig  stm32f4xx_hal_rcc.o
    0x08001f38   0x08001f38   0x00000044   Code   RO          960    i.HAL_RCC_GetClockConfig  stm32f4xx_hal_rcc.o
    0x08001f7c   0x08001f7c   0x0000000c   Code   RO          961    i.HAL_RCC_GetHCLKFreq  stm32f4xx_hal_rcc.o
    0x08001f88   0x08001f88   0x00000020   Code   RO          963    i.HAL_RCC_GetPCLK1Freq  stm32f4xx_hal_rcc.o
    0x08001fa8   0x08001fa8   0x00000020   Code   RO          964    i.HAL_RCC_GetPCLK2Freq  stm32f4xx_hal_rcc.o
    0x08001fc8   0x08001fc8   0x000000b0   Code   RO          965    i.HAL_RCC_GetSysClockFreq  stm32f4xx_hal_rcc.o
    0x08002078   0x08002078   0x0000049c   Code   RO          968    i.HAL_RCC_OscConfig  stm32f4xx_hal_rcc.o
    0x08002514   0x08002514   0x00000064   Code   RO         5385    i.HAL_TIMEx_BreakCallback  bldc.o
    0x08002578   0x08002578   0x00000002   Code   RO         2855    i.HAL_TIMEx_CommutCallback  stm32f4xx_hal_tim_ex.o
    0x0800257a   0x0800257a   0x00000074   Code   RO         2857    i.HAL_TIMEx_ConfigBreakDeadTime  stm32f4xx_hal_tim_ex.o
    0x080025ee   0x080025ee   0x00000002   PAD
    0x080025f0   0x080025f0   0x000000b4   Code   RO         2873    i.HAL_TIMEx_MasterConfigSynchronization  stm32f4xx_hal_tim_ex.o
    0x080026a4   0x080026a4   0x00000066   Code   RO         2139    i.HAL_TIM_Base_Init  stm32f4xx_hal_tim.o
    0x0800270a   0x0800270a   0x00000002   PAD
    0x0800270c   0x0800270c   0x00000190   Code   RO          419    i.HAL_TIM_Base_MspInit  tim.o
    0x0800289c   0x0800289c   0x0000009c   Code   RO         2142    i.HAL_TIM_Base_Start  stm32f4xx_hal_tim.o
    0x08002938   0x08002938   0x000000a8   Code   RO         2144    i.HAL_TIM_Base_Start_IT  stm32f4xx_hal_tim.o
    0x080029e0   0x080029e0   0x0000010c   Code   RO         2148    i.HAL_TIM_ConfigClockSource  stm32f4xx_hal_tim.o
    0x08002aec   0x08002aec   0x00000016   Code   RO         2150    i.HAL_TIM_ConfigTI1Input  stm32f4xx_hal_tim.o
    0x08002b02   0x08002b02   0x00000002   PAD
    0x08002b04   0x08002b04   0x00000070   Code   RO         5331    i.HAL_TIM_IC_CaptureCallback  hall_encoder.o
    0x08002b74   0x08002b74   0x000000de   Code   RO         2175    i.HAL_TIM_IC_ConfigChannel  stm32f4xx_hal_tim.o
    0x08002c52   0x08002c52   0x00000066   Code   RO         2178    i.HAL_TIM_IC_Init   stm32f4xx_hal_tim.o
    0x08002cb8   0x08002cb8   0x00000002   Code   RO         2180    i.HAL_TIM_IC_MspInit  stm32f4xx_hal_tim.o
    0x08002cba   0x08002cba   0x00000002   PAD
    0x08002cbc   0x08002cbc   0x00000190   Code   RO         2183    i.HAL_TIM_IC_Start_IT  stm32f4xx_hal_tim.o
    0x08002e4c   0x08002e4c   0x00000196   Code   RO         2187    i.HAL_TIM_IRQHandler  stm32f4xx_hal_tim.o
    0x08002fe2   0x08002fe2   0x00000002   PAD
    0x08002fe4   0x08002fe4   0x00000064   Code   RO          420    i.HAL_TIM_MspPostInit  tim.o
    0x08003048   0x08003048   0x00000002   Code   RO         2190    i.HAL_TIM_OC_DelayElapsedCallback  stm32f4xx_hal_tim.o
    0x0800304a   0x0800304a   0x00000104   Code   RO         2211    i.HAL_TIM_PWM_ConfigChannel  stm32f4xx_hal_tim.o
    0x0800314e   0x0800314e   0x00000066   Code   RO         2214    i.HAL_TIM_PWM_Init  stm32f4xx_hal_tim.o
    0x080031b4   0x080031b4   0x00000002   Code   RO         2216    i.HAL_TIM_PWM_MspInit  stm32f4xx_hal_tim.o
    0x080031b6   0x080031b6   0x00000002   Code   RO         2217    i.HAL_TIM_PWM_PulseFinishedCallback  stm32f4xx_hal_tim.o
    0x080031b8   0x080031b8   0x0000010c   Code   RO         2219    i.HAL_TIM_PWM_Start  stm32f4xx_hal_tim.o
    0x080032c4   0x080032c4   0x000000a8   Code   RO         2222    i.HAL_TIM_PWM_Stop  stm32f4xx_hal_tim.o
    0x0800336c   0x0800336c   0x00000018   Code   RO           14    i.HAL_TIM_PeriodElapsedCallback  main.o
    0x08003384   0x08003384   0x00000002   Code   RO         2230    i.HAL_TIM_TriggerCallback  stm32f4xx_hal_tim.o
    0x08003386   0x08003386   0x00000002   Code   RO         3146    i.HAL_UART_ErrorCallback  stm32f4xx_hal_uart.o
    0x08003388   0x08003388   0x00000072   Code   RO         3150    i.HAL_UART_Init     stm32f4xx_hal_uart.o
    0x080033fa   0x080033fa   0x00000002   PAD
    0x080033fc   0x080033fc   0x00000088   Code   RO          479    i.HAL_UART_MspInit  usart.o
    0x08003484   0x08003484   0x000000d2   Code   RO         3158    i.HAL_UART_Transmit  stm32f4xx_hal_uart.o
    0x08003556   0x08003556   0x00000002   PAD
    0x08003558   0x08003558   0x000000ac   Code   RO         3159    i.HAL_UART_Transmit_DMA  stm32f4xx_hal_uart.o
    0x08003604   0x08003604   0x00000002   Code   RO         3161    i.HAL_UART_TxCpltCallback  stm32f4xx_hal_uart.o
    0x08003606   0x08003606   0x00000002   Code   RO         3162    i.HAL_UART_TxHalfCpltCallback  stm32f4xx_hal_uart.o
    0x08003608   0x08003608   0x00000004   Code   RO          525    i.HardFault_Handler  stm32f4xx_it.o
    0x0800360c   0x0800360c   0x0000002c   Code   RO          253    i.KeyStateRead      freertos.o
    0x08003638   0x08003638   0x00000038   Code   RO         5482    i.LCD_Clear         stm32_2.8_lcd.o
    0x08003670   0x08003670   0x00000094   Code   RO         5484    i.LCD_CtrlLinesConfig  stm32_2.8_lcd.o
    0x08003704   0x08003704   0x00000014   Code   RO         5485    i.LCD_CtrlLinesWrite  stm32_2.8_lcd.o
    0x08003718   0x08003718   0x00000028   Code   RO         5486    i.LCD_DisplayChar   stm32_2.8_lcd.o
    0x08003740   0x08003740   0x00000046   Code   RO         5489    i.LCD_DisplayStringLine  stm32_2.8_lcd.o
    0x08003786   0x08003786   0x00000002   PAD
    0x08003788   0x08003788   0x00000088   Code   RO         5490    i.LCD_DrawChar      stm32_2.8_lcd.o
    0x08003810   0x08003810   0x000000be   Code   RO         5495    i.LCD_Draw_NUM      stm32_2.8_lcd.o
    0x080038ce   0x080038ce   0x00000002   PAD
    0x080038d0   0x080038d0   0x000000e4   Code   RO         5496    i.LCD_GPIOConfig    stm32_2.8_lcd.o
    0x080039b4   0x080039b4   0x00000010   Code   RO         5498    i.LCD_SetBackColor  stm32_2.8_lcd.o
    0x080039c4   0x080039c4   0x00000018   Code   RO         5499    i.LCD_SetCursor     stm32_2.8_lcd.o
    0x080039dc   0x080039dc   0x00000010   Code   RO         5501    i.LCD_SetTextColor  stm32_2.8_lcd.o
    0x080039ec   0x080039ec   0x000001fa   Code   RO         5502    i.LCD_Setup         stm32_2.8_lcd.o
    0x08003be6   0x08003be6   0x00000002   PAD
    0x08003be8   0x08003be8   0x00000050   Code   RO         5505    i.LCD_WriteRAM      stm32_2.8_lcd.o
    0x08003c38   0x08003c38   0x0000001c   Code   RO         5507    i.LCD_WriteRAM_Prepare  stm32_2.8_lcd.o
    0x08003c54   0x08003c54   0x00000070   Code   RO         5508    i.LCD_WriteReg      stm32_2.8_lcd.o
    0x08003cc4   0x08003cc4   0x00000074   Code   RO         5509    i.LCD_WriteRegIndex  stm32_2.8_lcd.o
    0x08003d38   0x08003d38   0x0000006c   Code   RO          348    i.MX_ADC1_Init      adc.o
    0x08003da4   0x08003da4   0x0000006c   Code   RO          349    i.MX_ADC3_Init      adc.o
    0x08003e10   0x08003e10   0x00000048   Code   RO          394    i.MX_DMA_Init       dma.o
    0x08003e58   0x08003e58   0x000000ac   Code   RO          254    i.MX_FREERTOS_Init  freertos.o
    0x08003f04   0x08003f04   0x0000012c   Code   RO          229    i.MX_GPIO_Init      gpio.o
    0x08004030   0x08004030   0x000000d0   Code   RO          421    i.MX_TIM2_Init      tim.o
    0x08004100   0x08004100   0x0000006c   Code   RO          422    i.MX_TIM3_Init      tim.o
    0x0800416c   0x0800416c   0x00000104   Code   RO          423    i.MX_TIM8_Init      tim.o
    0x08004270   0x08004270   0x00000038   Code   RO          480    i.MX_USART1_UART_Init  usart.o
    0x080042a8   0x080042a8   0x00000004   Code   RO          526    i.MemManage_Handler  stm32f4xx_it.o
    0x080042ac   0x080042ac   0x00000004   Code   RO          527    i.NMI_Handler       stm32f4xx_it.o
    0x080042b0   0x080042b0   0x00000044   Code   RO         5448    i.PID_Init          pid.o
    0x080042f4   0x080042f4   0x00000050   Code   RO         5332    i.ReadHallStatus    hall_encoder.o
    0x08004344   0x08004344   0x00000008   Code   RO         5511    i.STM32_LCD_Init    stm32_2.8_lcd.o
    0x0800434c   0x0800434c   0x00000044   Code   RO          255    i.StartTask02       freertos.o
    0x08004390   0x08004390   0x00000090   Code   RO          256    i.StartTask03       freertos.o
    0x08004420   0x08004420   0x00000094   Code   RO          257    i.StartTask04       freertos.o
    0x080044b4   0x080044b4   0x00000068   Code   RO          258    i.StartTask05       freertos.o
    0x0800451c   0x0800451c   0x0000001c   Code   RO          259    i.StartTask1        freertos.o
    0x08004538   0x08004538   0x00000016   Code   RO         4669    i.SysTick_Handler   cmsis_os2.o
    0x0800454e   0x0800454e   0x00000002   PAD
    0x08004550   0x08004550   0x000000b4   Code   RO           15    i.SystemClock_Config  main.o
    0x08004604   0x08004604   0x00000014   Code   RO         3489    i.SystemInit        system_stm32f4xx.o
    0x08004618   0x08004618   0x00000010   Code   RO          528    i.TIM2_IRQHandler   stm32f4xx_it.o
    0x08004628   0x08004628   0x00000010   Code   RO          529    i.TIM8_BRK_TIM12_IRQHandler  stm32f4xx_it.o
    0x08004638   0x08004638   0x00000018   Code   RO          530    i.TIM8_UP_TIM13_IRQHandler  stm32f4xx_it.o
    0x08004650   0x08004650   0x000000d8   Code   RO         2232    i.TIM_Base_SetConfig  stm32f4xx_hal_tim.o
    0x08004728   0x08004728   0x00000022   Code   RO         2233    i.TIM_CCxChannelCmd  stm32f4xx_hal_tim.o
    0x0800474a   0x0800474a   0x00000016   Code   RO         2243    i.TIM_ETR_SetConfig  stm32f4xx_hal_tim.o
    0x08004760   0x08004760   0x00000012   Code   RO         2244    i.TIM_ITRx_SetConfig  stm32f4xx_hal_tim.o
    0x08004772   0x08004772   0x00000002   PAD
    0x08004774   0x08004774   0x00000070   Code   RO         2245    i.TIM_OC1_SetConfig  stm32f4xx_hal_tim.o
    0x080047e4   0x080047e4   0x0000007c   Code   RO         2246    i.TIM_OC2_SetConfig  stm32f4xx_hal_tim.o
    0x08004860   0x08004860   0x00000078   Code   RO         2247    i.TIM_OC3_SetConfig  stm32f4xx_hal_tim.o
    0x080048d8   0x080048d8   0x00000054   Code   RO         2248    i.TIM_OC4_SetConfig  stm32f4xx_hal_tim.o
    0x0800492c   0x0800492c   0x00000026   Code   RO         2250    i.TIM_TI1_ConfigInputStage  stm32f4xx_hal_tim.o
    0x08004952   0x08004952   0x00000002   PAD
    0x08004954   0x08004954   0x00000090   Code   RO         2251    i.TIM_TI1_SetConfig  stm32f4xx_hal_tim.o
    0x080049e4   0x080049e4   0x00000028   Code   RO         2252    i.TIM_TI2_ConfigInputStage  stm32f4xx_hal_tim.o
    0x08004a0c   0x08004a0c   0x0000003a   Code   RO         2253    i.TIM_TI2_SetConfig  stm32f4xx_hal_tim.o
    0x08004a46   0x08004a46   0x00000038   Code   RO         2254    i.TIM_TI3_SetConfig  stm32f4xx_hal_tim.o
    0x08004a7e   0x08004a7e   0x0000003c   Code   RO         2255    i.TIM_TI4_SetConfig  stm32f4xx_hal_tim.o
    0x08004aba   0x08004aba   0x00000016   Code   RO         4670    i.TimerCallback     cmsis_os2.o
    0x08004ad0   0x08004ad0   0x00000002   Code   RO          260    i.Timer_1ms_Callback  freertos.o
    0x08004ad2   0x08004ad2   0x00000050   Code   RO         3164    i.UART_DMAError     stm32f4xx_hal_uart.o
    0x08004b22   0x08004b22   0x00000058   Code   RO         3169    i.UART_DMATransmitCplt  stm32f4xx_hal_uart.o
    0x08004b7a   0x08004b7a   0x0000000e   Code   RO         3171    i.UART_DMATxHalfCplt  stm32f4xx_hal_uart.o
    0x08004b88   0x08004b88   0x0000006c   Code   RO         3173    i.UART_EndRxTransfer  stm32f4xx_hal_uart.o
    0x08004bf4   0x08004bf4   0x00000026   Code   RO         3175    i.UART_EndTxTransfer  stm32f4xx_hal_uart.o
    0x08004c1a   0x08004c1a   0x00000002   PAD
    0x08004c1c   0x08004c1c   0x0000022c   Code   RO         3177    i.UART_SetConfig    stm32f4xx_hal_uart.o
    0x08004e48   0x08004e48   0x00000092   Code   RO         3181    i.UART_WaitOnFlagUntilTimeout  stm32f4xx_hal_uart.o
    0x08004eda   0x08004eda   0x00000004   Code   RO          531    i.UsageFault_Handler  stm32f4xx_it.o
    0x08004ede   0x08004ede   0x00000002   PAD
    0x08004ee0   0x08004ee0   0x000000b0   Code   RO         5333    i.VolCalc           hall_encoder.o
    0x08004f90   0x08004f90   0x00000010   Code   RO         1757    i.__NVIC_GetPriorityGrouping  stm32f4xx_hal_cortex.o
    0x08004fa0   0x08004fa0   0x00000028   Code   RO         1758    i.__NVIC_SetPriority  stm32f4xx_hal_cortex.o
    0x08004fc8   0x08004fc8   0x00000006   Code   RO         4671    i.__get_IPSR        cmsis_os2.o
    0x08004fce   0x08004fce   0x00000002   PAD
    0x08004fd0   0x08004fd0   0x00000024   Code   RO         5512    i.delay             stm32_2.8_lcd.o
    0x08004ff4   0x08004ff4   0x0000011c   Code   RO           16    i.main              main.o
    0x08005110   0x08005110   0x0000001e   Code   RO         4672    i.osDelay           cmsis_os2.o
    0x0800512e   0x0800512e   0x00000002   PAD
    0x08005130   0x08005130   0x0000002c   Code   RO         4686    i.osKernelInitialize  cmsis_os2.o
    0x0800515c   0x0800515c   0x00000060   Code   RO         4689    i.osKernelStart     cmsis_os2.o
    0x080051bc   0x080051bc   0x000000b8   Code   RO         4731    i.osThreadNew       cmsis_os2.o
    0x08005274   0x08005274   0x000000bc   Code   RO         4740    i.osTimerNew        cmsis_os2.o
    0x08005330   0x08005330   0x0000003c   Code   RO         4741    i.osTimerStart      cmsis_os2.o
    0x0800536c   0x0800536c   0x0000007c   Code   RO         4106    i.prvAddCurrentTaskToDelayedList  tasks.o
    0x080053e8   0x080053e8   0x000000b8   Code   RO         4107    i.prvAddNewTaskToReadyList  tasks.o
    0x080054a0   0x080054a0   0x00000074   Code   RO         4482    i.prvCheckForValidListAndQueue  timers.o
    0x08005514   0x08005514   0x00000048   Code   RO         4108    i.prvCheckTasksWaitingTermination  tasks.o
    0x0800555c   0x0800555c   0x0000002a   Code   RO         3693    i.prvCopyDataFromQueue  queue.o
    0x08005586   0x08005586   0x0000007e   Code   RO         3694    i.prvCopyDataToQueue  queue.o
    0x08005604   0x08005604   0x00000050   Code   RO         4109    i.prvDeleteTCB      tasks.o
    0x08005654   0x08005654   0x00000028   Code   RO         4483    i.prvGetNextExpireTime  timers.o
    0x0800567c   0x0800567c   0x0000007c   Code   RO         5196    i.prvHeapInit       heap_4.o
    0x080056f8   0x080056f8   0x00000028   Code   RO         4110    i.prvIdleTask       tasks.o
    0x08005720   0x08005720   0x0000002a   Code   RO         3697    i.prvInitialiseNewQueue  queue.o
    0x0800574a   0x0800574a   0x000000be   Code   RO         4111    i.prvInitialiseNewTask  tasks.o
    0x08005808   0x08005808   0x0000005a   Code   RO         4484    i.prvInitialiseNewTimer  timers.o
    0x08005862   0x08005862   0x00000002   PAD
    0x08005864   0x08005864   0x00000068   Code   RO         4112    i.prvInitialiseTaskLists  tasks.o
    0x080058cc   0x080058cc   0x00000068   Code   RO         5197    i.prvInsertBlockIntoFreeList  heap_4.o
    0x08005934   0x08005934   0x00000058   Code   RO         4485    i.prvInsertTimerInActiveList  timers.o
    0x0800598c   0x0800598c   0x0000001a   Code   RO         3698    i.prvIsQueueEmpty   queue.o
    0x080059a6   0x080059a6   0x0000001e   Code   RO         3699    i.prvIsQueueFull    queue.o
    0x080059c4   0x080059c4   0x00000074   Code   RO         4486    i.prvProcessExpiredTimer  timers.o
    0x08005a38   0x08005a38   0x00000164   Code   RO         4487    i.prvProcessReceivedCommands  timers.o
    0x08005b9c   0x08005b9c   0x00000074   Code   RO         4488    i.prvProcessTimerOrBlockTask  timers.o
    0x08005c10   0x08005c10   0x00000034   Code   RO         4114    i.prvResetNextTaskUnblockTime  tasks.o
    0x08005c44   0x08005c44   0x0000002c   Code   RO         4489    i.prvSampleTimeNow  timers.o
    0x08005c70   0x08005c70   0x000000a4   Code   RO         4490    i.prvSwitchTimerLists  timers.o
    0x08005d14   0x08005d14   0x00000040   Code   RO         5252    i.prvTaskExitError  port.o
    0x08005d54   0x08005d54   0x0000001a   Code   RO         4491    i.prvTimerTask      timers.o
    0x08005d6e   0x08005d6e   0x0000007e   Code   RO         3700    i.prvUnlockQueue    queue.o
    0x08005dec   0x08005dec   0x0000014c   Code   RO         5198    i.pvPortMalloc      heap_4.o
    0x08005f38   0x08005f38   0x0000002c   Code   RO         4492    i.pvTimerGetTimerID  timers.o
    0x08005f64   0x08005f64   0x0000002c   Code   RO         5253    i.pxPortInitialiseStack  port.o
    0x08005f90   0x08005f90   0x00000028   Code   RO         3653    i.uxListRemove      list.o
    0x08005fb8   0x08005fb8   0x00000018   Code   RO         4743    i.vApplicationGetIdleTaskMemory  cmsis_os2.o
    0x08005fd0   0x08005fd0   0x00000018   Code   RO         4744    i.vApplicationGetTimerTaskMemory  cmsis_os2.o
    0x08005fe8   0x08005fe8   0x0000001a   Code   RO         3654    i.vListInitialise   list.o
    0x08006002   0x08006002   0x00000006   Code   RO         3655    i.vListInitialiseItem  list.o
    0x08006008   0x08006008   0x00000034   Code   RO         3656    i.vListInsert       list.o
    0x0800603c   0x0800603c   0x00000018   Code   RO         3657    i.vListInsertEnd    list.o
    0x08006054   0x08006054   0x00000054   Code   RO         5255    i.vPortEnterCritical  port.o
    0x080060a8   0x080060a8   0x0000003c   Code   RO         5256    i.vPortExitCritical  port.o
    0x080060e4   0x080060e4   0x000000a4   Code   RO         5199    i.vPortFree         heap_4.o
    0x08006188   0x08006188   0x00000028   Code   RO         5257    i.vPortSetupTimerInterrupt  port.o
    0x080061b0   0x080061b0   0x00000078   Code   RO         5258    i.vPortValidateInterruptPriority  port.o
    0x08006228   0x08006228   0x0000002c   Code   RO         3706    i.vQueueAddToRegistry  queue.o
    0x08006254   0x08006254   0x0000004a   Code   RO         3710    i.vQueueWaitForMessageRestricted  queue.o
    0x0800629e   0x0800629e   0x00000002   PAD
    0x080062a0   0x080062a0   0x0000005c   Code   RO         4127    i.vTaskDelay        tasks.o
    0x080062fc   0x080062fc   0x00000018   Code   RO         4132    i.vTaskInternalSetTimeOutState  tasks.o
    0x08006314   0x08006314   0x0000000c   Code   RO         4133    i.vTaskMissedYield  tasks.o
    0x08006320   0x08006320   0x00000038   Code   RO         4135    i.vTaskPlaceOnEventList  tasks.o
    0x08006358   0x08006358   0x00000040   Code   RO         4136    i.vTaskPlaceOnEventListRestricted  tasks.o
    0x08006398   0x08006398   0x000000b8   Code   RO         4144    i.vTaskStartScheduler  tasks.o
    0x08006450   0x08006450   0x00000010   Code   RO         4146    i.vTaskSuspendAll   tasks.o
    0x08006460   0x08006460   0x00000090   Code   RO         4147    i.vTaskSwitchContext  tasks.o
    0x080064f0   0x080064f0   0x00000168   Code   RO         5259    i.xPortStartScheduler  port.o
    0x08006658   0x08006658   0x00000034   Code   RO         5260    i.xPortSysTickHandler  port.o
    0x0800668c   0x0800668c   0x000000e0   Code   RO         3716    i.xQueueGenericCreateStatic  queue.o
    0x0800676c   0x0800676c   0x00000098   Code   RO         3717    i.xQueueGenericReset  queue.o
    0x08006804   0x08006804   0x000001a8   Code   RO         3718    i.xQueueGenericSend  queue.o
    0x080069ac   0x080069ac   0x000000fc   Code   RO         3719    i.xQueueGenericSendFromISR  queue.o
    0x08006aa8   0x08006aa8   0x00000168   Code   RO         3728    i.xQueueReceive     queue.o
    0x08006c10   0x08006c10   0x0000008c   Code   RO         4149    i.xTaskCheckForTimeOut  tasks.o
    0x08006c9c   0x08006c9c   0x00000064   Code   RO         4150    i.xTaskCreate       tasks.o
    0x08006d00   0x08006d00   0x000000ba   Code   RO         4151    i.xTaskCreateStatic  tasks.o
    0x08006dba   0x08006dba   0x00000002   PAD
    0x08006dbc   0x08006dbc   0x00000020   Code   RO         4155    i.xTaskGetSchedulerState  tasks.o
    0x08006ddc   0x08006ddc   0x0000000c   Code   RO         4156    i.xTaskGetTickCount  tasks.o
    0x08006de8   0x08006de8   0x00000144   Code   RO         4158    i.xTaskIncrementTick  tasks.o
    0x08006f2c   0x08006f2c   0x000000a4   Code   RO         4161    i.xTaskPriorityDisinherit  tasks.o
    0x08006fd0   0x08006fd0   0x00000098   Code   RO         4163    i.xTaskRemoveFromEventList  tasks.o
    0x08007068   0x08007068   0x00000104   Code   RO         4164    i.xTaskResumeAll    tasks.o
    0x0800716c   0x0800716c   0x00000036   Code   RO         4498    i.xTimerCreate      timers.o
    0x080071a2   0x080071a2   0x00000072   Code   RO         4499    i.xTimerCreateStatic  timers.o
    0x08007214   0x08007214   0x00000078   Code   RO         4500    i.xTimerCreateTimerTask  timers.o
    0x0800728c   0x0800728c   0x00000084   Code   RO         4501    i.xTimerGenericCommand  timers.o
    0x08007310   0x08007310   0x00000150   Code   RO         5715    x$fpl$dadd          fz_wm.l(daddsub_clz.o)
    0x08007460   0x08007460   0x0000005a   Code   RO         5721    x$fpl$dfixu         fz_wm.l(dfixu.o)
    0x080074ba   0x080074ba   0x00000026   Code   RO         5725    x$fpl$dfltu         fz_wm.l(dflt_clz.o)
    0x080074e0   0x080074e0   0x00000154   Code   RO         5731    x$fpl$dmul          fz_wm.l(dmul.o)
    0x08007634   0x08007634   0x0000009c   Code   RO         5740    x$fpl$dnaninf       fz_wm.l(dnaninf.o)
    0x080076d0   0x080076d0   0x0000000c   Code   RO         5742    x$fpl$dretinf       fz_wm.l(dretinf.o)
    0x080076dc   0x080076dc   0x000001d4   Code   RO         5717    x$fpl$dsub          fz_wm.l(daddsub_clz.o)
    0x080078b0   0x080078b0   0x0000000a   Code   RO         5847    x$fpl$fpinit        fz_wm.l(fpinit.o)
    0x080078ba   0x080078ba   0x00000000   Code   RO         5744    x$fpl$usenofp       fz_wm.l(usenofp.o)
    0x080078ba   0x080078ba   0x00000002   PAD
    0x080078bc   0x080078bc   0x000000c4   Data   RO          262    .constdata          freertos.o
    0x08007980   0x08007980   0x00000008   Data   RO         1474    .constdata          stm32f4xx_hal_dma.o
    0x08007988   0x08007988   0x00000018   Data   RO         3490    .constdata          system_stm32f4xx.o
    0x080079a0   0x080079a0   0x000011d0   Data   RO         5513    .constdata          stm32_2.8_lcd.o
    0x08008b70   0x08008b70   0x00000042   Data   RO          263    .conststring        freertos.o
    0x08008bb2   0x08008bb2   0x00000002   PAD
    0x08008bb4   0x08008bb4   0x00000020   Data   RO         5905    Region$$Table       anon$$obj.o


    Execution Region RW_IRAM1 (Exec base: 0x20000000, Load base: 0x08008bd4, Size: 0x00005358, Max: 0x0001c000, ABSOLUTE)

    Exec Addr    Load Addr    Size         Type   Attr      Idx    E Section Name        Object

    0x20000000   0x08008bd4   0x0000006c   Data   RW          264    .data               freertos.o
    0x2000006c   0x08008c40   0x00000009   Data   RW         1906    .data               stm32f4xx_hal.o
    0x20000075   0x08008c49   0x00000003   PAD
    0x20000078   0x08008c4c   0x00000004   Data   RW         3491    .data               system_stm32f4xx.o
    0x2000007c   0x08008c50   0x0000003c   Data   RW         4167    .data               tasks.o
    0x200000b8   0x08008c8c   0x00000014   Data   RW         4509    .data               timers.o
    0x200000cc   0x08008ca0   0x00000004   Data   RW         4746    .data               cmsis_os2.o
    0x200000d0   0x08008ca4   0x00000020   Data   RW         5205    .data               heap_4.o
    0x200000f0   0x08008cc4   0x0000000c   Data   RW         5261    .data               port.o
    0x200000fc   0x08008cd0   0x00000010   Data   RW         5334    .data               hall_encoder.o
    0x2000010c   0x08008ce0   0x00000004   Data   RW         5514    .data               stm32_2.8_lcd.o
    0x20000110        -       0x0000005c   Zero   RW          261    .bss                freertos.o
    0x2000016c        -       0x00000150   Zero   RW          350    .bss                adc.o
    0x200002bc        -       0x000000d8   Zero   RW          424    .bss                tim.o
    0x20000394        -       0x00000044   Zero   RW          481    .bss                usart.o
    0x200003d8        -       0x00000048   Zero   RW          641    .bss                stm32f4xx_hal_timebase_tim.o
    0x20000420        -       0x00000040   Zero   RW         3732    .bss                queue.o
    0x20000460        -       0x000004c4   Zero   RW         4166    .bss                tasks.o
    0x20000924        -       0x00000118   Zero   RW         4508    .bss                timers.o
    0x20000a3c        -       0x000006b8   Zero   RW         4745    .bss                cmsis_os2.o
    0x200010f4        -       0x00003c00   Zero   RW         5204    .bss                heap_4.o
    0x20004cf4        -       0x00000060   Zero   RW         5777    .bss                c_w.l(libspace.o)
    0x20004d54   0x08008ce4   0x00000004   PAD
    0x20004d58        -       0x00000200   Zero   RW            2    HEAP                startup_stm32f407xx.o
    0x20004f58        -       0x00000400   Zero   RW            1    STACK               startup_stm32f407xx.o


    Execution Region RW_IRAM2 (Exec base: 0x2001c000, Load base: 0x08008ce4, Size: 0x00000000, Max: 0x00004000, ABSOLUTE)

    **** No section assigned to this execution region ****


==============================================================================

Image component sizes


      Code (inc. data)   RO Data    RW Data    ZI Data      Debug   Object Name

       624         56          0          0        336       2658   adc.o
      1238         50          0          0          0       2374   bldc.o
       700         44          0          4       1720      63915   cmsis_os2.o
        72          4          0          0          0        790   dma.o
         0          0          0          0          0      21988   event_groups.o
       710        152        262        108         92       9991   freertos.o
       300         16          0          0          0       1107   gpio.o
       368         70          0         16          0       4577   hall_encoder.o
       724         74          0         32      15360       4927   heap_4.o
       148          0          0          0          0       3626   list.o
       494         42          0          0          0     722747   main.o
        68         10          0          0          0        843   pid.o
      1014         92          0         12          0      11805   port.o
      1922         20          0          0         64      17548   queue.o
        64         26        392          0       1536        852   startup_stm32f407xx.o
      1830        104       4560          4          0      15314   stm32_2.8_lcd.o
        96         20          0          9          0       8134   stm32f4xx_hal.o
      2148         90          0          0          0      10013   stm32f4xx_hal_adc.o
         2          0          0          0          0       1025   stm32f4xx_hal_adc_ex.o
       252         22          0          0          0      33734   stm32f4xx_hal_cortex.o
      1224         16          8          0          0       5615   stm32f4xx_hal_dma.o
       528         46          0          0          0       2823   stm32f4xx_hal_gpio.o
        84          6          0          0          0        878   stm32f4xx_hal_msp.o
      1888         94          0          0          0       6345   stm32f4xx_hal_rcc.o
      3780        238          0          0          0      24824   stm32f4xx_hal_tim.o
       298         30          0          0          0       2779   stm32f4xx_hal_tim_ex.o
       140         18          0          0         72       1500   stm32f4xx_hal_timebase_tim.o
      1532         22          0          0          0       9973   stm32f4xx_hal_uart.o
       134         40          0          0          0       5955   stm32f4xx_it.o
         0          0          0          0          0        392   stream_buffer.o
        20          6         24          4          0       1159   system_stm32f4xx.o
      2808        346          0         60       1220      27702   tasks.o
      1076         58          0          0        216       4378   tim.o
      1620        124          0         20        280      37071   timers.o
       192         22          0          0         68       1734   usart.o

    ----------------------------------------------------------------------
     28146       1958       5280        272      20964    1071096   Object Totals
         0          0         32          0          0          0   (incl. Generated)
        48          0          2          3          0          0   (incl. Padding)

    ----------------------------------------------------------------------

      Code (inc. data)   RO Data    RW Data    ZI Data      Debug   Library Member Name

         8          0          0          0          0         68   __main.o
         0          0          0          0          0          0   __rtentry.o
        12          0          0          0          0          0   __rtentry2.o
         6          0          0          0          0          0   __rtentry4.o
        52          8          0          0          0          0   __scatter.o
        26          0          0          0          0          0   __scatter_copy.o
        28          0          0          0          0          0   __scatter_zi.o
        16          0          0          0          0         68   aeabi_memset.o
        18          0          0          0          0         80   exit.o
         6          0          0          0          0        152   heapauxi.o
         0          0          0          0          0          0   indicate_semi.o
         2          0          0          0          0          0   libinit.o
         6          0          0          0          0          0   libinit2.o
         2          0          0          0          0          0   libshutdown.o
         2          0          0          0          0          0   libshutdown2.o
         8          4          0          0         96         68   libspace.o
       238          0          0          0          0        100   lludivv7m.o
        68          0          0          0          0         68   rt_memclr.o
        78          0          0          0          0         80   rt_memclr_w.o
       138          0          0          0          0         68   rt_memcpy_v6.o
       100          0          0          0          0         80   rt_memcpy_w.o
         2          0          0          0          0          0   rtexit.o
        10          0          0          0          0          0   rtexit2.o
        12          4          0          0          0         68   sys_exit.o
        74          0          0          0          0         80   sys_stackheap_outer.o
         2          0          0          0          0         68   use_no_semi.o
       804         16          0          0          0        368   daddsub_clz.o
        90          4          0          0          0        140   dfixu.o
        38          0          0          0          0        116   dflt_clz.o
       340         12          0          0          0        152   dmul.o
       156          4          0          0          0        140   dnaninf.o
        12          0          0          0          0        116   dretinf.o
        10          0          0          0          0        116   fpinit.o
         0          0          0          0          0          0   usenofp.o

    ----------------------------------------------------------------------
      2370         52          0          0        100       2196   Library Totals
         6          0          0          0          4          0   (incl. Padding)

    ----------------------------------------------------------------------

      Code (inc. data)   RO Data    RW Data    ZI Data      Debug   Library Name

       914         16          0          0         96       1048   c_w.l
      1450         36          0          0          0       1148   fz_wm.l

    ----------------------------------------------------------------------
      2370         52          0          0        100       2196   Library Totals

    ----------------------------------------------------------------------

==============================================================================


      Code (inc. data)   RO Data    RW Data    ZI Data      Debug   

     30516       2010       5280        272      21064    1049724   Grand Totals
     30516       2010       5280        272      21064    1049724   ELF Image Totals
     30516       2010       5280        272          0          0   ROM Totals

==============================================================================

    Total RO  Size (Code + RO Data)                35796 (  34.96kB)
    Total RW  Size (RW Data + ZI Data)             21336 (  20.84kB)
    Total ROM Size (Code + RO Data + RW Data)      36068 (  35.22kB)

==============================================================================

