Component: ARM Compiler 5.06 update 7 (build 960) Tool: armlink [4d3601]

==============================================================================

Section Cross References

    startup_stm32f407xx.o(STACK) refers (Special) to heapauxi.o(.text) for __use_two_region_memory
    startup_stm32f407xx.o(HEAP) refers (Special) to heapauxi.o(.text) for __use_two_region_memory
    startup_stm32f407xx.o(RESET) refers (Special) to heapauxi.o(.text) for __use_two_region_memory
    startup_stm32f407xx.o(RESET) refers to startup_stm32f407xx.o(STACK) for __initial_sp
    startup_stm32f407xx.o(RESET) refers to startup_stm32f407xx.o(.text) for Reset_Handler
    startup_stm32f407xx.o(RESET) refers to stm32f4xx_it.o(i.NMI_Handler) for NMI_Handler
    startup_stm32f407xx.o(RESET) refers to stm32f4xx_it.o(i.HardFault_Handler) for HardFault_Handler
    startup_stm32f407xx.o(RESET) refers to stm32f4xx_it.o(i.MemManage_Handler) for MemManage_Handler
    startup_stm32f407xx.o(RESET) refers to stm32f4xx_it.o(i.BusFault_Handler) for BusFault_Handler
    startup_stm32f407xx.o(RESET) refers to stm32f4xx_it.o(i.UsageFault_Handler) for UsageFault_Handler
    startup_stm32f407xx.o(RESET) refers to port.o(.emb_text) for SVC_Handler
    startup_stm32f407xx.o(RESET) refers to stm32f4xx_it.o(i.DebugMon_Handler) for DebugMon_Handler
    startup_stm32f407xx.o(RESET) refers to cmsis_os2.o(i.SysTick_Handler) for SysTick_Handler
    startup_stm32f407xx.o(RESET) refers to stm32f4xx_it.o(i.USART1_IRQHandler) for USART1_IRQHandler
    startup_stm32f407xx.o(RESET) refers to stm32f4xx_it.o(i.TIM8_TRG_COM_TIM14_IRQHandler) for TIM8_TRG_COM_TIM14_IRQHandler
    startup_stm32f407xx.o(RESET) refers to stm32f4xx_it.o(i.DMA2_Stream2_IRQHandler) for DMA2_Stream2_IRQHandler
    startup_stm32f407xx.o(RESET) refers to stm32f4xx_it.o(i.DMA2_Stream7_IRQHandler) for DMA2_Stream7_IRQHandler
    startup_stm32f407xx.o(.text) refers (Special) to heapauxi.o(.text) for __use_two_region_memory
    startup_stm32f407xx.o(.text) refers to system_stm32f4xx.o(i.SystemInit) for SystemInit
    startup_stm32f407xx.o(.text) refers to __main.o(!!!main) for __main
    startup_stm32f407xx.o(.text) refers to startup_stm32f407xx.o(HEAP) for Heap_Mem
    startup_stm32f407xx.o(.text) refers to startup_stm32f407xx.o(STACK) for Stack_Mem
    main.o(i.HAL_TIM_PeriodElapsedCallback) refers to stm32f4xx_hal.o(i.HAL_IncTick) for HAL_IncTick
    main.o(i.HAL_UART_RxCpltCallback) refers to stm32f4xx_hal_uart.o(i.HAL_UART_Transmit_DMA) for HAL_UART_Transmit_DMA
    main.o(i.HAL_UART_RxCpltCallback) refers to stm32f4xx_hal_uart.o(i.HAL_UART_Receive_IT) for HAL_UART_Receive_IT
    main.o(i.HAL_UART_RxCpltCallback) refers to main.o(.data) for .data
    main.o(i.HAL_UART_RxCpltCallback) refers to usart.o(.bss) for huart1
    main.o(i.HAL_UART_RxCpltCallback) refers to main.o(.bss) for .bss
    main.o(i.SystemClock_Config) refers to rt_memclr_w.o(.text) for __aeabi_memclr4
    main.o(i.SystemClock_Config) refers to stm32f4xx_hal_rcc.o(i.HAL_RCC_OscConfig) for HAL_RCC_OscConfig
    main.o(i.SystemClock_Config) refers to stm32f4xx_hal_rcc.o(i.HAL_RCC_ClockConfig) for HAL_RCC_ClockConfig
    main.o(i.main) refers to _printf_percent.o(.ARM.Collect$$_printf_percent$$00000000) for _printf_percent
    main.o(i.main) refers to _printf_s.o(.ARM.Collect$$_printf_percent$$00000014) for _printf_s
    main.o(i.main) refers to _printf_str.o(.text) for _printf_str
    main.o(i.main) refers to stm32f4xx_hal.o(i.HAL_Init) for HAL_Init
    main.o(i.main) refers to main.o(i.SystemClock_Config) for SystemClock_Config
    main.o(i.main) refers to gpio.o(i.MX_GPIO_Init) for MX_GPIO_Init
    main.o(i.main) refers to dma.o(i.MX_DMA_Init) for MX_DMA_Init
    main.o(i.main) refers to usart.o(i.MX_USART1_UART_Init) for MX_USART1_UART_Init
    main.o(i.main) refers to noretval__2sprintf.o(.text) for __2sprintf
    main.o(i.main) refers to stm32f4xx_hal_uart.o(i.HAL_UART_Transmit_DMA) for HAL_UART_Transmit_DMA
    main.o(i.main) refers to stm32f4xx_hal_uart.o(i.HAL_UART_Receive_IT) for HAL_UART_Receive_IT
    main.o(i.main) refers to cmsis_os2.o(i.osKernelInitialize) for osKernelInitialize
    main.o(i.main) refers to freertos.o(i.MX_FREERTOS_Init) for MX_FREERTOS_Init
    main.o(i.main) refers to cmsis_os2.o(i.osKernelStart) for osKernelStart
    main.o(i.main) refers to stm32f4xx_hal_gpio.o(i.HAL_GPIO_WritePin) for HAL_GPIO_WritePin
    main.o(i.main) refers to stm32f4xx_hal.o(i.HAL_Delay) for HAL_Delay
    main.o(i.main) refers to main.o(.data) for .data
    main.o(i.main) refers to usart.o(.bss) for huart1
    main.o(i.main) refers to main.o(.bss) for .bss
    gpio.o(i.MX_GPIO_Init) refers to rt_memclr_w.o(.text) for __aeabi_memclr4
    gpio.o(i.MX_GPIO_Init) refers to stm32f4xx_hal_gpio.o(i.HAL_GPIO_WritePin) for HAL_GPIO_WritePin
    gpio.o(i.MX_GPIO_Init) refers to stm32f4xx_hal_gpio.o(i.HAL_GPIO_Init) for HAL_GPIO_Init
    freertos.o(i.MX_FREERTOS_Init) refers to cmsis_os2.o(i.osThreadNew) for osThreadNew
[...]
    i.HAL_TIM_OC_DelayElapsedCallback        0x08001738   Section        0  stm32f4xx_hal_tim.o(i.HAL_TIM_OC_DelayElapsedCallback)
    i.HAL_TIM_PWM_PulseFinishedCallback      0x0800173a   Section        0  stm32f4xx_hal_tim.o(i.HAL_TIM_PWM_PulseFinishedCallback)
    i.HAL_TIM_PeriodElapsedCallback          0x0800173c   Section        0  main.o(i.HAL_TIM_PeriodElapsedCallback)
    i.HAL_TIM_TriggerCallback                0x08001750   Section        0  stm32f4xx_hal_tim.o(i.HAL_TIM_TriggerCallback)
    i.HAL_UARTEx_RxEventCallback             0x08001752   Section        0  stm32f4xx_hal_uart.o(i.HAL_UARTEx_RxEventCallback)
    i.HAL_UART_ErrorCallback                 0x08001754   Section        0  stm32f4xx_hal_uart.o(i.HAL_UART_ErrorCallback)
    i.HAL_UART_IRQHandler                    0x08001758   Section        0  stm32f4xx_hal_uart.o(i.HAL_UART_IRQHandler)
    i.HAL_UART_Init                          0x080019c0   Section        0  stm32f4xx_hal_uart.o(i.HAL_UART_Init)
    i.HAL_UART_MspInit                       0x08001a24   Section        0  usart.o(i.HAL_UART_MspInit)
    i.HAL_UART_Receive_IT                    0x08001b0c   Section        0  stm32f4xx_hal_uart.o(i.HAL_UART_Receive_IT)
    i.HAL_UART_RxCpltCallback                0x08001b38   Section        0  main.o(i.HAL_UART_RxCpltCallback)
    i.HAL_UART_Transmit_DMA                  0x08001b60   Section        0  stm32f4xx_hal_uart.o(i.HAL_UART_Transmit_DMA)
    i.HAL_UART_TxCpltCallback                0x08001bec   Section        0  stm32f4xx_hal_uart.o(i.HAL_UART_TxCpltCallback)
    i.HAL_UART_TxHalfCpltCallback            0x08001bee   Section        0  stm32f4xx_hal_uart.o(i.HAL_UART_TxHalfCpltCallback)
    i.HardFault_Handler                      0x08001bf0   Section        0  stm32f4xx_it.o(i.HardFault_Handler)
    i.MX_DMA_Init                            0x08001bf4   Section        0  dma.o(i.MX_DMA_Init)
    i.MX_FREERTOS_Init                       0x08001c30   Section        0  freertos.o(i.MX_FREERTOS_Init)
    i.MX_GPIO_Init                           0x08001c60   Section        0  gpio.o(i.MX_GPIO_Init)
    i.MX_USART1_UART_Init                    0x08001ccc   Section        0  usart.o(i.MX_USART1_UART_Init)
    i.MemManage_Handler                      0x08001d04   Section        0  stm32f4xx_it.o(i.MemManage_Handler)
    i.NMI_Handler                            0x08001d06   Section        0  stm32f4xx_it.o(i.NMI_Handler)
    i.StartDefaultTask                       0x08001d08   Section        0  freertos.o(i.StartDefaultTask)
    i.StartTask02                            0x08001d34   Section        0  freertos.o(i.StartTask02)
    i.SysTick_Handler                        0x08001d50   Section        0  cmsis_os2.o(i.SysTick_Handler)
    i.SystemClock_Config                     0x08001d6c   Section        0  main.o(i.SystemClock_Config)
    i.SystemInit                             0x08001e04   Section        0  system_stm32f4xx.o(i.SystemInit)
    i.TIM8_TRG_COM_TIM14_IRQHandler          0x08001e14   Section        0  stm32f4xx_it.o(i.TIM8_TRG_COM_TIM14_IRQHandler)
    i.TIM_Base_SetConfig                     0x08001e20   Section        0  stm32f4xx_hal_tim.o(i.TIM_Base_SetConfig)
    i.UART_DMAAbortOnError                   0x08001ee8   Section        0  stm32f4xx_hal_uart.o(i.UART_DMAAbortOnError)
    UART_DMAAbortOnError                     0x08001ee9   Thumb Code    16  stm32f4xx_hal_uart.o(i.UART_DMAAbortOnError)
    i.UART_DMAError                          0x08001ef8   Section        0  stm32f4xx_hal_uart.o(i.UART_DMAError)
    UART_DMAError                            0x08001ef9   Thumb Code    74  stm32f4xx_hal_uart.o(i.UART_DMAError)
    i.UART_DMATransmitCplt                   0x08001f42   Section        0  stm32f4xx_hal_uart.o(i.UART_DMATransmitCplt)
    UART_DMATransmitCplt                     0x08001f43   Thumb Code    66  stm32f4xx_hal_uart.o(i.UART_DMATransmitCplt)
    i.UART_DMATxHalfCplt                     0x08001f84   Section        0  stm32f4xx_hal_uart.o(i.UART_DMATxHalfCplt)
    UART_DMATxHalfCplt                       0x08001f85   Thumb Code    10  stm32f4xx_hal_uart.o(i.UART_DMATxHalfCplt)
    i.UART_EndRxTransfer                     0x08001f8e   Section        0  stm32f4xx_hal_uart.o(i.UART_EndRxTransfer)
    UART_EndRxTransfer                       0x08001f8f   Thumb Code    78  stm32f4xx_hal_uart.o(i.UART_EndRxTransfer)
    i.UART_EndTxTransfer                     0x08001fdc   Section        0  stm32f4xx_hal_uart.o(i.UART_EndTxTransfer)
    UART_EndTxTransfer                       0x08001fdd   Thumb Code    28  stm32f4xx_hal_uart.o(i.UART_EndTxTransfer)
    i.UART_Receive_IT                        0x08001ff8   Section        0  stm32f4xx_hal_uart.o(i.UART_Receive_IT)
    UART_Receive_IT                          0x08001ff9   Thumb Code   192  stm32f4xx_hal_uart.o(i.UART_Receive_IT)
    i.UART_SetConfig                         0x080020b8   Section        0  stm32f4xx_hal_uart.o(i.UART_SetConfig)
    UART_SetConfig                           0x080020b9   Thumb Code   258  stm32f4xx_hal_uart.o(i.UART_SetConfig)
    i.UART_Start_Receive_IT                  0x080021c4   Section        0  stm32f4xx_hal_uart.o(i.UART_Start_Receive_IT)
    i.USART1_IRQHandler                      0x08002200   Section        0  stm32f4xx_it.o(i.USART1_IRQHandler)
    i.UsageFault_Handler                     0x0800220c   Section        0  stm32f4xx_it.o(i.UsageFault_Handler)
    i.__NVIC_SetPriority                     0x0800220e   Section        0  stm32f4xx_hal_cortex.o(i.__NVIC_SetPriority)
    __NVIC_SetPriority                       0x0800220f   Thumb Code    32  stm32f4xx_hal_cortex.o(i.__NVIC_SetPriority)
    i.main                                   0x08002230   Section        0  main.o(i.main)
    i.osDelay                                0x080022ac   Section        0  cmsis_os2.o(i.osDelay)
    i.osKernelInitialize                     0x080022c8   Section        0  cmsis_os2.o(i.osKernelInitialize)
    i.osKernelStart                          0x080022ec   Section        0  cmsis_os2.o(i.osKernelStart)
    i.osThreadNew                            0x08002324   Section        0  cmsis_os2.o(i.osThreadNew)
    i.prvAddCurrentTaskToDelayedList         0x080023b0   Section        0  tasks.o(i.prvAddCurrentTaskToDelayedList)
    prvAddCurrentTaskToDelayedList           0x080023b1   Thumb Code    84  tasks.o(i.prvAddCurrentTaskToDelayedList)
    i.prvAddNewTaskToReadyList               0x0800240c   Section        0  tasks.o(i.prvAddNewTaskToReadyList)
    prvAddNewTaskToReadyList                 0x0800240d   Thumb Code   190  tasks.o(i.prvAddNewTaskToReadyList)
    i.prvCheckForValidListAndQueue           0x080024dc   Section        0  timers.o(i.prvCheckForValidListAndQueue)
    prvCheckForValidListAndQueue             0x080024dd   Thumb Code    72  timers.o(i.prvCheckForValidListAndQueue)
    i.prvCopyDataFromQueue                   0x08002534   Section        0  queue.o(i.prvCopyDataFromQueue)
    prvCopyDataFromQueue                     0x08002535   Thumb Code    38  queue.o(i.prvCopyDataFromQueue)
    i.prvCopyDataToQueue                     0x0800255a   Section        0  queue.o(i.prvCopyDataToQueue)
    prvCopyDataToQueue                       0x0800255b   Thumb Code   108  queue.o(i.prvCopyDataToQueue)
    i.prvDeleteTCB                           0x080025c6   Section        0  tasks.o(i.prvDeleteTCB)
    prvDeleteTCB                             0x080025c7   Thumb Code    52  tasks.o(i.prvDeleteTCB)
    i.prvHeapInit                            0x080025fc   Section        0  heap_4.o(i.prvHeapInit)
    prvHeapInit                              0x080025fd   Thumb Code    66  heap_4.o(i.prvHeapInit)
    i.prvIdleTask                            0x08002648   Section        0  tasks.o(i.prvIdleTask)
    prvIdleTask                              0x08002649   Thumb Code    82  tasks.o(i.prvIdleTask)
    i.prvInitialiseNewQueue                  0x080026a8   Section        0  queue.o(i.prvInitialiseNewQueue)
    prvInitialiseNewQueue                    0x080026a9   Thumb Code    34  queue.o(i.prvInitialiseNewQueue)
    i.prvInitialiseNewTask                   0x080026cc   Section        0  tasks.o(i.prvInitialiseNewTask)
    prvInitialiseNewTask                     0x080026cd   Thumb Code   176  tasks.o(i.prvInitialiseNewTask)
    i.prvInsertBlockIntoFreeList             0x0800277c   Section        0  heap_4.o(i.prvInsertBlockIntoFreeList)
    prvInsertBlockIntoFreeList               0x0800277d   Thumb Code    72  heap_4.o(i.prvInsertBlockIntoFreeList)
    i.prvInsertTimerInActiveList             0x080027c8   Section        0  timers.o(i.prvInsertTimerInActiveList)
    prvInsertTimerInActiveList               0x080027c9   Thumb Code    52  timers.o(i.prvInsertTimerInActiveList)
    i.prvIsQueueEmpty                        0x08002800   Section        0  queue.o(i.prvIsQueueEmpty)
    prvIsQueueEmpty                          0x08002801   Thumb Code    28  queue.o(i.prvIsQueueEmpty)
    i.prvProcessReceivedCommands             0x0800281c   Section        0  timers.o(i.prvProcessReceivedCommands)
    prvProcessReceivedCommands               0x0800281d   Thumb Code   248  timers.o(i.prvProcessReceivedCommands)
    i.prvProcessTimerOrBlockTask             0x08002918   Section        0  timers.o(i.prvProcessTimerOrBlockTask)
    prvProcessTimerOrBlockTask               0x08002919   Thumb Code   182  timers.o(i.prvProcessTimerOrBlockTask)
    i.prvResetNextTaskUnblockTime            0x080029d8   Section        0  tasks.o(i.prvResetNextTaskUnblockTime)
    prvResetNextTaskUnblockTime              0x080029d9   Thumb Code    26  tasks.o(i.prvResetNextTaskUnblockTime)
    i.prvSampleTimeNow                       0x080029f8   Section        0  timers.o(i.prvSampleTimeNow)
    prvSampleTimeNow                         0x080029f9   Thumb Code    36  timers.o(i.prvSampleTimeNow)
    i.prvSwitchTimerLists                    0x08002a20   Section        0  timers.o(i.prvSwitchTimerLists)
    prvSwitchTimerLists                      0x08002a21   Thumb Code   104  timers.o(i.prvSwitchTimerLists)
    i.prvTaskExitError                       0x08002a8c   Section        0  port.o(i.prvTaskExitError)
    prvTaskExitError                         0x08002a8d   Thumb Code    36  port.o(i.prvTaskExitError)
    i.prvTimerTask                           0x08002ab4   Section        0  timers.o(i.prvTimerTask)
    prvTimerTask                             0x08002ab5   Thumb Code    32  timers.o(i.prvTimerTask)
    i.prvUnlockQueue                         0x08002ad8   Section        0  queue.o(i.prvUnlockQueue)
    prvUnlockQueue                           0x08002ad9   Thumb Code   106  queue.o(i.prvUnlockQueue)
    i.pvPortMalloc                           0x08002b44   Section        0  heap_4.o(i.pvPortMalloc)
    i.pxPortInitialiseStack                  0x08002c20   Section        0  port.o(i.pxPortInitialiseStack)
    i.uxListRemove                           0x08002c4c   Section        0  list.o(i.uxListRemove)
    i.vApplicationGetIdleTaskMemory          0x08002c74   Section        0  cmsis_os2.o(i.vApplicationGetIdleTaskMemory)
    i.vApplicationGetTimerTaskMemory         0x08002c88   Section        0  cmsis_os2.o(i.vApplicationGetTimerTaskMemory)
    i.vListInitialise                        0x08002ca0   Section        0  list.o(i.vListInitialise)
    i.vListInitialiseItem                    0x08002cb6   Section        0  list.o(i.vListInitialiseItem)
    i.vListInsert                            0x08002cbc   Section        0  list.o(i.vListInsert)
    i.vListInsertEnd                         0x08002cec   Section        0  list.o(i.vListInsertEnd)
    i.vPortEnterCritical                     0x08002d04   Section        0  port.o(i.vPortEnterCritical)
    i.vPortExitCritical                      0x08002d44   Section        0  port.o(i.vPortExitCritical)
    i.vPortFree                              0x08002d6c   Section        0  heap_4.o(i.vPortFree)
    i.vPortSetupTimerInterrupt               0x08002dd0   Section        0  port.o(i.vPortSetupTimerInterrupt)
    i.vPortValidateInterruptPriority         0x08002df4   Section        0  port.o(i.vPortValidateInterruptPriority)
    i.vQueueAddToRegistry                    0x08002e48   Section        0  queue.o(i.vQueueAddToRegistry)
    i.vQueueWaitForMessageRestricted         0x08002e70   Section        0  queue.o(i.vQueueWaitForMessageRestricted)
    i.vTaskDelay                             0x08002eb4   Section        0  tasks.o(i.vTaskDelay)
    i.vTaskInternalSetTimeOutState           0x08002f00   Section        0  tasks.o(i.vTaskInternalSetTimeOutState)
    i.vTaskMissedYield                       0x08002f10   Section        0  tasks.o(i.vTaskMissedYield)
    i.vTaskPlaceOnEventList                  0x08002f1c   Section        0  tasks.o(i.vTaskPlaceOnEventList)
    i.vTaskPlaceOnEventListRestricted        0x08002f4c   Section        0  tasks.o(i.vTaskPlaceOnEventListRestricted)
    i.vTaskStartScheduler                    0x08002f84   Section        0  tasks.o(i.vTaskStartScheduler)
    i.vTaskSuspendAll                        0x0800300c   Section        0  tasks.o(i.vTaskSuspendAll)
    i.vTaskSwitchContext                     0x0800301c   Section        0  tasks.o(i.vTaskSwitchContext)
    i.xPortStartScheduler                    0x08003080   Section        0  port.o(i.xPortStartScheduler)
    i.xPortSysTickHandler                    0x08003174   Section        0  port.o(i.xPortSysTickHandler)
    i.xQueueGenericCreateStatic              0x080031a0   Section        0  queue.o(i.xQueueGenericCreateStatic)
    i.xQueueGenericReset                     0x08003208   Section        0  queue.o(i.xQueueGenericReset)
    i.xQueueGenericSend                      0x08003290   Section        0  queue.o(i.xQueueGenericSend)
    i.xQueueGenericSendFromISR               0x080033f0   Section        0  queue.o(i.xQueueGenericSendFromISR)
    i.xQueueReceive                          0x080034b0   Section        0  queue.o(i.xQueueReceive)
    i.xTaskCheckForTimeOut                   0x080035e8   Section        0  tasks.o(i.xTaskCheckForTimeOut)
    i.xTaskCreate                            0x0800365c   Section        0  tasks.o(i.xTaskCreate)
    i.xTaskCreateStatic                      0x080036b6   Section        0  tasks.o(i.xTaskCreateStatic)
    i.xTaskGetSchedulerState                 0x0800370c   Section        0  tasks.o(i.xTaskGetSchedulerState)
    i.xTaskGetTickCount                      0x08003728   Section        0  tasks.o(i.xTaskGetTickCount)
    i.xTaskIncrementTick                     0x08003734   Section        0  tasks.o(i.xTaskIncrementTick)
    i.xTaskPriorityDisinherit                0x080037fc   Section        0  tasks.o(i.xTaskPriorityDisinherit)
    i.xTaskRemoveFromEventList               0x0800387c   Section        0  tasks.o(i.xTaskRemoveFromEventList)
    i.xTaskResumeAll                         0x080038ec   Section        0  tasks.o(i.xTaskResumeAll)
    i.xTimerCreateTimerTask                  0x080039b0   Section        0  timers.o(i.xTimerCreateTimerTask)
    i.xTimerGenericCommand                   0x08003a10   Section        0  timers.o(i.xTimerGenericCommand)
    x$fpl$fpinit                             0x08003a78   Section       10  fpinit.o(x$fpl$fpinit)
    $v0                                      0x08003a78   Number         0  fpinit.o(x$fpl$fpinit)
    .constdata                               0x08003a84   Section       72  freertos.o(.constdata)
    .constdata                               0x08003acc   Section        8  stm32f4xx_hal_dma.o(.constdata)
    flagBitshiftOffset                       0x08003acc   Data           8  stm32f4xx_hal_dma.o(.constdata)
    .constdata                               0x08003ad4   Section       16  system_stm32f4xx.o(.constdata)
    .constdata                               0x08003ae4   Section        8  system_stm32f4xx.o(.constdata)
    .conststring                             0x08003aec   Section       24  freertos.o(.conststring)
    .data                                    0x20000000   Section       10  main.o(.data)
    .data                                    0x2000000c   Section        8  freertos.o(.data)
    .data                                    0x20000014   Section       12  stm32f4xx_hal.o(.data)
    .data                                    0x20000020   Section        4  system_stm32f4xx.o(.data)
    .data                                    0x20000024   Section       60  tasks.o(.data)
    uxDeletedTasksWaitingCleanUp             0x20000028   Data           4  tasks.o(.data)
    uxCurrentNumberOfTasks                   0x2000002c   Data           4  tasks.o(.data)
    xTickCount                               0x20000030   Data           4  tasks.o(.data)
    uxTopReadyPriority                       0x20000034   Data           4  tasks.o(.data)
    xSchedulerRunning                        0x20000038   Data           4  tasks.o(.data)
    xPendedTicks                             0x2000003c   Data           4  tasks.o(.data)
    xYieldPending                            0x20000040   Data           4  tasks.o(.data)
    xNumOfOverflows                          0x20000044   Data           4  tasks.o(.data)
    uxTaskNumber                             0x20000048   Data           4  tasks.o(.data)
    xNextTaskUnblockTime                     0x2000004c   Data           4  tasks.o(.data)
    xIdleTaskHandle                          0x20000050   Data           4  tasks.o(.data)
    uxSchedulerSuspended                     0x20000054   Data           4  tasks.o(.data)
    pxDelayedTaskList                        0x20000058   Data           4  tasks.o(.data)
    pxOverflowDelayedTaskList                0x2000005c   Data           4  tasks.o(.data)
    .data                                    0x20000060   Section       20  timers.o(.data)
    xTimerQueue                              0x20000060   Data           4  timers.o(.data)
    xTimerTaskHandle                         0x20000064   Data           4  timers.o(.data)
    xLastTime                                0x20000068   Data           4  timers.o(.data)
    pxCurrentTimerList                       0x2000006c   Data           4  timers.o(.data)
    pxOverflowTimerList                      0x20000070   Data           4  timers.o(.data)
    .data                                    0x20000074   Section        4  cmsis_os2.o(.data)
    KernelState                              0x20000074   Data           4  cmsis_os2.o(.data)
    .data                                    0x20000078   Section       32  heap_4.o(.data)
    pxEnd                                    0x20000078   Data           4  heap_4.o(.data)
    xFreeBytesRemaining                      0x2000007c   Data           4  heap_4.o(.data)
    xMinimumEverFreeBytesRemaining           0x20000080   Data           4  heap_4.o(.data)
    xNumberOfSuccessfulAllocations           0x20000084   Data           4  heap_4.o(.data)
    xNumberOfSuccessfulFrees                 0x20000088   Data           4  heap_4.o(.data)
    xBlockAllocatedBit                       0x2000008c   Data           4  heap_4.o(.data)
    xStart                                   0x20000090   Data           8  heap_4.o(.data)
    .data                                    0x20000098   Section       12  port.o(.data)
    ucMaxSysCallPriority                     0x20000098   Data           1  port.o(.data)
    uxCriticalNesting                        0x2000009c   Data           4  port.o(.data)
    ulMaxPRIGROUPValue                       0x200000a0   Data           4  port.o(.data)
    .bss                                     0x200000a4   Section       10  main.o(.bss)
    .bss                                     0x200000b0   Section      260  usart.o(.bss)
    .bss                                     0x200001b4   Section       72  stm32f4xx_hal_timebase_tim.o(.bss)
    .bss                                     0x200001fc   Section       64  queue.o(.bss)
    .bss                                     0x2000023c   Section     1220  tasks.o(.bss)
    pxReadyTasksLists                        0x2000023c   Data        1120  tasks.o(.bss)
    xDelayedTaskList1                        0x2000069c   Data          20  tasks.o(.bss)
    xDelayedTaskList2                        0x200006b0   Data          20  tasks.o(.bss)
    xPendingReadyList                        0x200006c4   Data          20  tasks.o(.bss)
    xTasksWaitingTermination                 0x200006d8   Data          20  tasks.o(.bss)
    xSuspendedTaskList                       0x200006ec   Data          20  tasks.o(.bss)
    .bss                                     0x20000700   Section      280  timers.o(.bss)
    xStaticTimerQueue                        0x20000700   Data          80  timers.o(.bss)
    ucStaticTimerQueueStorage                0x20000750   Data         160  timers.o(.bss)
    xActiveTimerList1                        0x200007f0   Data          20  timers.o(.bss)
    xActiveTimerList2                        0x20000804   Data          20  timers.o(.bss)
    .bss                                     0x20000818   Section     1720  cmsis_os2.o(.bss)
    Idle_TCB                                 0x20000818   Data          92  cmsis_os2.o(.bss)
    Idle_Stack                               0x20000874   Data         512  cmsis_os2.o(.bss)
    Timer_TCB                                0x20000a74   Data          92  cmsis_os2.o(.bss)
    Timer_Stack                              0x20000ad0   Data        1024  cmsis_os2.o(.bss)
    .bss                                     0x20000ed0   Section    15360  heap_4.o(.bss)
    ucHeap                                   0x20000ed0   Data       15360  heap_4.o(.bss)
    .bss                                     0x20004ad0   Section       96  libspace.o(.bss)
    HEAP                                     0x20004b30   Section      512  startup_stm32f407xx.o(HEAP)
    Heap_Mem                                 0x20004b30   Data         512  startup_stm32f407xx.o(HEAP)
    STACK                                    0x20004d30   Section     1024  startup_stm32f407xx.o(STACK)
    Stack_Mem                                0x20004d30   Data        1024  startup_stm32f407xx.o(STACK)
    __initial_sp                             0x20005130   Data           0  startup_stm32f407xx.o(STACK)

    Global Symbols

    Symbol Name                              Value     Ov Type        Size  Object(Section)

    BuildAttributes$$THM_ISAv4$E$P$D$K$B$S$7EM$VFPi3$EXTD16$VFPS$VFMA$PE$A:L22UL41UL21$X:L11$S22US41US21$IEEE1$IW$USESV6$~STKCKD$USESV7$~SHL$OSPACE$ROPI$EBA8$UX$STANDARDLIB$REQ8$PRES8$EABIv2 0x00000000   Number         0  anon$$obj.o ABSOLUTE
    __ARM_use_no_argv                        0x00000000   Number         0  main.o ABSOLUTE
    __ARM_exceptions_init                     - Undefined Weak Reference
    __alloca_initialize                       - Undefined Weak Reference
    __arm_fini_                               - Undefined Weak Reference
    __arm_preinit_                            - Undefined Weak Reference
    __cpp_initialize__aeabi_                  - Undefined Weak Reference
    __cxa_finalize                            - Undefined Weak Reference
    __rt_locale                               - Undefined Weak Reference
    __sigvec_lookup                           - Undefined Weak Reference
    _atexit_init                              - Undefined Weak Reference
    _call_atexit_fns                          - Undefined Weak Reference
    _clock_init                               - Undefined Weak Reference
    _fp_trap_init                             - Undefined Weak Reference
    _fp_trap_shutdown                         - Undefined Weak Reference
    _get_lc_collate                           - Undefined Weak Reference
    _get_lc_ctype                             - Undefined Weak Reference
    _get_lc_monetary                          - Undefined Weak Reference
    _get_lc_numeric                           - Undefined Weak Reference
    _get_lc_time                              - Undefined Weak Reference
    _getenv_init                              - Undefined Weak Reference
    _handle_redirection                       - Undefined Weak Reference
    _init_alloc                               - Undefined Weak Reference
    _init_user_alloc                          - Undefined Weak Reference
    _initio                                   - Undefined Weak Reference
    _printf_mbtowc                            - Undefined Weak Reference
    _printf_post_padding                      - Undefined Weak Reference
    _printf_pre_padding                       - Undefined Weak Reference
    _rand_init                                - Undefined Weak Reference
    _signal_finish                            - Undefined Weak Reference
    _signal_init                              - Undefined Weak Reference
    _terminate_alloc                          - Undefined Weak Reference
    _terminate_user_alloc                     - Undefined Weak Reference
    _terminateio                              - Undefined Weak Reference
    __Vectors_Size                           0x00000188   Number         0  startup_stm32f407xx.o ABSOLUTE
    __Vectors                                0x08000000   Data           4  startup_stm32f407xx.o(RESET)
    __Vectors_End                            0x08000188   Data           0  startup_stm32f407xx.o(RESET)
    __main                                   0x08000189   Thumb Code     8  __main.o(!!!main)
    __scatterload                            0x08000191   Thumb Code     0  __scatter.o(!!!scatter)
    __scatterload_rt2                        0x08000191   Thumb Code    44  __scatter.o(!!!scatter)
    __scatterload_rt2_thumb_only             0x08000191   Thumb Code     0  __scatter.o(!!!scatter)
    __scatterload_null                       0x0800019f   Thumb Code     0  __scatter.o(!!!scatter)
    __scatterload_copy                       0x080001c5   Thumb Code    26  __scatter_copy.o(!!handler_copy)
    __scatterload_zeroinit                   0x080001e1   Thumb Code    28  __scatter_zi.o(!!handler_zi)
    _printf_percent                          0x080001fd   Thumb Code     0  _printf_percent.o(.ARM.Collect$$_printf_percent$$00000000)
    _printf_s                                0x080001fd   Thumb Code     0  _printf_s.o(.ARM.Collect$$_printf_percent$$00000014)
    _printf_percent_end                      0x08000203   Thumb Code     0  _printf_percent_end.o(.ARM.Collect$$_printf_percent$$00000017)
    __rt_lib_init                            0x08000207   Thumb Code     0  libinit.o(.ARM.Collect$$libinit$$00000000)
    __rt_lib_init_fp_1                       0x08000209   Thumb Code     0  libinit2.o(.ARM.Collect$$libinit$$00000001)
    __rt_lib_init_alloca_1                   0x0800020d   Thumb Code     0  libinit2.o(.ARM.Collect$$libinit$$0000002E)
    __rt_lib_init_argv_1                     0x0800020d   Thumb Code     0  libinit2.o(.ARM.Collect$$libinit$$0000002C)
    __rt_lib_init_atexit_1                   0x0800020d   Thumb Code     0  libinit2.o(.ARM.Collect$$libinit$$0000001B)
    __rt_lib_init_clock_1                    0x0800020d   Thumb Code     0  libinit2.o(.ARM.Collect$$libinit$$00000021)
    __rt_lib_init_cpp_1                      0x0800020d   Thumb Code     0  libinit2.o(.ARM.Collect$$libinit$$00000032)
    __rt_lib_init_exceptions_1               0x0800020d   Thumb Code     0  libinit2.o(.ARM.Collect$$libinit$$00000030)
    __rt_lib_init_fp_trap_1                  0x0800020d   Thumb Code     0  libinit2.o(.ARM.Collect$$libinit$$0000001F)
    __rt_lib_init_getenv_1                   0x0800020d   Thumb Code     0  libinit2.o(.ARM.Collect$$libinit$$00000023)
    __rt_lib_init_heap_1                     0x0800020d   Thumb Code     0  libinit2.o(.ARM.Collect$$libinit$$0000000A)
    __rt_lib_init_lc_collate_1               0x0800020d   Thumb Code     0  libinit2.o(.ARM.Collect$$libinit$$00000011)
    __rt_lib_init_lc_ctype_1                 0x0800020d   Thumb Code     0  libinit2.o(.ARM.Collect$$libinit$$00000013)
    __rt_lib_init_lc_monetary_1              0x0800020d   Thumb Code     0  libinit2.o(.ARM.Collect$$libinit$$00000015)
    __rt_lib_init_lc_numeric_1               0x0800020d   Thumb Code     0  libinit2.o(.ARM.Collect$$libinit$$00000017)
    __rt_lib_init_lc_time_1                  0x0800020d   Thumb Code     0  libinit2.o(.ARM.Collect$$libinit$$00000019)
    __rt_lib_init_preinit_1                  0x0800020d   Thumb Code     0  libinit2.o(.ARM.Collect$$libinit$$00000004)
    __rt_lib_init_rand_1                     0x0800020d   Thumb Code     0  libinit2.o(.ARM.Collect$$libinit$$0000000E)
    __rt_lib_init_return                     0x0800020d   Thumb Code     0  libinit2.o(.ARM.Collect$$libinit$$00000033)
    __rt_lib_init_signal_1                   0x0800020d   Thumb Code     0  libinit2.o(.ARM.Collect$$libinit$$0000001D)
    __rt_lib_init_stdio_1                    0x0800020d   Thumb Code     0  libinit2.o(.ARM.Collect$$libinit$$00000025)
    __rt_lib_init_user_alloc_1               0x0800020d   Thumb Code     0  libinit2.o(.ARM.Collect$$libinit$$0000000C)
    __rt_lib_shutdown                        0x0800020f   Thumb Code     0  libshutdown.o(.ARM.Collect$$libshutdown$$00000000)
    __rt_lib_shutdown_cpp_1                  0x08000211   Thumb Code     0  libshutdown2.o(.ARM.Collect$$libshutdown$$00000004)
    __rt_lib_shutdown_fini_1                 0x08000211   Thumb Code     0  libshutdown2.o(.ARM.Collect$$libshutdown$$00000002)
    __rt_lib_shutdown_fp_trap_1              0x08000211   Thumb Code     0  libshutdown2.o(.ARM.Collect$$libshutdown$$00000009)
    __rt_lib_shutdown_heap_1                 0x08000211   Thumb Code     0  libshutdown2.o(.ARM.Collect$$libshutdown$$00000011)
    __rt_lib_shutdown_return                 0x08000211   Thumb Code     0  libshutdown2.o(.ARM.Collect$$libshutdown$$00000012)
    __rt_lib_shutdown_signal_1               0x08000211   Thumb Code     0  libshutdown2.o(.ARM.Collect$$libshutdown$$0000000C)
    __rt_lib_shutdown_stdio_1                0x08000211   Thumb Code     0  libshutdown2.o(.ARM.Collect$$libshutdown$$00000006)
    __rt_lib_shutdown_user_alloc_1           0x08000211   Thumb Code     0  libshutdown2.o(.ARM.Collect$$libshutdown$$0000000E)
    __rt_entry                               0x08000213   Thumb Code     0  __rtentry.o(.ARM.Collect$$rtentry$$00000000)
    __rt_entry_presh_1                       0x08000213   Thumb Code     0  __rtentry2.o(.ARM.Collect$$rtentry$$00000002)
    __rt_entry_sh                            0x08000213   Thumb Code     0  __rtentry4.o(.ARM.Collect$$rtentry$$00000004)
    __rt_entry_li                            0x08000219   Thumb Code     0  __rtentry2.o(.ARM.Collect$$rtentry$$0000000A)
    __rt_entry_postsh_1                      0x08000219   Thumb Code     0  __rtentry2.o(.ARM.Collect$$rtentry$$00000009)
    __rt_entry_main                          0x0800021d   Thumb Code     0  __rtentry2.o(.ARM.Collect$$rtentry$$0000000D)
    __rt_entry_postli_1                      0x0800021d   Thumb Code     0  __rtentry2.o(.ARM.Collect$$rtentry$$0000000C)
    __rt_exit                                0x08000225   Thumb Code     0  rtexit.o(.ARM.Collect$$rtexit$$00000000)
    __rt_exit_ls                             0x08000227   Thumb Code     0  rtexit2.o(.ARM.Collect$$rtexit$$00000003)
    __rt_exit_prels_1                        0x08000227   Thumb Code     0  rtexit2.o(.ARM.Collect$$rtexit$$00000002)
    __rt_exit_exit                           0x0800022b   Thumb Code     0  rtexit2.o(.ARM.Collect$$rtexit$$00000004)
    SVC_Handler                              0x08000231   Thumb Code    28  port.o(.emb_text)
    __asm___6_port_c_39a90d8d__prvStartFirstTask 0x08000251   Thumb Code    36  port.o(.emb_text)
    __asm___6_port_c_39a90d8d__prvEnableVFP  0x08000279   Thumb Code    16  port.o(.emb_text)
    PendSV_Handler                           0x0800028d   Thumb Code    88  port.o(.emb_text)
    vPortGetIPSR                             0x080002e9   Thumb Code     6  port.o(.emb_text)
    Reset_Handler                            0x080002f1   Thumb Code     8  startup_stm32f407xx.o(.text)
    ADC_IRQHandler                           0x0800030b   Thumb Code     0  startup_stm32f407xx.o(.text)
    CAN1_RX0_IRQHandler                      0x0800030b   Thumb Code     0  startup_stm32f407xx.o(.text)
    CAN1_RX1_IRQHandler                      0x0800030b   Thumb Code     0  startup_stm32f407xx.o(.text)
    CAN1_SCE_IRQHandler                      0x0800030b   Thumb Code     0  startup_stm32f407xx.o(.text)
    CAN1_TX_IRQHandler                       0x0800030b   Thumb Code     0  startup_stm32f407xx.o(.text)
    CAN2_RX0_IRQHandler                      0x0800030b   Thumb Code     0  startup_stm32f407xx.o(.text)
    CAN2_RX1_IRQHandler                      0x0800030b   Thumb Code     0  startup_stm32f407xx.o(.text)
    CAN2_SCE_IRQHandler                      0x0800030b   Thumb Code     0  startup_stm32f407xx.o(.text)
    CAN2_TX_IRQHandler                       0x0800030b   Thumb Code     0  startup_stm32f407xx.o(.text)
    DCMI_IRQHandler                          0x0800030b   Thumb Code     0  startup_stm32f407xx.o(.text)
    DMA1_Stream0_IRQHandler                  0x0800030b   Thumb Code     0  startup_stm32f407xx.o(.text)
    DMA1_Stream1_IRQHandler                  0x0800030b   Thumb Code     0  startup_stm32f407xx.o(.text)
    DMA1_Stream2_IRQHandler                  0x0800030b   Thumb Code     0  startup_stm32f407xx.o(.text)
    DMA1_Stream3_IRQHandler                  0x0800030b   Thumb Code     0  startup_stm32f407xx.o(.text)
    DMA1_Stream4_IRQHandler                  0x0800030b   Thumb Code     0  startup_stm32f407xx.o(.text)
    DMA1_Stream5_IRQHandler                  0x0800030b   Thumb Code     0  startup_stm32f407xx.o(.text)
    DMA1_Stream6_IRQHandler                  0x0800030b   Thumb Code     0  startup_stm32f407xx.o(.text)
    DMA1_Stream7_IRQHandler                  0x0800030b   Thumb Code     0  startup_stm32f407xx.o(.text)
    DMA2_Stream0_IRQHandler                  0x0800030b   Thumb Code     0  startup_stm32f407xx.o(.text)
    DMA2_Stream1_IRQHandler                  0x0800030b   Thumb Code     0  startup_stm32f407xx.o(.text)
    DMA2_Stream3_IRQHandler                  0x0800030b   Thumb Code     0  startup_stm32f407xx.o(.text)
    DMA2_Stream4_IRQHandler                  0x0800030b   Thumb Code     0  startup_stm32f407xx.o(.text)
    DMA2_Stream5_IRQHandler                  0x0800030b   Thumb Code     0  startup_stm32f407xx.o(.text)
    DMA2_Stream6_IRQHandler                  0x0800030b   Thumb Code     0  startup_stm32f407xx.o(.text)
    ETH_IRQHandler                           0x0800030b   Thumb Code     0  startup_stm32f407xx.o(.text)
    ETH_WKUP_IRQHandler                      0x0800030b   Thumb Code     0  startup_stm32f407xx.o(.text)
    EXTI0_IRQHandler                         0x0800030b   Thumb Code     0  startup_stm32f407xx.o(.text)
    EXTI15_10_IRQHandler                     0x0800030b   Thumb Code     0  startup_stm32f407xx.o(.text)
    EXTI1_IRQHandler                         0x0800030b   Thumb Code     0  startup_stm32f407xx.o(.text)
    EXTI2_IRQHandler                         0x0800030b   Thumb Code     0  startup_stm32f407xx.o(.text)
    EXTI3_IRQHandler                         0x0800030b   Thumb Code     0  startup_stm32f407xx.o(.text)
    EXTI4_IRQHandler                         0x0800030b   Thumb Code     0  startup_stm32f407xx.o(.text)
    EXTI9_5_IRQHandler                       0x0800030b   Thumb Code     0  startup_stm32f407xx.o(.text)
    FLASH_IRQHandler                         0x0800030b   Thumb Code     0  startup_stm32f407xx.o(.text)
    FMC_IRQHandler                           0x0800030b   Thumb Code     0  startup_stm32f407xx.o(.text)
    FPU_IRQHandler                           0x0800030b   Thumb Code     0  startup_stm32f407xx.o(.text)
    HASH_RNG_IRQHandler                      0x0800030b   Thumb Code     0  startup_stm32f407xx.o(.text)
    I2C1_ER_IRQHandler                       0x0800030b   Thumb Code     0  startup_stm32f407xx.o(.text)
    I2C1_EV_IRQHandler                       0x0800030b   Thumb Code     0  startup_stm32f407xx.o(.text)
    I2C2_ER_IRQHandler                       0x0800030b   Thumb Code     0  startup_stm32f407xx.o(.text)
    I2C2_EV_IRQHandler                       0x0800030b   Thumb Code     0  startup_stm32f407xx.o(.text)
    I2C3_ER_IRQHandler                       0x0800030b   Thumb Code     0  startup_stm32f407xx.o(.text)
    I2C3_EV_IRQHandler                       0x0800030b   Thumb Code     0  startup_stm32f407xx.o(.text)
    OTG_FS_IRQHandler                        0x0800030b   Thumb Code     0  startup_stm32f407xx.o(.text)
    OTG_FS_WKUP_IRQHandler                   0x0800030b   Thumb Code     0  startup_stm32f407xx.o(.text)
    OTG_HS_EP1_IN_IRQHandler                 0x0800030b   Thumb Code     0  startup_stm32f407xx.o(.text)
    OTG_HS_EP1_OUT_IRQHandler                0x0800030b   Thumb Code     0  startup_stm32f407xx.o(.text)
    OTG_HS_IRQHandler                        0x0800030b   Thumb Code     0  startup_stm32f407xx.o(.text)
    OTG_HS_WKUP_IRQHandler                   0x0800030b   Thumb Code     0  startup_stm32f407xx.o(.text)
    PVD_IRQHandler                           0x0800030b   Thumb Code     0  startup_stm32f407xx.o(.text)
    RCC_IRQHandler                           0x0800030b   Thumb Code     0  startup_stm32f407xx.o(.text)
    RTC_Alarm_IRQHandler                     0x0800030b   Thumb Code     0  startup_stm32f407xx.o(.text)
    RTC_WKUP_IRQHandler                      0x0800030b   Thumb Code     0  startup_stm32f407xx.o(.text)
    SDIO_IRQHandler                          0x0800030b   Thumb Code     0  startup_stm32f407xx.o(.text)
    SPI1_IRQHandler                          0x0800030b   Thumb Code     0  startup_stm32f407xx.o(.text)
    SPI2_IRQHandler                          0x0800030b   Thumb Code     0  startup_stm32f407xx.o(.text)
    SPI3_IRQHandler                          0x0800030b   Thumb Code     0  startup_stm32f407xx.o(.text)
    TAMP_STAMP_IRQHandler                    0x0800030b   Thumb Code     0  startup_stm32f407xx.o(.text)
    TIM1_BRK_TIM9_IRQHandler                 0x0800030b   Thumb Code     0  startup_stm32f407xx.o(.text)
    TIM1_CC_IRQHandler                       0x0800030b   Thumb Code     0  startup_stm32f407xx.o(.text)
    TIM1_TRG_COM_TIM11_IRQHandler            0x0800030b   Thumb Code     0  startup_stm32f407xx.o(.text)
    TIM1_UP_TIM10_IRQHandler                 0x0800030b   Thumb Code     0  startup_stm32f407xx.o(.text)
    TIM2_IRQHandler                          0x0800030b   Thumb Code     0  startup_stm32f407xx.o(.text)
    TIM3_IRQHandler                          0x0800030b   Thumb Code     0  startup_stm32f407xx.o(.text)
    TIM4_IRQHandler                          0x0800030b   Thumb Code     0  startup_stm32f407xx.o(.text)
    TIM5_IRQHandler                          0x0800030b   Thumb Code     0  startup_stm32f407xx.o(.text)
    TIM6_DAC_IRQHandler                      0x0800030b   Thumb Code     0  startup_stm32f407xx.o(.text)
    TIM7_IRQHandler                          0x0800030b   Thumb Code     0  startup_stm32f407xx.o(.text)
    TIM8_BRK_TIM12_IRQHandler                0x0800030b   Thumb Code     0  startup_stm32f407xx.o(.text)
    TIM8_CC_IRQHandler                       0x0800030b   Thumb Code     0  startup_stm32f407xx.o(.text)
    TIM8_UP_TIM13_IRQHandler                 0x0800030b   Thumb Code     0  startup_stm32f407xx.o(.text)
    UART4_IRQHandler                         0x0800030b   Thumb Code     0  startup_stm32f407xx.o(.text)
    UART5_IRQHandler                         0x0800030b   Thumb Code     0  startup_stm32f407xx.o(.text)
    USART2_IRQHandler                        0x0800030b   Thumb Code     0  startup_stm32f407xx.o(.text)
    USART3_IRQHandler                        0x0800030b   Thumb Code     0  startup_stm32f407xx.o(.text)
    USART6_IRQHandler                        0x0800030b   Thumb Code     0  startup_stm32f407xx.o(.text)
    WWDG_IRQHandler                          0x0800030b   Thumb Code     0  startup_stm32f407xx.o(.text)
    __user_initial_stackheap                 0x0800030d   Thumb Code     0  startup_stm32f407xx.o(.text)
    __aeabi_uldivmod                         0x08000331   Thumb Code     0  lludivv7m.o(.text)
    _ll_udiv                                 0x08000331   Thumb Code   238  lludivv7m.o(.text)
    __2sprintf                               0x08000421   Thumb Code    34  noretval__2sprintf.o(.text)
    __printf                                 0x08000449   Thumb Code   104  __printf.o(.text)
    _printf_str                              0x080004b1   Thumb Code    82  _printf_str.o(.text)
    __aeabi_memcpy                           0x08000503   Thumb Code     0  rt_memcpy_v6.o(.text)
    __rt_memcpy                              0x08000503   Thumb Code   138  rt_memcpy_v6.o(.text)
    _memcpy_lastbytes                        0x08000569   Thumb Code     0  rt_memcpy_v6.o(.text)
    __aeabi_memset                           0x0800058d   Thumb Code    16  aeabi_memset.o(.text)
    __aeabi_memclr4                          0x0800059d   Thumb Code     0  rt_memclr_w.o(.text)
    __aeabi_memclr8                          0x0800059d   Thumb Code     0  rt_memclr_w.o(.text)
    __rt_memclr_w                            0x0800059d   Thumb Code    78  rt_memclr_w.o(.text)
    _memset_w                                0x080005a1   Thumb Code     0  rt_memclr_w.o(.text)
    __use_two_region_memory                  0x080005eb   Thumb Code     2  heapauxi.o(.text)
    __rt_heap_escrow$2region                 0x080005ed   Thumb Code     2  heapauxi.o(.text)
    __rt_heap_expand$2region                 0x080005ef   Thumb Code     2  heapauxi.o(.text)
    _printf_char_common                      0x080005fb   Thumb Code    32  _printf_char_common.o(.text)
    _sputc                                   0x08000621   Thumb Code    10  _sputc.o(.text)
    _printf_cs_common                        0x0800062b   Thumb Code    20  _printf_char.o(.text)
    _printf_char                             0x0800063f   Thumb Code    16  _printf_char.o(.text)
    _printf_string                           0x0800064f   Thumb Code     8  _printf_char.o(.text)
    __aeabi_memcpy4                          0x08000657   Thumb Code     0  rt_memcpy_w.o(.text)
    __aeabi_memcpy8                          0x08000657   Thumb Code     0  rt_memcpy_w.o(.text)
    __rt_memcpy_w                            0x08000657   Thumb Code   100  rt_memcpy_w.o(.text)
    _memcpy_lastbytes_aligned                0x0800069f   Thumb Code     0  rt_memcpy_w.o(.text)
    __aeabi_memclr                           0x080006bb   Thumb Code     0  rt_memclr.o(.text)
    __rt_memclr                              0x080006bb   Thumb Code    68  rt_memclr.o(.text)
    _memset                                  0x080006bf   Thumb Code     0  rt_memclr.o(.text)
    __user_setup_stackheap                   0x080006ff   Thumb Code    74  sys_stackheap_outer.o(.text)
    exit                                     0x08000749   Thumb Code    18  exit.o(.text)
    __user_libspace                          0x0800075d   Thumb Code     8  libspace.o(.text)
    __user_perproc_libspace                  0x0800075d   Thumb Code     0  libspace.o(.text)
    __user_perthread_libspace                0x0800075d   Thumb Code     0  libspace.o(.text)
    _sys_exit                                0x08000765   Thumb Code     8  sys_exit.o(.text)
    __I$use$semihosting                      0x08000771   Thumb Code     0  use_no_semi.o(.text)
    __use_no_semihosting_swi                 0x08000771   Thumb Code     2  use_no_semi.o(.text)
    BusFault_Handler                         0x08000773   Thumb Code     2  stm32f4xx_it.o(i.BusFault_Handler)
    __semihosting_library_function           0x08000773   Thumb Code     0  indicate_semi.o(.text)
    DMA2_Stream2_IRQHandler                  0x08000775   Thumb Code     6  stm32f4xx_it.o(i.DMA2_Stream2_IRQHandler)
    DMA2_Stream7_IRQHandler                  0x08000781   Thumb Code     6  stm32f4xx_it.o(i.DMA2_Stream7_IRQHandler)
    DebugMon_Handler                         0x08000831   Thumb Code     2  stm32f4xx_it.o(i.DebugMon_Handler)
    Error_Handler                            0x08000833   Thumb Code     4  main.o(i.Error_Handler)
    HAL_DMA_Abort                            0x08000837   Thumb Code   146  stm32f4xx_hal_dma.o(i.HAL_DMA_Abort)
    HAL_DMA_Abort_IT                         0x080008c9   Thumb Code    36  stm32f4xx_hal_dma.o(i.HAL_DMA_Abort_IT)
    HAL_DMA_IRQHandler                       0x080008ed   Thumb Code   412  stm32f4xx_hal_dma.o(i.HAL_DMA_IRQHandler)
    HAL_DMA_Init                             0x08000a8d   Thumb Code   206  stm32f4xx_hal_dma.o(i.HAL_DMA_Init)
    HAL_DMA_Start_IT                         0x08000b61   Thumb Code   110  stm32f4xx_hal_dma.o(i.HAL_DMA_Start_IT)
    HAL_Delay                                0x08000bd1   Thumb Code    32  stm32f4xx_hal.o(i.HAL_Delay)
    HAL_GPIO_Init                            0x08000bf5   Thumb Code   450  stm32f4xx_hal_gpio.o(i.HAL_GPIO_Init)
    HAL_GPIO_WritePin                        0x08000de5   Thumb Code    10  stm32f4xx_hal_gpio.o(i.HAL_GPIO_WritePin)
    HAL_GetTick                              0x08000df1   Thumb Code     6  stm32f4xx_hal.o(i.HAL_GetTick)
    HAL_IncTick                              0x08000dfd   Thumb Code    12  stm32f4xx_hal.o(i.HAL_IncTick)
    HAL_Init                                 0x08000e0d   Thumb Code    48  stm32f4xx_hal.o(i.HAL_Init)
    HAL_InitTick                             0x08000e41   Thumb Code   100  stm32f4xx_hal_timebase_tim.o(i.HAL_InitTick)
    HAL_MspInit                              0x08000eb5   Thumb Code    52  stm32f4xx_hal_msp.o(i.HAL_MspInit)
    HAL_NVIC_EnableIRQ                       0x08000eed   Thumb Code    26  stm32f4xx_hal_cortex.o(i.HAL_NVIC_EnableIRQ)
    HAL_NVIC_SetPriority                     0x08000f09   Thumb Code    60  stm32f4xx_hal_cortex.o(i.HAL_NVIC_SetPriority)
    HAL_NVIC_SetPriorityGrouping             0x08000f49   Thumb Code    26  stm32f4xx_hal_cortex.o(i.HAL_NVIC_SetPriorityGrouping)
    HAL_RCC_ClockConfig                      0x08000f6d   Thumb Code   288  stm32f4xx_hal_rcc.o(i.HAL_RCC_ClockConfig)
    HAL_RCC_GetClockConfig                   0x080010a1   Thumb Code    54  stm32f4xx_hal_rcc.o(i.HAL_RCC_GetClockConfig)
    HAL_RCC_GetPCLK1Freq                     0x080010e1   Thumb Code    20  stm32f4xx_hal_rcc.o(i.HAL_RCC_GetPCLK1Freq)
    HAL_RCC_GetPCLK2Freq                     0x08001101   Thumb Code    20  stm32f4xx_hal_rcc.o(i.HAL_RCC_GetPCLK2Freq)
    HAL_RCC_GetSysClockFreq                  0x08001121   Thumb Code    88  stm32f4xx_hal_rcc.o(i.HAL_RCC_GetSysClockFreq)
    HAL_RCC_OscConfig                        0x08001185   Thumb Code   856  stm32f4xx_hal_rcc.o(i.HAL_RCC_OscConfig)
    HAL_TIMEx_BreakCallback                  0x080014f1   Thumb Code     2  stm32f4xx_hal_tim_ex.o(i.HAL_TIMEx_BreakCallback)
    HAL_TIMEx_CommutCallback                 0x080014f3   Thumb Code     2  stm32f4xx_hal_tim_ex.o(i.HAL_TIMEx_CommutCallback)
    HAL_TIM_Base_Init                        0x080014f5   Thumb Code    90  stm32f4xx_hal_tim.o(i.HAL_TIM_Base_Init)
    HAL_TIM_Base_MspInit                     0x0800154f   Thumb Code     2  stm32f4xx_hal_tim.o(i.HAL_TIM_Base_MspInit)
    HAL_TIM_Base_Start_IT                    0x08001551   Thumb Code   100  stm32f4xx_hal_tim.o(i.HAL_TIM_Base_Start_IT)
    HAL_TIM_IC_CaptureCallback               0x080015d1   Thumb Code     2  stm32f4xx_hal_tim.o(i.HAL_TIM_IC_CaptureCallback)
    HAL_TIM_IRQHandler                       0x080015d3   Thumb Code   358  stm32f4xx_hal_tim.o(i.HAL_TIM_IRQHandler)
    HAL_TIM_OC_DelayElapsedCallback          0x08001739   Thumb Code     2  stm32f4xx_hal_tim.o(i.HAL_TIM_OC_DelayElapsedCallback)
    HAL_TIM_PWM_PulseFinishedCallback        0x0800173b   Thumb Code     2  stm32f4xx_hal_tim.o(i.HAL_TIM_PWM_PulseFinishedCallback)
    HAL_TIM_PeriodElapsedCallback            0x0800173d   Thumb Code    14  main.o(i.HAL_TIM_PeriodElapsedCallback)
    HAL_TIM_TriggerCallback                  0x08001751   Thumb Code     2  stm32f4xx_hal_tim.o(i.HAL_TIM_TriggerCallback)
    HAL_UARTEx_RxEventCallback               0x08001753   Thumb Code     2  stm32f4xx_hal_uart.o(i.HAL_UARTEx_RxEventCallback)
    HAL_UART_ErrorCallback                   0x08001755   Thumb Code     2  stm32f4xx_hal_uart.o(i.HAL_UART_ErrorCallback)
    HAL_UART_IRQHandler                      0x08001759   Thumb Code   610  stm32f4xx_hal_uart.o(i.HAL_UART_IRQHandler)
    HAL_UART_Init                            0x080019c1   Thumb Code    98  stm32f4xx_hal_uart.o(i.HAL_UART_Init)
    HAL_UART_MspInit                         0x08001a25   Thumb Code   210  usart.o(i.HAL_UART_MspInit)
    HAL_UART_Receive_IT                      0x08001b0d   Thumb Code    42  stm32f4xx_hal_uart.o(i.HAL_UART_Receive_IT)
    HAL_UART_RxCpltCallback                  0x08001b39   Thumb Code    26  main.o(i.HAL_UART_RxCpltCallback)
    HAL_UART_Transmit_DMA                    0x08001b61   Thumb Code   126  stm32f4xx_hal_uart.o(i.HAL_UART_Transmit_DMA)
    HAL_UART_TxCpltCallback                  0x08001bed   Thumb Code     2  stm32f4xx_hal_uart.o(i.HAL_UART_TxCpltCallback)
    HAL_UART_TxHalfCpltCallback              0x08001bef   Thumb Code     2  stm32f4xx_hal_uart.o(i.HAL_UART_TxHalfCpltCallback)
    HardFault_Handler                        0x08001bf1   Thumb Code     2  stm32f4xx_it.o(i.HardFault_Handler)
    MX_DMA_Init                              0x08001bf5   Thumb Code    56  dma.o(i.MX_DMA_Init)
    MX_FREERTOS_Init                         0x08001c31   Thumb Code    32  freertos.o(i.MX_FREERTOS_Init)
    MX_GPIO_Init                             0x08001c61   Thumb Code    98  gpio.o(i.MX_GPIO_Init)
    MX_USART1_UART_Init                      0x08001ccd   Thumb Code    48  usart.o(i.MX_USART1_UART_Init)
    MemManage_Handler                        0x08001d05   Thumb Code     2  stm32f4xx_it.o(i.MemManage_Handler)
    NMI_Handler                              0x08001d07   Thumb Code     2  stm32f4xx_it.o(i.NMI_Handler)
    StartDefaultTask                         0x08001d09   Thumb Code    40  freertos.o(i.StartDefaultTask)
    StartTask02                              0x08001d35   Thumb Code    18  freertos.o(i.StartTask02)
    SysTick_Handler                          0x08001d51   Thumb Code    26  cmsis_os2.o(i.SysTick_Handler)
    SystemClock_Config                       0x08001d6d   Thumb Code   142  main.o(i.SystemClock_Config)
    SystemInit                               0x08001e05   Thumb Code    12  system_stm32f4xx.o(i.SystemInit)
    TIM8_TRG_COM_TIM14_IRQHandler            0x08001e15   Thumb Code     6  stm32f4xx_it.o(i.TIM8_TRG_COM_TIM14_IRQHandler)
    TIM_Base_SetConfig                       0x08001e21   Thumb Code   156  stm32f4xx_hal_tim.o(i.TIM_Base_SetConfig)
    UART_Start_Receive_IT                    0x080021c5   Thumb Code    58  stm32f4xx_hal_uart.o(i.UART_Start_Receive_IT)
    USART1_IRQHandler                        0x08002201   Thumb Code     6  stm32f4xx_it.o(i.USART1_IRQHandler)
    UsageFault_Handler                       0x0800220d   Thumb Code     2  stm32f4xx_it.o(i.UsageFault_Handler)
    main                                     0x08002231   Thumb Code   102  main.o(i.main)
    osDelay                                  0x080022ad   Thumb Code    26  cmsis_os2.o(i.osDelay)
    osKernelInitialize                       0x080022c9   Thumb Code    32  cmsis_os2.o(i.osKernelInitialize)
    osKernelStart                            0x080022ed   Thumb Code    48  cmsis_os2.o(i.osKernelStart)
    osThreadNew                              0x08002325   Thumb Code   138  cmsis_os2.o(i.osThreadNew)
    pvPortMalloc                             0x08002b45   Thumb Code   216  heap_4.o(i.pvPortMalloc)
    pxPortInitialiseStack                    0x08002c21   Thumb Code    40  port.o(i.pxPortInitialiseStack)
    uxListRemove                             0x08002c4d   Thumb Code    38  list.o(i.uxListRemove)
    vApplicationGetIdleTaskMemory            0x08002c75   Thumb Code    16  cmsis_os2.o(i.vApplicationGetIdleTaskMemory)
    vApplicationGetTimerTaskMemory           0x08002c89   Thumb Code    18  cmsis_os2.o(i.vApplicationGetTimerTaskMemory)
    vListInitialise                          0x08002ca1   Thumb Code    22  list.o(i.vListInitialise)
    vListInitialiseItem                      0x08002cb7   Thumb Code     6  list.o(i.vListInitialiseItem)
    vListInsert                              0x08002cbd   Thumb Code    48  list.o(i.vListInsert)
    vListInsertEnd                           0x08002ced   Thumb Code    24  list.o(i.vListInsertEnd)
    vPortEnterCritical                       0x08002d05   Thumb Code    54  port.o(i.vPortEnterCritical)
    vPortExitCritical                        0x08002d45   Thumb Code    34  port.o(i.vPortExitCritical)
    vPortFree                                0x08002d6d   Thumb Code    94  heap_4.o(i.vPortFree)
    vPortSetupTimerInterrupt                 0x08002dd1   Thumb Code    32  port.o(i.vPortSetupTimerInterrupt)
    vPortValidateInterruptPriority           0x08002df5   Thumb Code    74  port.o(i.vPortValidateInterruptPriority)
    vQueueAddToRegistry                      0x08002e49   Thumb Code    34  queue.o(i.vQueueAddToRegistry)
    vQueueWaitForMessageRestricted           0x08002e71   Thumb Code    68  queue.o(i.vQueueWaitForMessageRestricted)
    vTaskDelay                               0x08002eb5   Thumb Code    66  tasks.o(i.vTaskDelay)
    vTaskInternalSetTimeOutState             0x08002f01   Thumb Code    12  tasks.o(i.vTaskInternalSetTimeOutState)
    vTaskMissedYield                         0x08002f11   Thumb Code     8  tasks.o(i.vTaskMissedYield)
    vTaskPlaceOnEventList                    0x08002f1d   Thumb Code    44  tasks.o(i.vTaskPlaceOnEventList)
    vTaskPlaceOnEventListRestricted          0x08002f4d   Thumb Code    52  tasks.o(i.vTaskPlaceOnEventListRestricted)
    vTaskStartScheduler                      0x08002f85   Thumb Code   118  tasks.o(i.vTaskStartScheduler)
    vTaskSuspendAll                          0x0800300d   Thumb Code    10  tasks.o(i.vTaskSuspendAll)
    vTaskSwitchContext                       0x0800301d   Thumb Code    90  tasks.o(i.vTaskSwitchContext)
    xPortStartScheduler                      0x08003081   Thumb Code   222  port.o(i.xPortStartScheduler)
    xPortSysTickHandler                      0x08003175   Thumb Code    38  port.o(i.xPortSysTickHandler)
    xQueueGenericCreateStatic                0x080031a1   Thumb Code   102  queue.o(i.xQueueGenericCreateStatic)
    xQueueGenericReset                       0x08003209   Thumb Code   132  queue.o(i.xQueueGenericReset)
    xQueueGenericSend                        0x08003291   Thumb Code   346  queue.o(i.xQueueGenericSend)
    xQueueGenericSendFromISR                 0x080033f1   Thumb Code   190  queue.o(i.xQueueGenericSendFromISR)
    xQueueReceive                            0x080034b1   Thumb Code   308  queue.o(i.xQueueReceive)
    xTaskCheckForTimeOut                     0x080035e9   Thumb Code   112  tasks.o(i.xTaskCheckForTimeOut)
    xTaskCreate                              0x0800365d   Thumb Code    90  tasks.o(i.xTaskCreate)
    xTaskCreateStatic                        0x080036b7   Thumb Code    86  tasks.o(i.xTaskCreateStatic)
    xTaskGetSchedulerState                   0x0800370d   Thumb Code    22  tasks.o(i.xTaskGetSchedulerState)
    xTaskGetTickCount                        0x08003729   Thumb Code     6  tasks.o(i.xTaskGetTickCount)
    xTaskIncrementTick                       0x08003735   Thumb Code   192  tasks.o(i.xTaskIncrementTick)
    xTaskPriorityDisinherit                  0x080037fd   Thumb Code   118  tasks.o(i.xTaskPriorityDisinherit)
    xTaskRemoveFromEventList                 0x0800387d   Thumb Code    98  tasks.o(i.xTaskRemoveFromEventList)
    xTaskResumeAll                           0x080038ed   Thumb Code   182  tasks.o(i.xTaskResumeAll)
    xTimerCreateTimerTask                    0x080039b1   Thumb Code    78  timers.o(i.xTimerCreateTimerTask)
    xTimerGenericCommand                     0x08003a11   Thumb Code    98  timers.o(i.xTimerGenericCommand)
    _fp_init                                 0x08003a79   Thumb Code    10  fpinit.o(x$fpl$fpinit)
    __fplib_config_fpu_vfp                   0x08003a81   Thumb Code     0  fpinit.o(x$fpl$fpinit)
    __fplib_config_pureend_doubles           0x08003a81   Thumb Code     0  fpinit.o(x$fpl$fpinit)
    defaultTask_attributes                   0x08003a84   Data          36  freertos.o(.constdata)
    myTask02_attributes                      0x08003aa8   Data          36  freertos.o(.constdata)
    AHBPrescTable                            0x08003ad4   Data          16  system_stm32f4xx.o(.constdata)
    APBPrescTable                            0x08003ae4   Data           8  system_stm32f4xx.o(.constdata)
    Region$$Table$$Base                      0x08003b04   Number         0  anon$$obj.o(Region$$Table)
    Region$$Table$$Limit                     0x08003b24   Number         0  anon$$obj.o(Region$$Table)
    send_buffer                              0x20000000   Data          10  main.o(.data)
    defaultTaskHandle                        0x2000000c   Data           4  freertos.o(.data)
    myTask02Handle                           0x20000010   Data           4  freertos.o(.data)
    uwTickFreq                               0x20000014   Data           1  stm32f4xx_hal.o(.data)
    uwTickPrio                               0x20000018   Data           4  stm32f4xx_hal.o(.data)
    uwTick                                   0x2000001c   Data           4  stm32f4xx_hal.o(.data)
    SystemCoreClock                          0x20000020   Data           4  system_stm32f4xx.o(.data)
    pxCurrentTCB                             0x20000024   Data           4  tasks.o(.data)
    recv_buffer                              0x200000a4   Data          10  main.o(.bss)
    huart1                                   0x200000b0   Data          68  usart.o(.bss)
    hdma_usart1_rx                           0x200000f4   Data          96  usart.o(.bss)
    hdma_usart1_tx                           0x20000154   Data          96  usart.o(.bss)
    htim14                                   0x200001b4   Data          72  stm32f4xx_hal_timebase_tim.o(.bss)
    xQueueRegistry                           0x200001fc   Data          64  queue.o(.bss)
    __libspace_start                         0x20004ad0   Data          96  libspace.o(.bss)
    __temporary_stack_top$libspace           0x20004b30   Data           0  libspace.o(.bss)



==============================================================================

Memory Map of the image

  Image Entry point : 0x08000189

  Load Region LR_IROM1 (Base: 0x08000000, Size: 0x00003bc8, Max: 0x00100000, ABSOLUTE)

    Execution Region ER_IROM1 (Exec base: 0x08000000, Load base: 0x08000000, Size: 0x00003b24, Max: 0x00100000, ABSOLUTE)

    Exec Addr    Load Addr    Size         Type   Attr      Idx    E Section Name        Object

    0x08000000   0x08000000   0x00000188   Data   RO            3    RESET               startup_stm32f407xx.o
    0x08000188   0x08000188   0x00000008   Code   RO         4794  * !!!main             c_w.l(__main.o)
    0x08000190   0x08000190   0x00000034   Code   RO         4976    !!!scatter          c_w.l(__scatter.o)
    0x080001c4   0x080001c4   0x0000001a   Code   RO         4978    !!handler_copy      c_w.l(__scatter_copy.o)
    0x080001de   0x080001de   0x00000002   PAD
    0x080001e0   0x080001e0   0x0000001c   Code   RO         4980    !!handler_zi        c_w.l(__scatter_zi.o)
    0x080001fc   0x080001fc   0x00000000   Code   RO         4783    .ARM.Collect$$_printf_percent$$00000000  c_w.l(_printf_percent.o)
    0x080001fc   0x080001fc   0x00000006   Code   RO         4782    .ARM.Collect$$_printf_percent$$00000014  c_w.l(_printf_s.o)
    0x08000202   0x08000202   0x00000004   Code   RO         4807    .ARM.Collect$$_printf_percent$$00000017  c_w.l(_printf_percent_end.o)
    0x08000206   0x08000206   0x00000002   Code   RO         4844    .ARM.Collect$$libinit$$00000000  c_w.l(libinit.o)
    0x08000208   0x08000208   0x00000004   Code   RO         4856    .ARM.Collect$$libinit$$00000001  c_w.l(libinit2.o)
    0x0800020c   0x0800020c   0x00000000   Code   RO         4859    .ARM.Collect$$libinit$$00000004  c_w.l(libinit2.o)
    0x0800020c   0x0800020c   0x00000000   Code   RO         4862    .ARM.Collect$$libinit$$0000000A  c_w.l(libinit2.o)
    0x0800020c   0x0800020c   0x00000000   Code   RO         4864    .ARM.Collect$$libinit$$0000000C  c_w.l(libinit2.o)
    0x0800020c   0x0800020c   0x00000000   Code   RO         4866    .ARM.Collect$$libinit$$0000000E  c_w.l(libinit2.o)
    0x0800020c   0x0800020c   0x00000000   Code   RO         4869    .ARM.Collect$$libinit$$00000011  c_w.l(libinit2.o)
    0x0800020c   0x0800020c   0x00000000   Code   RO         4871    .ARM.Collect$$libinit$$00000013  c_w.l(libinit2.o)
    0x0800020c   0x0800020c   0x00000000   Code   RO         4873    .ARM.Collect$$libinit$$00000015  c_w.l(libinit2.o)
    0x0800020c   0x0800020c   0x00000000   Code   RO         4875    .ARM.Collect$$libinit$$00000017  c_w.l(libinit2.o)
    0x0800020c   0x0800020c   0x00000000   Code   RO         4877    .ARM.Collect$$libinit$$00000019  c_w.l(libinit2.o)
    0x0800020c   0x0800020c   0x00000000   Code   RO         4879    .ARM.Collect$$libinit$$0000001B  c_w.l(libinit2.o)
    0x0800020c   0x0800020c   0x00000000   Code   RO         4881    .ARM.Collect$$libinit$$0000001D  c_w.l(libinit2.o)
    0x0800020c   0x0800020c   0x00000000   Code   RO         4883    .ARM.Collect$$libinit$$0000001F  c_w.l(libinit2.o)
    0x0800020c   0x0800020c   0x00000000   Code   RO         4885    .ARM.Collect$$libinit$$00000021  c_w.l(libinit2.o)
    0x0800020c   0x0800020c   0x00000000   Code   RO         4887    .ARM.Collect$$libinit$$00000023  c_w.l(libinit2.o)
    0x0800020c   0x0800020c   0x00000000   Code   RO         4889    .ARM.Collect$$libinit$$00000025  c_w.l(libinit2.o)
    0x0800020c   0x0800020c   0x00000000   Code   RO         4893    .ARM.Collect$$libinit$$0000002C  c_w.l(libinit2.o)
    0x0800020c   0x0800020c   0x00000000   Code   RO         4895    .ARM.Collect$$libinit$$0000002E  c_w.l(libinit2.o)
    0x0800020c   0x0800020c   0x00000000   Code   RO         4897    .ARM.Collect$$libinit$$00000030  c_w.l(libinit2.o)
    0x0800020c   0x0800020c   0x00000000   Code   RO         4899    .ARM.Collect$$libinit$$00000032  c_w.l(libinit2.o)
    0x0800020c   0x0800020c   0x00000002   Code   RO         4900    .ARM.Collect$$libinit$$00000033  c_w.l(libinit2.o)
    0x0800020e   0x0800020e   0x00000002   Code   RO         4931    .ARM.Collect$$libshutdown$$00000000  c_w.l(libshutdown.o)
    0x08000210   0x08000210   0x00000000   Code   RO         4957    .ARM.Collect$$libshutdown$$00000002  c_w.l(libshutdown2.o)
    0x08000210   0x08000210   0x00000000   Code   RO         4959    .ARM.Collect$$libshutdown$$00000004  c_w.l(libshutdown2.o)
    0x08000210   0x08000210   0x00000000   Code   RO         4961    .ARM.Collect$$libshutdown$$00000006  c_w.l(libshutdown2.o)
    0x08000210   0x08000210   0x00000000   Code   RO         4964    .ARM.Collect$$libshutdown$$00000009  c_w.l(libshutdown2.o)
    0x08000210   0x08000210   0x00000000   Code   RO         4967    .ARM.Collect$$libshutdown$$0000000C  c_w.l(libshutdown2.o)
    0x08000210   0x08000210   0x00000000   Code   RO         4969    .ARM.Collect$$libshutdown$$0000000E  c_w.l(libshutdown2.o)
    0x08000210   0x08000210   0x00000000   Code   RO         4972    .ARM.Collect$$libshutdown$$00000011  c_w.l(libshutdown2.o)
    0x08000210   0x08000210   0x00000002   Code   RO         4973    .ARM.Collect$$libshutdown$$00000012  c_w.l(libshutdown2.o)
    0x08000212   0x08000212   0x00000000   Code   RO         4796    .ARM.Collect$$rtentry$$00000000  c_w.l(__rtentry.o)
    0x08000212   0x08000212   0x00000000   Code   RO         4813    .ARM.Collect$$rtentry$$00000002  c_w.l(__rtentry2.o)
    0x08000212   0x08000212   0x00000006   Code   RO         4825    .ARM.Collect$$rtentry$$00000004  c_w.l(__rtentry4.o)
    0x08000218   0x08000218   0x00000000   Code   RO         4815    .ARM.Collect$$rtentry$$00000009  c_w.l(__rtentry2.o)
    0x08000218   0x08000218   0x00000004   Code   RO         4816    .ARM.Collect$$rtentry$$0000000A  c_w.l(__rtentry2.o)
    0x0800021c   0x0800021c   0x00000000   Code   RO         4818    .ARM.Collect$$rtentry$$0000000C  c_w.l(__rtentry2.o)
    0x0800021c   0x0800021c   0x00000008   Code   RO         4819    .ARM.Collect$$rtentry$$0000000D  c_w.l(__rtentry2.o)
    0x08000224   0x08000224   0x00000002   Code   RO         4848    .ARM.Collect$$rtexit$$00000000  c_w.l(rtexit.o)
    0x08000226   0x08000226   0x00000000   Code   RO         4904    .ARM.Collect$$rtexit$$00000002  c_w.l(rtexit2.o)
    0x08000226   0x08000226   0x00000004   Code   RO         4905    .ARM.Collect$$rtexit$$00000003  c_w.l(rtexit2.o)
    0x0800022a   0x0800022a   0x00000006   Code   RO         4906    .ARM.Collect$$rtexit$$00000004  c_w.l(rtexit2.o)
    0x08000230   0x08000230   0x000000be   Code   RO         4673    .emb_text           port.o
    0x080002ee   0x080002ee   0x00000002   PAD
    0x080002f0   0x080002f0   0x00000040   Code   RO            4    .text               startup_stm32f407xx.o
    0x08000330   0x08000330   0x000000ee   Code   RO         4752    .text               c_w.l(lludivv7m.o)
    0x0800041e   0x0800041e   0x00000002   PAD
    0x08000420   0x08000420   0x00000028   Code   RO         4756    .text               c_w.l(noretval__2sprintf.o)
    0x08000448   0x08000448   0x00000068   Code   RO         4758    .text               c_w.l(__printf.o)
    0x080004b0   0x080004b0   0x00000052   Code   RO         4760    .text               c_w.l(_printf_str.o)
    0x08000502   0x08000502   0x0000008a   Code   RO         4784    .text               c_w.l(rt_memcpy_v6.o)
    0x0800058c   0x0800058c   0x00000010   Code   RO         4788    .text               c_w.l(aeabi_memset.o)
    0x0800059c   0x0800059c   0x0000004e   Code   RO         4790    .text               c_w.l(rt_memclr_w.o)
    0x080005ea   0x080005ea   0x00000006   Code   RO         4792    .text               c_w.l(heapauxi.o)
    0x080005f0   0x080005f0   0x00000030   Code   RO         4801    .text               c_w.l(_printf_char_common.o)
    0x08000620   0x08000620   0x0000000a   Code   RO         4803    .text               c_w.l(_sputc.o)
    0x0800062a   0x0800062a   0x0000002c   Code   RO         4805    .text               c_w.l(_printf_char.o)
    0x08000656   0x08000656   0x00000064   Code   RO         4808    .text               c_w.l(rt_memcpy_w.o)
    0x080006ba   0x080006ba   0x00000044   Code   RO         4810    .text               c_w.l(rt_memclr.o)
    0x080006fe   0x080006fe   0x0000004a   Code   RO         4831    .text               c_w.l(sys_stackheap_outer.o)
    0x08000748   0x08000748   0x00000012   Code   RO         4833    .text               c_w.l(exit.o)
    0x0800075a   0x0800075a   0x00000002   PAD
    0x0800075c   0x0800075c   0x00000008   Code   RO         4845    .text               c_w.l(libspace.o)
    0x08000764   0x08000764   0x0000000c   Code   RO         4901    .text               c_w.l(sys_exit.o)
    0x08000770   0x08000770   0x00000002   Code   RO         4920    .text               c_w.l(use_no_semi.o)
    0x08000772   0x08000772   0x00000000   Code   RO         4922    .text               c_w.l(indicate_semi.o)
    0x08000772   0x08000772   0x00000002   Code   RO          350    i.BusFault_Handler  stm32f4xx_it.o
    0x08000774   0x08000774   0x0000000c   Code   RO          351    i.DMA2_Stream2_IRQHandler  stm32f4xx_it.o
    0x08000780   0x08000780   0x0000000c   Code   RO          352    i.DMA2_Stream7_IRQHandler  stm32f4xx_it.o
    0x0800078c   0x0800078c   0x00000028   Code   RO          954    i.DMA_CalcBaseAndBitshift  stm32f4xx_hal_dma.o
    0x080007b4   0x080007b4   0x00000054   Code   RO          955    i.DMA_CheckFifoParam  stm32f4xx_hal_dma.o
    0x08000808   0x08000808   0x00000028   Code   RO          956    i.DMA_SetConfig     stm32f4xx_hal_dma.o
    0x08000830   0x08000830   0x00000002   Code   RO          353    i.DebugMon_Handler  stm32f4xx_it.o
    0x08000832   0x08000832   0x00000004   Code   RO           13    i.Error_Handler     main.o
    0x08000836   0x08000836   0x00000092   Code   RO          957    i.HAL_DMA_Abort     stm32f4xx_hal_dma.o
    0x080008c8   0x080008c8   0x00000024   Code   RO          958    i.HAL_DMA_Abort_IT  stm32f4xx_hal_dma.o
    0x080008ec   0x080008ec   0x000001a0   Code   RO          962    i.HAL_DMA_IRQHandler  stm32f4xx_hal_dma.o
    0x08000a8c   0x08000a8c   0x000000d4   Code   RO          963    i.HAL_DMA_Init      stm32f4xx_hal_dma.o
    0x08000b60   0x08000b60   0x0000006e   Code   RO          967    i.HAL_DMA_Start_IT  stm32f4xx_hal_dma.o
    0x08000bce   0x08000bce   0x00000002   PAD
    0x08000bd0   0x08000bd0   0x00000024   Code   RO         1376    i.HAL_Delay         stm32f4xx_hal.o
    0x08000bf4   0x08000bf4   0x000001f0   Code   RO          850    i.HAL_GPIO_Init     stm32f4xx_hal_gpio.o
    0x08000de4   0x08000de4   0x0000000a   Code   RO          854    i.HAL_GPIO_WritePin  stm32f4xx_hal_gpio.o
    0x08000dee   0x08000dee   0x00000002   PAD
    0x08000df0   0x08000df0   0x0000000c   Code   RO         1382    i.HAL_GetTick       stm32f4xx_hal.o
    0x08000dfc   0x08000dfc   0x00000010   Code   RO         1388    i.HAL_IncTick       stm32f4xx_hal.o
    0x08000e0c   0x08000e0c   0x00000034   Code   RO         1389    i.HAL_Init          stm32f4xx_hal.o
    0x08000e40   0x08000e40   0x00000074   Code   RO          456    i.HAL_InitTick      stm32f4xx_hal_timebase_tim.o
    0x08000eb4   0x08000eb4   0x00000038   Code   RO          432    i.HAL_MspInit       stm32f4xx_hal_msp.o
    0x08000eec   0x08000eec   0x0000001a   Code   RO         1239    i.HAL_NVIC_EnableIRQ  stm32f4xx_hal_cortex.o
    0x08000f06   0x08000f06   0x00000002   PAD
    0x08000f08   0x08000f08   0x00000040   Code   RO         1245    i.HAL_NVIC_SetPriority  stm32f4xx_hal_cortex.o
    0x08000f48   0x08000f48   0x00000024   Code   RO         1246    i.HAL_NVIC_SetPriorityGrouping  stm32f4xx_hal_cortex.o
    0x08000f6c   0x08000f6c   0x00000134   Code   RO          496    i.HAL_RCC_ClockConfig  stm32f4xx_hal_rcc.o
    0x080010a0   0x080010a0   0x00000040   Code   RO          500    i.HAL_RCC_GetClockConfig  stm32f4xx_hal_rcc.o
    0x080010e0   0x080010e0   0x00000020   Code   RO          503    i.HAL_RCC_GetPCLK1Freq  stm32f4xx_hal_rcc.o
    0x08001100   0x08001100   0x00000020   Code   RO          504    i.HAL_RCC_GetPCLK2Freq  stm32f4xx_hal_rcc.o
    0x08001120   0x08001120   0x00000064   Code   RO          505    i.HAL_RCC_GetSysClockFreq  stm32f4xx_hal_rcc.o
    0x08001184   0x08001184   0x0000036c   Code   RO          508    i.HAL_RCC_OscConfig  stm32f4xx_hal_rcc.o
    0x080014f0   0x080014f0   0x00000002   Code   RO         2333    i.HAL_TIMEx_BreakCallback  stm32f4xx_hal_tim_ex.o
    0x080014f2   0x080014f2   0x00000002   Code   RO         2334    i.HAL_TIMEx_CommutCallback  stm32f4xx_hal_tim_ex.o
    0x080014f4   0x080014f4   0x0000005a   Code   RO         1629    i.HAL_TIM_Base_Init  stm32f4xx_hal_tim.o
    0x0800154e   0x0800154e   0x00000002   Code   RO         1631    i.HAL_TIM_Base_MspInit  stm32f4xx_hal_tim.o
    0x08001550   0x08001550   0x00000080   Code   RO         1634    i.HAL_TIM_Base_Start_IT  stm32f4xx_hal_tim.o
    0x080015d0   0x080015d0   0x00000002   Code   RO         1663    i.HAL_TIM_IC_CaptureCallback  stm32f4xx_hal_tim.o
    0x080015d2   0x080015d2   0x00000166   Code   RO         1677    i.HAL_TIM_IRQHandler  stm32f4xx_hal_tim.o
    0x08001738   0x08001738   0x00000002   Code   RO         1680    i.HAL_TIM_OC_DelayElapsedCallback  stm32f4xx_hal_tim.o
    0x0800173a   0x0800173a   0x00000002   Code   RO         1707    i.HAL_TIM_PWM_PulseFinishedCallback  stm32f4xx_hal_tim.o
    0x0800173c   0x0800173c   0x00000014   Code   RO           14    i.HAL_TIM_PeriodElapsedCallback  main.o
    0x08001750   0x08001750   0x00000002   Code   RO         1720    i.HAL_TIM_TriggerCallback  stm32f4xx_hal_tim.o
    0x08001752   0x08001752   0x00000002   Code   RO         2611    i.HAL_UARTEx_RxEventCallback  stm32f4xx_hal_uart.o
    0x08001754   0x08001754   0x00000002   Code   RO         2625    i.HAL_UART_ErrorCallback  stm32f4xx_hal_uart.o
    0x08001756   0x08001756   0x00000002   PAD
    0x08001758   0x08001758   0x00000268   Code   RO         2628    i.HAL_UART_IRQHandler  stm32f4xx_hal_uart.o
    0x080019c0   0x080019c0   0x00000062   Code   RO         2629    i.HAL_UART_Init     stm32f4xx_hal_uart.o
    0x08001a22   0x08001a22   0x00000002   PAD
    0x08001a24   0x08001a24   0x000000e8   Code   RO          309    i.HAL_UART_MspInit  usart.o
    0x08001b0c   0x08001b0c   0x0000002a   Code   RO         2634    i.HAL_UART_Receive_IT  stm32f4xx_hal_uart.o
    0x08001b36   0x08001b36   0x00000002   PAD
    0x08001b38   0x08001b38   0x00000028   Code   RO           15    i.HAL_UART_RxCpltCallback  main.o
    0x08001b60   0x08001b60   0x0000008c   Code   RO         2638    i.HAL_UART_Transmit_DMA  stm32f4xx_hal_uart.o
    0x08001bec   0x08001bec   0x00000002   Code   RO         2640    i.HAL_UART_TxCpltCallback  stm32f4xx_hal_uart.o
    0x08001bee   0x08001bee   0x00000002   Code   RO         2641    i.HAL_UART_TxHalfCpltCallback  stm32f4xx_hal_uart.o
    0x08001bf0   0x08001bf0   0x00000002   Code   RO          354    i.HardFault_Handler  stm32f4xx_it.o
    0x08001bf2   0x08001bf2   0x00000002   PAD
    0x08001bf4   0x08001bf4   0x0000003c   Code   RO          284    i.MX_DMA_Init       dma.o
    0x08001c30   0x08001c30   0x00000030   Code   RO          234    i.MX_FREERTOS_Init  freertos.o
    0x08001c60   0x08001c60   0x0000006c   Code   RO          210    i.MX_GPIO_Init      gpio.o
    0x08001ccc   0x08001ccc   0x00000038   Code   RO          310    i.MX_USART1_UART_Init  usart.o
    0x08001d04   0x08001d04   0x00000002   Code   RO          355    i.MemManage_Handler  stm32f4xx_it.o
    0x08001d06   0x08001d06   0x00000002   Code   RO          356    i.NMI_Handler       stm32f4xx_it.o
    0x08001d08   0x08001d08   0x0000002c   Code   RO          235    i.StartDefaultTask  freertos.o
    0x08001d34   0x08001d34   0x0000001c   Code   RO          236    i.StartTask02       freertos.o
    0x08001d50   0x08001d50   0x0000001a   Code   RO         4105    i.SysTick_Handler   cmsis_os2.o
    0x08001d6a   0x08001d6a   0x00000002   PAD
    0x08001d6c   0x08001d6c   0x00000098   Code   RO           16    i.SystemClock_Config  main.o
    0x08001e04   0x08001e04   0x00000010   Code   RO         2958    i.SystemInit        system_stm32f4xx.o
    0x08001e14   0x08001e14   0x0000000c   Code   RO          357    i.TIM8_TRG_COM_TIM14_IRQHandler  stm32f4xx_it.o
    0x08001e20   0x08001e20   0x000000c8   Code   RO         1722    i.TIM_Base_SetConfig  stm32f4xx_hal_tim.o
    0x08001ee8   0x08001ee8   0x00000010   Code   RO         2642    i.UART_DMAAbortOnError  stm32f4xx_hal_uart.o
    0x08001ef8   0x08001ef8   0x0000004a   Code   RO         2643    i.UART_DMAError     stm32f4xx_hal_uart.o
    0x08001f42   0x08001f42   0x00000042   Code   RO         2648    i.UART_DMATransmitCplt  stm32f4xx_hal_uart.o
    0x08001f84   0x08001f84   0x0000000a   Code   RO         2650    i.UART_DMATxHalfCplt  stm32f4xx_hal_uart.o
    0x08001f8e   0x08001f8e   0x0000004e   Code   RO         2652    i.UART_EndRxTransfer  stm32f4xx_hal_uart.o
    0x08001fdc   0x08001fdc   0x0000001c   Code   RO         2653    i.UART_EndTxTransfer  stm32f4xx_hal_uart.o
    0x08001ff8   0x08001ff8   0x000000c0   Code   RO         2654    i.UART_Receive_IT   stm32f4xx_hal_uart.o
    0x080020b8   0x080020b8   0x0000010c   Code   RO         2655    i.UART_SetConfig    stm32f4xx_hal_uart.o
    0x080021c4   0x080021c4   0x0000003a   Code   RO         2657    i.UART_Start_Receive_IT  stm32f4xx_hal_uart.o
    0x080021fe   0x080021fe   0x00000002   PAD
    0x08002200   0x08002200   0x0000000c   Code   RO          358    i.USART1_IRQHandler  stm32f4xx_it.o
    0x0800220c   0x0800220c   0x00000002   Code   RO          359    i.UsageFault_Handler  stm32f4xx_it.o
    0x0800220e   0x0800220e   0x00000020   Code   RO         1252    i.__NVIC_SetPriority  stm32f4xx_hal_cortex.o
    0x0800222e   0x0800222e   0x00000002   PAD
    0x08002230   0x08002230   0x0000007c   Code   RO           17    i.main              main.o
    0x080022ac   0x080022ac   0x0000001a   Code   RO         4107    i.osDelay           cmsis_os2.o
    0x080022c6   0x080022c6   0x00000002   PAD
    0x080022c8   0x080022c8   0x00000024   Code   RO         4121    i.osKernelInitialize  cmsis_os2.o
    0x080022ec   0x080022ec   0x00000038   Code   RO         4124    i.osKernelStart     cmsis_os2.o
    0x08002324   0x08002324   0x0000008a   Code   RO         4166    i.osThreadNew       cmsis_os2.o
    0x080023ae   0x080023ae   0x00000002   PAD
    0x080023b0   0x080023b0   0x0000005c   Code   RO         3566    i.prvAddCurrentTaskToDelayedList  tasks.o
    0x0800240c   0x0800240c   0x000000d0   Code   RO         3567    i.prvAddNewTaskToReadyList  tasks.o
    0x080024dc   0x080024dc   0x00000058   Code   RO         3931    i.prvCheckForValidListAndQueue  timers.o
    0x08002534   0x08002534   0x00000026   Code   RO         3163    i.prvCopyDataFromQueue  queue.o
    0x0800255a   0x0800255a   0x0000006c   Code   RO         3164    i.prvCopyDataToQueue  queue.o
    0x080025c6   0x080025c6   0x00000034   Code   RO         3568    i.prvDeleteTCB      tasks.o
    0x080025fa   0x080025fa   0x00000002   PAD
    0x080025fc   0x080025fc   0x0000004c   Code   RO         4618    i.prvHeapInit       heap_4.o
    0x08002648   0x08002648   0x00000060   Code   RO         3569    i.prvIdleTask       tasks.o
    0x080026a8   0x080026a8   0x00000022   Code   RO         3166    i.prvInitialiseNewQueue  queue.o
    0x080026ca   0x080026ca   0x00000002   PAD
    0x080026cc   0x080026cc   0x000000b0   Code   RO         3570    i.prvInitialiseNewTask  tasks.o
    0x0800277c   0x0800277c   0x0000004c   Code   RO         4619    i.prvInsertBlockIntoFreeList  heap_4.o
    0x080027c8   0x080027c8   0x00000038   Code   RO         3933    i.prvInsertTimerInActiveList  timers.o
    0x08002800   0x08002800   0x0000001c   Code   RO         3167    i.prvIsQueueEmpty   queue.o
    0x0800281c   0x0800281c   0x000000fc   Code   RO         3934    i.prvProcessReceivedCommands  timers.o
    0x08002918   0x08002918   0x000000c0   Code   RO         3935    i.prvProcessTimerOrBlockTask  timers.o
    0x080029d8   0x080029d8   0x00000020   Code   RO         3572    i.prvResetNextTaskUnblockTime  tasks.o
    0x080029f8   0x080029f8   0x00000028   Code   RO         3936    i.prvSampleTimeNow  timers.o
    0x08002a20   0x08002a20   0x0000006c   Code   RO         3937    i.prvSwitchTimerLists  timers.o
    0x08002a8c   0x08002a8c   0x00000028   Code   RO         4674    i.prvTaskExitError  port.o
    0x08002ab4   0x08002ab4   0x00000024   Code   RO         3938    i.prvTimerTask      timers.o
    0x08002ad8   0x08002ad8   0x0000006a   Code   RO         3168    i.prvUnlockQueue    queue.o
    0x08002b42   0x08002b42   0x00000002   PAD
    0x08002b44   0x08002b44   0x000000dc   Code   RO         4620    i.pvPortMalloc      heap_4.o
    0x08002c20   0x08002c20   0x0000002c   Code   RO         4675    i.pxPortInitialiseStack  port.o
    0x08002c4c   0x08002c4c   0x00000026   Code   RO         3123    i.uxListRemove      list.o
    0x08002c72   0x08002c72   0x00000002   PAD
    0x08002c74   0x08002c74   0x00000014   Code   RO         4178    i.vApplicationGetIdleTaskMemory  cmsis_os2.o
    0x08002c88   0x08002c88   0x00000018   Code   RO         4179    i.vApplicationGetTimerTaskMemory  cmsis_os2.o
    0x08002ca0   0x08002ca0   0x00000016   Code   RO         3124    i.vListInitialise   list.o
    0x08002cb6   0x08002cb6   0x00000006   Code   RO         3125    i.vListInitialiseItem  list.o
    0x08002cbc   0x08002cbc   0x00000030   Code   RO         3126    i.vListInsert       list.o
    0x08002cec   0x08002cec   0x00000018   Code   RO         3127    i.vListInsertEnd    list.o
    0x08002d04   0x08002d04   0x00000040   Code   RO         4677    i.vPortEnterCritical  port.o
    0x08002d44   0x08002d44   0x00000028   Code   RO         4678    i.vPortExitCritical  port.o
    0x08002d6c   0x08002d6c   0x00000064   Code   RO         4621    i.vPortFree         heap_4.o
    0x08002dd0   0x08002dd0   0x00000024   Code   RO         4679    i.vPortSetupTimerInterrupt  port.o
    0x08002df4   0x08002df4   0x00000054   Code   RO         4680    i.vPortValidateInterruptPriority  port.o
    0x08002e48   0x08002e48   0x00000028   Code   RO         3174    i.vQueueAddToRegistry  queue.o
    0x08002e70   0x08002e70   0x00000044   Code   RO         3178    i.vQueueWaitForMessageRestricted  queue.o
    0x08002eb4   0x08002eb4   0x0000004c   Code   RO         3585    i.vTaskDelay        tasks.o
    0x08002f00   0x08002f00   0x00000010   Code   RO         3590    i.vTaskInternalSetTimeOutState  tasks.o
    0x08002f10   0x08002f10   0x0000000c   Code   RO         3591    i.vTaskMissedYield  tasks.o
    0x08002f1c   0x08002f1c   0x00000030   Code   RO         3593    i.vTaskPlaceOnEventList  tasks.o
    0x08002f4c   0x08002f4c   0x00000038   Code   RO         3594    i.vTaskPlaceOnEventListRestricted  tasks.o
    0x08002f84   0x08002f84   0x00000088   Code   RO         3602    i.vTaskStartScheduler  tasks.o
    0x0800300c   0x0800300c   0x00000010   Code   RO         3604    i.vTaskSuspendAll   tasks.o
    0x0800301c   0x0800301c   0x00000064   Code   RO         3605    i.vTaskSwitchContext  tasks.o
    0x08003080   0x08003080   0x000000f4   Code   RO         4681    i.xPortStartScheduler  port.o
    0x08003174   0x08003174   0x0000002c   Code   RO         4682    i.xPortSysTickHandler  port.o
    0x080031a0   0x080031a0   0x00000066   Code   RO         3184    i.xQueueGenericCreateStatic  queue.o
    0x08003206   0x08003206   0x00000002   PAD
    0x08003208   0x08003208   0x00000088   Code   RO         3185    i.xQueueGenericReset  queue.o
    0x08003290   0x08003290   0x00000160   Code   RO         3186    i.xQueueGenericSend  queue.o
    0x080033f0   0x080033f0   0x000000be   Code   RO         3187    i.xQueueGenericSendFromISR  queue.o
    0x080034ae   0x080034ae   0x00000002   PAD
    0x080034b0   0x080034b0   0x00000138   Code   RO         3196    i.xQueueReceive     queue.o
    0x080035e8   0x080035e8   0x00000074   Code   RO         3607    i.xTaskCheckForTimeOut  tasks.o
    0x0800365c   0x0800365c   0x0000005a   Code   RO         3608    i.xTaskCreate       tasks.o
    0x080036b6   0x080036b6   0x00000056   Code   RO         3609    i.xTaskCreateStatic  tasks.o
    0x0800370c   0x0800370c   0x0000001c   Code   RO         3613    i.xTaskGetSchedulerState  tasks.o
    0x08003728   0x08003728   0x0000000c   Code   RO         3614    i.xTaskGetTickCount  tasks.o
    0x08003734   0x08003734   0x000000c8   Code   RO         3616    i.xTaskIncrementTick  tasks.o
    0x080037fc   0x080037fc   0x00000080   Code   RO         3619    i.xTaskPriorityDisinherit  tasks.o
    0x0800387c   0x0800387c   0x00000070   Code   RO         3621    i.xTaskRemoveFromEventList  tasks.o
    0x080038ec   0x080038ec   0x000000c4   Code   RO         3622    i.xTaskResumeAll    tasks.o
    0x080039b0   0x080039b0   0x00000060   Code   RO         3947    i.xTimerCreateTimerTask  timers.o
    0x08003a10   0x08003a10   0x00000068   Code   RO         3948    i.xTimerGenericCommand  timers.o
    0x08003a78   0x08003a78   0x0000000a   Code   RO         4916    x$fpl$fpinit        fz_wm.l(fpinit.o)
    0x08003a82   0x08003a82   0x00000002   PAD
    0x08003a84   0x08003a84   0x00000048   Data   RO          237    .constdata          freertos.o
    0x08003acc   0x08003acc   0x00000008   Data   RO          969    .constdata          stm32f4xx_hal_dma.o
    0x08003ad4   0x08003ad4   0x00000010   Data   RO         2959    .constdata          system_stm32f4xx.o
    0x08003ae4   0x08003ae4   0x00000008   Data   RO         2960    .constdata          system_stm32f4xx.o
    0x08003aec   0x08003aec   0x00000018   Data   RO          238    .conststring        freertos.o
    0x08003b04   0x08003b04   0x00000020   Data   RO         4974    Region$$Table       anon$$obj.o


    Execution Region RW_IRAM1 (Exec base: 0x20000000, Load base: 0x08003b24, Size: 0x00005130, Max: 0x0001c000, ABSOLUTE)

    Exec Addr    Load Addr    Size         Type   Attr      Idx    E Section Name        Object

    0x20000000   0x08003b24   0x0000000a   Data   RW           20    .data               main.o
    0x2000000a   0x08003b2e   0x00000002   PAD
    0x2000000c   0x08003b30   0x00000008   Data   RW          239    .data               freertos.o
    0x20000014   0x08003b38   0x0000000c   Data   RW         1396    .data               stm32f4xx_hal.o
    0x20000020   0x08003b44   0x00000004   Data   RW         2961    .data               system_stm32f4xx.o
    0x20000024   0x08003b48   0x0000003c   Data   RW         3625    .data               tasks.o
    0x20000060   0x08003b84   0x00000014   Data   RW         3956    .data               timers.o
    0x20000074   0x08003b98   0x00000004   Data   RW         4181    .data               cmsis_os2.o
    0x20000078   0x08003b9c   0x00000020   Data   RW         4627    .data               heap_4.o
    0x20000098   0x08003bbc   0x0000000c   Data   RW         4683    .data               port.o
    0x200000a4        -       0x0000000a   Zero   RW           18    .bss                main.o
    0x200000ae   0x08003bc8   0x00000002   PAD
    0x200000b0        -       0x00000104   Zero   RW          311    .bss                usart.o
    0x200001b4        -       0x00000048   Zero   RW          459    .bss                stm32f4xx_hal_timebase_tim.o
    0x200001fc        -       0x00000040   Zero   RW         3200    .bss                queue.o
    0x2000023c        -       0x000004c4   Zero   RW         3624    .bss                tasks.o
    0x20000700        -       0x00000118   Zero   RW         3955    .bss                timers.o
    0x20000818        -       0x000006b8   Zero   RW         4180    .bss                cmsis_os2.o
    0x20000ed0        -       0x00003c00   Zero   RW         4626    .bss                heap_4.o
    0x20004ad0        -       0x00000060   Zero   RW         4846    .bss                c_w.l(libspace.o)
    0x20004b30        -       0x00000200   Zero   RW            2    HEAP                startup_stm32f407xx.o
    0x20004d30        -       0x00000400   Zero   RW            1    STACK               startup_stm32f407xx.o


    Execution Region RW_IRAM2 (Exec base: 0x2001c000, Load base: 0x08003bc8, Size: 0x00000000, Max: 0x00004000, ABSOLUTE)

    **** No section assigned to this execution region ****


==============================================================================

Image component sizes


      Code (inc. data)   RO Data    RW Data    ZI Data      Debug   Object Name

       326         22          0          4       1720      65179   cmsis_os2.o
        60          4          0          0          0        798   dma.o
         0          0          0          0          0      19488   event_groups.o
       120         30         96          8          0       2436   freertos.o
       108         10          0          0          0        931   gpio.o
       472         24          0         32      15360       4915   heap_4.o
       138          0          0          0          0       3594   list.o
       340         52          0         10         10     704568   main.o
       786         82          0         12          0      11605   port.o
      1514         20          0          0         64      17524   queue.o
        64         26        392          0       1536        852   startup_stm32f407xx.o
       116         18          0         12          0       8774   stm32f4xx_hal.o
       158         14          0          0          0      33198   stm32f4xx_hal_cortex.o
      1084         16          8          0          0       7418   stm32f4xx_hal_dma.o
       506         46          0          0          0       2216   stm32f4xx_hal_gpio.o
        56          4          0          0          0        882   stm32f4xx_hal_msp.o
      1412         86          0          0          0       5953   stm32f4xx_hal_rcc.o
       786         72          0          0          0       7428   stm32f4xx_hal_tim.o
         4          0          0          0          0       1621   stm32f4xx_hal_tim_ex.o
       116         16          0          0         72       1448   stm32f4xx_hal_timebase_tim.o
      1694         30          0          0          0      13282   stm32f4xx_hal_uart.o
        60         24          0          0          0       4785   stm32f4xx_it.o
         0          0          0          0          0        392   stream_buffer.o
        16          4         24          4          0       1151   system_stm32f4xx.o
      2084        168          0         60       1220      27108   tasks.o
       972         80          0         20        280      32251   timers.o
       288         30          0          0        260       1928   usart.o

    ----------------------------------------------------------------------
     13318        878        552        164      20524     981725   Object Totals
         0          0         32          0          0          0   (incl. Generated)
        38          0          0          2          2          0   (incl. Padding)

    ----------------------------------------------------------------------

      Code (inc. data)   RO Data    RW Data    ZI Data      Debug   Library Member Name

         8          0          0          0          0         68   __main.o
       104          0          0          0          0         84   __printf.o
         0          0          0          0          0          0   __rtentry.o
        12          0          0          0          0          0   __rtentry2.o
         6          0          0          0          0          0   __rtentry4.o
        52          8          0          0          0          0   __scatter.o
        26          0          0          0          0          0   __scatter_copy.o
        28          0          0          0          0          0   __scatter_zi.o
        44          0          0          0          0        108   _printf_char.o
        48          6          0          0          0         96   _printf_char_common.o
         0          0          0          0          0          0   _printf_percent.o
         4          0          0          0          0          0   _printf_percent_end.o
         6          0          0          0          0          0   _printf_s.o
        82          0          0          0          0         80   _printf_str.o
        10          0          0          0          0         68   _sputc.o
        16          0          0          0          0         68   aeabi_memset.o
        18          0          0          0          0         80   exit.o
         6          0          0          0          0        152   heapauxi.o
         0          0          0          0          0          0   indicate_semi.o
         2          0          0          0          0          0   libinit.o
         6          0          0          0          0          0   libinit2.o
         2          0          0          0          0          0   libshutdown.o
         2          0          0          0          0          0   libshutdown2.o
         8          4          0          0         96         68   libspace.o
       238          0          0          0          0        100   lludivv7m.o
        40          6          0          0          0         84   noretval__2sprintf.o
        68          0          0          0          0         68   rt_memclr.o
        78          0          0          0          0         80   rt_memclr_w.o
       138          0          0          0          0         68   rt_memcpy_v6.o
       100          0          0          0          0         80   rt_memcpy_w.o
         2          0          0          0          0          0   rtexit.o
        10          0          0          0          0          0   rtexit2.o
        12          4          0          0          0         68   sys_exit.o
        74          0          0          0          0         80   sys_stackheap_outer.o
         2          0          0          0          0         68   use_no_semi.o
        10          0          0          0          0        116   fpinit.o

    ----------------------------------------------------------------------
      1270         28          0          0         96       1684   Library Totals
         8          0          0          0          0          0   (incl. Padding)

    ----------------------------------------------------------------------

      Code (inc. data)   RO Data    RW Data    ZI Data      Debug   Library Name

      1252         28          0          0         96       1568   c_w.l
        10          0          0          0          0        116   fz_wm.l

    ----------------------------------------------------------------------
      1270         28          0          0         96       1684   Library Totals

    ----------------------------------------------------------------------

==============================================================================


      Code (inc. data)   RO Data    RW Data    ZI Data      Debug   

     14588        906        552        164      20620     968729   Grand Totals
     14588        906        552        164      20620     968729   ELF Image Totals
     14588        906        552        164          0          0   ROM Totals

==============================================================================

    Total RO  Size (Code + RO Data)                15140 (  14.79kB)
    Total RW  Size (RW Data + ZI Data)             20784 (  20.30kB)
    Total ROM Size (Code + RO Data + RW Data)      15304 (  14.95kB)

==============================================================================

